--------- beginning of main
04-08 01:37:35.129   699   846 I HalDevMgr: bestIfaceCreationProposal is null, requestIface=STA, existingIface=[name=wlan0 type=STA]
04-08 01:37:38.134   699   846 I HalDevMgr: bestIfaceCreationProposal is null, requestIface=STA, existingIface=[name=wlan0 type=STA]
04-08 01:37:40.695 29677 29679 I artd    : GetBestInfo: odex next to the dex file (/data/app/~~F3q5ugTl_KCdN7ONdfQidQ==/com.google.android.gms-aHS62ia2p6IgZXYguhKChQ==/oat/x86_64/base.odex) is kOatUpToDate with filter 'speed-profile' executable 'false'
04-08 01:37:40.696 29677 29679 I artd    : GetBestInfo: dm (/data/app/~~F3q5ugTl_KCdN7ONdfQidQ==/com.google.android.gms-aHS62ia2p6IgZXYguhKChQ==/split_AdsDynamite_installtime.dm) is kOatUpToDate with filter 'verify' executable 'false'
04-08 01:37:40.697 29677 29679 I artd    : GetBestInfo: dm (/data/app/~~F3q5ugTl_KCdN7ONdfQidQ==/com.google.android.gms-aHS62ia2p6IgZXYguhKChQ==/split_CronetDynamite_installtime.dm) is kOatUpToDate with filter 'verify' executable 'false'
04-08 01:37:40.699 29677 29679 I artd    : GetBestInfo: dm (/data/app/~~F3q5ugTl_KCdN7ONdfQidQ==/com.google.android.gms-aHS62ia2p6IgZXYguhKChQ==/split_DynamiteLoader_installtime.dm) is kOatUpToDate with filter 'verify' executable 'false'
04-08 01:37:40.699 29677 29679 I artd    : GetBestInfo: dm (/data/app/~~F3q5ugTl_KCdN7ONdfQidQ==/com.google.android.gms-aHS62ia2p6IgZXYguhKChQ==/split_DynamiteModulesA_installtime.dm) is kOatUpToDate with filter 'verify' executable 'false'
04-08 01:37:40.700 29677 29679 I artd    : GetBestInfo: dm (/data/app/~~F3q5ugTl_KCdN7ONdfQidQ==/com.google.android.gms-aHS62ia2p6IgZXYguhKChQ==/split_DynamiteModulesC_installtime.dm) is kOatUpToDate with filter 'verify' executable 'false'
04-08 01:37:40.701 29677 29813 I artd    : GetBestInfo: dm (/data/app/~~F3q5ugTl_KCdN7ONdfQidQ==/com.google.android.gms-aHS62ia2p6IgZXYguhKChQ==/split_GoogleCertificates_installtime.dm) is kOatUpToDate with filter 'verify' executable 'false'
04-08 01:37:40.701 29677 29679 I artd    : GetBestInfo: dm (/data/app/~~F3q5ugTl_KCdN7ONdfQidQ==/com.google.android.gms-aHS62ia2p6IgZXYguhKChQ==/split_MapsDynamite_installtime.dm) is kOatUpToDate with filter 'verify' executable 'false'
04-08 01:37:40.702 29677 29813 I artd    : GetBestInfo: dm (/data/app/~~F3q5ugTl_KCdN7ONdfQidQ==/com.google.android.gms-aHS62ia2p6IgZXYguhKChQ==/split_MeasurementDynamite_installtime.dm) is kOatUpToDate with filter 'verify' executable 'false'
04-08 01:37:40.703 29677 29813 I artd    : GetBestInfo: /data/user_de/0/com.google.android.gms/app_chimera/m/00000008/dl-TfliteDynamiteDynamite.integ_243930802100800.apk has no usable artifacts
04-08 01:37:40.704 29677 29813 I artd    : GetBestInfo: /data/user_de/0/com.google.android.gms/app_chimera/m/0000000c/dl-MlkitBarcodeUi.optional_260235100800.apk has no usable artifacts
04-08 01:37:40.705 29677 29813 I artd    : GetBestInfo: /data/user_de/0/com.google.android.gms/app_chimera/m/00000001/CronetDynamite.apk has no usable artifacts
04-08 01:37:40.705 29677 29813 I artd    : GetBestInfo: /data/user_de/0/com.google.android.gms/app_chimera/m/0000000b/dl-TfliteDynamiteDynamite.integ_252130102100800.apk has no usable artifacts
04-08 01:37:40.706 29677 29813 I artd    : GetBestInfo: /data/user_de/0/com.google.android.gms/app_chimera/m/00000002/DynamiteLoader.apk has no usable artifacts
04-08 01:37:40.707 29677 29813 I artd    : GetBestInfo: /data/user_de/0/com.google.android.gms/app_chimera/m/0000000e/dl-MlkitOcrCommon.optional_260235100800.apk has no usable artifacts
04-08 01:37:40.707 29677 29813 I artd    : GetBestInfo: /data/user_de/0/com.google.android.gms/app_chimera/m/00000005/GoogleCertificates.apk has no usable artifacts
04-08 01:37:40.708 29677 29813 I artd    : GetBestInfo: /data/user_de/0/com.google.android.gms/app_chimera/m/00000015/dl-Appsearch.optional_261133100800.apk has no usable artifacts
04-08 01:37:40.709 29677 29813 I artd    : GetBestInfo: /data/user_de/0/com.google.android.gms/app_chimera/m/00000010/dl-PlayCloudSearch.optional_260235100000.apk has no usable artifacts
04-08 01:37:40.710 29677 29813 I artd    : GetBestInfo: /data/user_de/0/com.google.android.gms/app_chimera/m/00000009/dl-VisionOcr.optional_260235100000.apk has no usable artifacts
04-08 01:37:40.711 29677 29813 I artd    : GetBestInfo: vdex next to the dex file (/data/user/0/com.google.android.gms/app_dg_cache/BB2AE5A47BB198AF36C19CFD2B6407061A1BAF30/oat/x86_64/the.vdex) is kOatUpToDate with filter 'verify' executable 'false'
04-08 01:37:40.712 29677 29813 I artd    : GetBestInfo: /data/user_de/0/com.google.android.gms/app_chimera/m/0000000a/dl-Appsearch.optional_260235100800.apk has no usable artifacts
04-08 01:37:40.713 29677 29813 I artd    : GetBestInfo: /data/user_de/0/com.google.android.gms/app_chimera/m/00000016/dl-MlkitBarcodeUi.optional_261133100800.apk has no usable artifacts
04-08 01:37:40.714 29677 29813 I artd    : GetBestInfo: /data/user_de/0/com.google.android.gms/app_chimera/m/00000011/dl-VisionOcr.optional_261133100000.apk has no usable artifacts
04-08 01:37:40.714 29677 29813 I artd    : GetBestInfo: /data/user_de/0/com.google.android.gms/app_chimera/m/00000013/dl-PlayCloudSearch.optional_261133100000.apk has no usable artifacts
04-08 01:37:40.715 29677 29813 I artd    : GetBestInfo: /data/user_de/0/com.google.android.gms/app_chimera/m/00000007/MeasurementDynamite.apk has no usable artifacts
04-08 01:37:40.716 29677 29813 I artd    : GetBestInfo: /data/user_de/0/com.google.android.gms/app_chimera/m/00000012/dl-MlkitOcrCommon.optional_261133100800.apk has no usable artifacts
04-08 01:37:41.139   699   846 I HalDevMgr: bestIfaceCreationProposal is null, requestIface=STA, existingIface=[name=wlan0 type=STA]
04-08 01:37:43.445  1065  1210 D SatelliteController: isInCarrierRoamingNbIotNtn: satellite is disabled
04-08 01:37:43.446  1065  1210 D SatelliteController: getCarrierRoamingNtnConnectType: Checking connect type from PLMN config for subId: 1
04-08 01:37:43.446  1065  1210 D SatelliteController: getSatellitePerPlmnConfiguration: invalid subId or not supported via carrier.
04-08 01:37:43.446  1065  1210 D SatelliteController: getCarrierRoamingNtnConnectType: config: null
04-08 01:37:43.446  1065  1210 D SatelliteController: getCarrierRoamingNtnConnectType: Falling back to global carrier config connect type: 0
04-08 01:37:43.446  1065  1210 D SatelliteController: updateLastNotifiedCarrierRoamingNtnSignalStrengthAndNotify(1)
04-08 01:37:43.446  1065  1210 D SatelliteController: updateLastNotifiedCarrierRoamingNtnSignalStrengthAndNotify(1) lastNotifiedSignalStrength level: 0
04-08 01:37:43.446  1065  1210 D SatelliteController: updateLastNotifiedCarrierRoamingNtnSignalStrengthAndNotify(1) currSignalStrength level: 0
04-08 01:37:44.140   699   846 I HalDevMgr: bestIfaceCreationProposal is null, requestIface=STA, existingIface=[name=wlan0 type=STA]
04-08 01:37:47.144   699   846 I HalDevMgr: bestIfaceCreationProposal is null, requestIface=STA, existingIface=[name=wlan0 type=STA]
04-08 01:37:50.149   699   846 I HalDevMgr: bestIfaceCreationProposal is null, requestIface=STA, existingIface=[name=wlan0 type=STA]
04-08 01:37:50.713 29677 29679 I artd    : GetBestInfo: odex next to the dex file (/data/app/~~F3q5ugTl_KCdN7ONdfQidQ==/com.google.android.gms-aHS62ia2p6IgZXYguhKChQ==/oat/x86_64/base.odex) is kOatUpToDate with filter 'speed-profile' executable 'false'
04-08 01:37:50.714 29677 29679 I artd    : GetBestInfo: dm (/data/app/~~F3q5ugTl_KCdN7ONdfQidQ==/com.google.android.gms-aHS62ia2p6IgZXYguhKChQ==/split_AdsDynamite_installtime.dm) is kOatUpToDate with filter 'verify' executable 'false'
04-08 01:37:50.715 29677 29679 I artd    : GetBestInfo: dm (/data/app/~~F3q5ugTl_KCdN7ONdfQidQ==/com.google.android.gms-aHS62ia2p6IgZXYguhKChQ==/split_CronetDynamite_installtime.dm) is kOatUpToDate with filter 'verify' executable 'false'
04-08 01:37:50.716 29677 29679 I artd    : GetBestInfo: dm (/data/app/~~F3q5ugTl_KCdN7ONdfQidQ==/com.google.android.gms-aHS62ia2p6IgZXYguhKChQ==/split_DynamiteLoader_installtime.dm) is kOatUpToDate with filter 'verify' executable 'false'
04-08 01:37:50.717 29677 29679 I artd    : GetBestInfo: dm (/data/app/~~F3q5ugTl_KCdN7ONdfQidQ==/com.google.android.gms-aHS62ia2p6IgZXYguhKChQ==/split_DynamiteModulesA_installtime.dm) is kOatUpToDate with filter 'verify' executable 'false'
04-08 01:37:50.718 29677 29679 I artd    : GetBestInfo: dm (/data/app/~~F3q5ugTl_KCdN7ONdfQidQ==/com.google.android.gms-aHS62ia2p6IgZXYguhKChQ==/split_DynamiteModulesC_installtime.dm) is kOatUpToDate with filter 'verify' executable 'false'
04-08 01:37:50.719 29677 29679 I artd    : GetBestInfo: dm (/data/app/~~F3q5ugTl_KCdN7ONdfQidQ==/com.google.android.gms-aHS62ia2p6IgZXYguhKChQ==/split_GoogleCertificates_installtime.dm) is kOatUpToDate with filter 'verify' executable 'false'
04-08 01:37:50.719 29677 29679 I artd    : GetBestInfo: dm (/data/app/~~F3q5ugTl_KCdN7ONdfQidQ==/com.google.android.gms-aHS62ia2p6IgZXYguhKChQ==/split_MapsDynamite_installtime.dm) is kOatUpToDate with filter 'verify' executable 'false'
04-08 01:37:50.720 29677 29679 I artd    : GetBestInfo: dm (/data/app/~~F3q5ugTl_KCdN7ONdfQidQ==/com.google.android.gms-aHS62ia2p6IgZXYguhKChQ==/split_MeasurementDynamite_installtime.dm) is kOatUpToDate with filter 'verify' executable 'false'
04-08 01:37:50.722 29677 29679 I artd    : GetBestInfo: /data/user_de/0/com.google.android.gms/app_chimera/m/00000008/dl-TfliteDynamiteDynamite.integ_243930802100800.apk has no usable artifacts
04-08 01:37:50.723 29677 29679 I artd    : GetBestInfo: /data/user_de/0/com.google.android.gms/app_chimera/m/0000000c/dl-MlkitBarcodeUi.optional_260235100800.apk has no usable artifacts
04-08 01:37:50.723 29677 29679 I artd    : GetBestInfo: /data/user_de/0/com.google.android.gms/app_chimera/m/00000001/CronetDynamite.apk has no usable artifacts
04-08 01:37:50.724 29677 29679 I artd    : GetBestInfo: /data/user_de/0/com.google.android.gms/app_chimera/m/0000000b/dl-TfliteDynamiteDynamite.integ_252130102100800.apk has no usable artifacts
04-08 01:37:50.724 29677 29679 I artd    : GetBestInfo: /data/user_de/0/com.google.android.gms/app_chimera/m/00000002/DynamiteLoader.apk has no usable artifacts
04-08 01:37:50.725 29677 29679 I artd    : GetBestInfo: /data/user_de/0/com.google.android.gms/app_chimera/m/0000000e/dl-MlkitOcrCommon.optional_260235100800.apk has no usable artifacts
04-08 01:37:50.725 29677 29679 I artd    : GetBestInfo: /data/user_de/0/com.google.android.gms/app_chimera/m/00000005/GoogleCertificates.apk has no usable artifacts
04-08 01:37:50.726 29677 29679 I artd    : GetBestInfo: /data/user_de/0/com.google.android.gms/app_chimera/m/00000015/dl-Appsearch.optional_261133100800.apk has no usable artifacts
04-08 01:37:50.727 29677 29679 I artd    : GetBestInfo: /data/user_de/0/com.google.android.gms/app_chimera/m/00000010/dl-PlayCloudSearch.optional_260235100000.apk has no usable artifacts
04-08 01:37:50.728 29677 29679 I artd    : GetBestInfo: /data/user_de/0/com.google.android.gms/app_chimera/m/00000009/dl-VisionOcr.optional_260235100000.apk has no usable artifacts
04-08 01:37:50.729 29677 29679 I artd    : GetBestInfo: vdex next to the dex file (/data/user/0/com.google.android.gms/app_dg_cache/BB2AE5A47BB198AF36C19CFD2B6407061A1BAF30/oat/x86_64/the.vdex) is kOatUpToDate with filter 'verify' executable 'false'
04-08 01:37:50.730 29677 29679 I artd    : GetBestInfo: /data/user_de/0/com.google.android.gms/app_chimera/m/0000000a/dl-Appsearch.optional_260235100800.apk has no usable artifacts
04-08 01:37:50.731 29677 29679 I artd    : GetBestInfo: /data/user_de/0/com.google.android.gms/app_chimera/m/00000016/dl-MlkitBarcodeUi.optional_261133100800.apk has no usable artifacts
04-08 01:37:50.732 29677 29679 I artd    : GetBestInfo: /data/user_de/0/com.google.android.gms/app_chimera/m/00000011/dl-VisionOcr.optional_261133100000.apk has no usable artifacts
04-08 01:37:50.733 29677 29679 I artd    : GetBestInfo: /data/user_de/0/com.google.android.gms/app_chimera/m/00000013/dl-PlayCloudSearch.optional_261133100000.apk has no usable artifacts
04-08 01:37:50.733 29677 29679 I artd    : GetBestInfo: /data/user_de/0/com.google.android.gms/app_chimera/m/00000007/MeasurementDynamite.apk has no usable artifacts
04-08 01:37:50.734 29677 29679 I artd    : GetBestInfo: /data/user_de/0/com.google.android.gms/app_chimera/m/00000012/dl-MlkitOcrCommon.optional_261133100800.apk has no usable artifacts
04-08 01:37:53.155   699   846 I HalDevMgr: bestIfaceCreationProposal is null, requestIface=STA, existingIface=[name=wlan0 type=STA]
04-08 01:37:53.444  1065  1210 D SatelliteController: isInCarrierRoamingNbIotNtn: satellite is disabled
04-08 01:37:53.444  1065  1210 D SatelliteController: getCarrierRoamingNtnConnectType: Checking connect type from PLMN config for subId: 1
04-08 01:37:53.445  1065  1210 D SatelliteController: getSatellitePerPlmnConfiguration: invalid subId or not supported via carrier.
04-08 01:37:53.445  1065  1210 D SatelliteController: getCarrierRoamingNtnConnectType: config: null
04-08 01:37:53.445  1065  1210 D SatelliteController: getCarrierRoamingNtnConnectType: Falling back to global carrier config connect type: 0
04-08 01:37:53.445  1065  1210 D SatelliteController: updateLastNotifiedCarrierRoamingNtnSignalStrengthAndNotify(1)
04-08 01:37:53.445  1065  1210 D SatelliteController: updateLastNotifiedCarrierRoamingNtnSignalStrengthAndNotify(1) lastNotifiedSignalStrength level: 0
04-08 01:37:53.445  1065  1210 D SatelliteController: updateLastNotifiedCarrierRoamingNtnSignalStrengthAndNotify(1) currSignalStrength level: 0
04-08 01:37:56.160   699   846 I HalDevMgr: bestIfaceCreationProposal is null, requestIface=STA, existingIface=[name=wlan0 type=STA]
--------- beginning of system
04-08 01:37:57.202   699   737 I BluetoothPowerStatsCollector: Bluetooth is off, skipping activity info request.
04-08 01:37:59.164   699   846 I HalDevMgr: bestIfaceCreationProposal is null, requestIface=STA, existingIface=[name=wlan0 type=STA]
04-08 01:38:00.036   512   614 W skia    : AGTM parsing failed flags.readFromStream(s) at 159
04-08 01:38:00.700 29677 29679 I artd    : GetBestInfo: odex next to the dex file (/data/app/~~F3q5ugTl_KCdN7ONdfQidQ==/com.google.android.gms-aHS62ia2p6IgZXYguhKChQ==/oat/x86_64/base.odex) is kOatUpToDate with filter 'speed-profile' executable 'false'
04-08 01:38:00.701 29677 29679 I artd    : GetBestInfo: dm (/data/app/~~F3q5ugTl_KCdN7ONdfQidQ==/com.google.android.gms-aHS62ia2p6IgZXYguhKChQ==/split_AdsDynamite_installtime.dm) is kOatUpToDate with filter 'verify' executable 'false'
04-08 01:38:00.702 29677 29679 I artd    : GetBestInfo: dm (/data/app/~~F3q5ugTl_KCdN7ONdfQidQ==/com.google.android.gms-aHS62ia2p6IgZXYguhKChQ==/split_CronetDynamite_installtime.dm) is kOatUpToDate with filter 'verify' executable 'false'
04-08 01:38:00.702 29677 29679 I artd    : GetBestInfo: dm (/data/app/~~F3q5ugTl_KCdN7ONdfQidQ==/com.google.android.gms-aHS62ia2p6IgZXYguhKChQ==/split_DynamiteLoader_installtime.dm) is kOatUpToDate with filter 'verify' executable 'false'
04-08 01:38:00.703 29677 29679 I artd    : GetBestInfo: dm (/data/app/~~F3q5ugTl_KCdN7ONdfQidQ==/com.google.android.gms-aHS62ia2p6IgZXYguhKChQ==/split_DynamiteModulesA_installtime.dm) is kOatUpToDate with filter 'verify' executable 'false'
04-08 01:38:00.705 29677 29679 I artd    : GetBestInfo: dm (/data/app/~~F3q5ugTl_KCdN7ONdfQidQ==/com.google.android.gms-aHS62ia2p6IgZXYguhKChQ==/split_DynamiteModulesC_installtime.dm) is kOatUpToDate with filter 'verify' executable 'false'
04-08 01:38:00.706 29677 29679 I artd    : GetBestInfo: dm (/data/app/~~F3q5ugTl_KCdN7ONdfQidQ==/com.google.android.gms-aHS62ia2p6IgZXYguhKChQ==/split_GoogleCertificates_installtime.dm) is kOatUpToDate with filter 'verify' executable 'false'
04-08 01:38:00.707 29677 29679 I artd    : GetBestInfo: dm (/data/app/~~F3q5ugTl_KCdN7ONdfQidQ==/com.google.android.gms-aHS62ia2p6IgZXYguhKChQ==/split_MapsDynamite_installtime.dm) is kOatUpToDate with filter 'verify' executable 'false'
04-08 01:38:00.707 29677 29679 I artd    : GetBestInfo: dm (/data/app/~~F3q5ugTl_KCdN7ONdfQidQ==/com.google.android.gms-aHS62ia2p6IgZXYguhKChQ==/split_MeasurementDynamite_installtime.dm) is kOatUpToDate with filter 'verify' executable 'false'
04-08 01:38:00.708 29677 29679 I artd    : GetBestInfo: /data/user_de/0/com.google.android.gms/app_chimera/m/00000008/dl-TfliteDynamiteDynamite.integ_243930802100800.apk has no usable artifacts
04-08 01:38:00.709 29677 29679 I artd    : GetBestInfo: /data/user_de/0/com.google.android.gms/app_chimera/m/0000000c/dl-MlkitBarcodeUi.optional_260235100800.apk has no usable artifacts
04-08 01:38:00.710 29677 29679 I artd    : GetBestInfo: /data/user_de/0/com.google.android.gms/app_chimera/m/00000001/CronetDynamite.apk has no usable artifacts
04-08 01:38:00.710 29677 29679 I artd    : GetBestInfo: /data/user_de/0/com.google.android.gms/app_chimera/m/0000000b/dl-TfliteDynamiteDynamite.integ_252130102100800.apk has no usable artifacts
04-08 01:38:00.711 29677 29679 I artd    : GetBestInfo: /data/user_de/0/com.google.android.gms/app_chimera/m/00000002/DynamiteLoader.apk has no usable artifacts
04-08 01:38:00.712 29677 29679 I artd    : GetBestInfo: /data/user_de/0/com.google.android.gms/app_chimera/m/0000000e/dl-MlkitOcrCommon.optional_260235100800.apk has no usable artifacts
04-08 01:38:00.712 29677 29679 I artd    : GetBestInfo: /data/user_de/0/com.google.android.gms/app_chimera/m/00000005/GoogleCertificates.apk has no usable artifacts
04-08 01:38:00.713 29677 29679 I artd    : GetBestInfo: /data/user_de/0/com.google.android.gms/app_chimera/m/00000015/dl-Appsearch.optional_261133100800.apk has no usable artifacts
04-08 01:38:00.714 29677 29679 I artd    : GetBestInfo: /data/user_de/0/com.google.android.gms/app_chimera/m/00000010/dl-PlayCloudSearch.optional_260235100000.apk has no usable artifacts
04-08 01:38:00.715 29677 29679 I artd    : GetBestInfo: /data/user_de/0/com.google.android.gms/app_chimera/m/00000009/dl-VisionOcr.optional_260235100000.apk has no usable artifacts
04-08 01:38:00.715 29677 29679 I artd    : GetBestInfo: vdex next to the dex file (/data/user/0/com.google.android.gms/app_dg_cache/BB2AE5A47BB198AF36C19CFD2B6407061A1BAF30/oat/x86_64/the.vdex) is kOatUpToDate with filter 'verify' executable 'false'
04-08 01:38:00.716 29677 29679 I artd    : GetBestInfo: /data/user_de/0/com.google.android.gms/app_chimera/m/0000000a/dl-Appsearch.optional_260235100800.apk has no usable artifacts
04-08 01:38:00.717 29677 29679 I artd    : GetBestInfo: /data/user_de/0/com.google.android.gms/app_chimera/m/00000016/dl-MlkitBarcodeUi.optional_261133100800.apk has no usable artifacts
04-08 01:38:00.718 29677 29679 I artd    : GetBestInfo: /data/user_de/0/com.google.android.gms/app_chimera/m/00000011/dl-VisionOcr.optional_261133100000.apk has no usable artifacts
04-08 01:38:00.718 29677 29679 I artd    : GetBestInfo: /data/user_de/0/com.google.android.gms/app_chimera/m/00000013/dl-PlayCloudSearch.optional_261133100000.apk has no usable artifacts
04-08 01:38:00.719 29677 29679 I artd    : GetBestInfo: /data/user_de/0/com.google.android.gms/app_chimera/m/00000007/MeasurementDynamite.apk has no usable artifacts
04-08 01:38:00.720 29677 29679 I artd    : GetBestInfo: /data/user_de/0/com.google.android.gms/app_chimera/m/00000012/dl-MlkitOcrCommon.optional_261133100800.apk has no usable artifacts
04-08 01:38:02.167   699   846 I HalDevMgr: bestIfaceCreationProposal is null, requestIface=STA, existingIface=[name=wlan0 type=STA]
04-08 01:38:03.444  1065  1210 D SatelliteController: isInCarrierRoamingNbIotNtn: satellite is disabled
04-08 01:38:03.444  1065  1210 D SatelliteController: getCarrierRoamingNtnConnectType: Checking connect type from PLMN config for subId: 1
04-08 01:38:03.445  1065  1210 D SatelliteController: getSatellitePerPlmnConfiguration: invalid subId or not supported via carrier.
04-08 01:38:03.445  1065  1210 D SatelliteController: getCarrierRoamingNtnConnectType: config: null
04-08 01:38:03.445  1065  1210 D SatelliteController: getCarrierRoamingNtnConnectType: Falling back to global carrier config connect type: 0
04-08 01:38:03.445  1065  1210 D SatelliteController: updateLastNotifiedCarrierRoamingNtnSignalStrengthAndNotify(1)
04-08 01:38:03.445  1065  1210 D SatelliteController: updateLastNotifiedCarrierRoamingNtnSignalStrengthAndNotify(1) lastNotifiedSignalStrength level: 0
04-08 01:38:03.445  1065  1210 D SatelliteController: updateLastNotifiedCarrierRoamingNtnSignalStrengthAndNotify(1) currSignalStrength level: 0
04-08 01:38:05.173   699   846 I HalDevMgr: bestIfaceCreationProposal is null, requestIface=STA, existingIface=[name=wlan0 type=STA]
04-08 01:38:08.177   699   846 I HalDevMgr: bestIfaceCreationProposal is null, requestIface=STA, existingIface=[name=wlan0 type=STA]
04-08 01:38:10.714 29677 29679 I artd    : GetBestInfo: odex next to the dex file (/data/app/~~F3q5ugTl_KCdN7ONdfQidQ==/com.google.android.gms-aHS62ia2p6IgZXYguhKChQ==/oat/x86_64/base.odex) is kOatUpToDate with filter 'speed-profile' executable 'false'
04-08 01:38:10.730   699   708 I system_server: Background young concurrent mark compact GC freed 22MB AllocSpace bytes, 5(160KB) LOS objects, 38% free, 36MB/59MB, paused 280us,13.730ms total 20.129ms
04-08 01:38:10.729 29677 29679 I artd    : GetBestInfo: dm (/data/app/~~F3q5ugTl_KCdN7ONdfQidQ==/com.google.android.gms-aHS62ia2p6IgZXYguhKChQ==/split_AdsDynamite_installtime.dm) is kOatUpToDate with filter 'verify' executable 'false'
04-08 01:38:10.731 29677 29679 I artd    : GetBestInfo: dm (/data/app/~~F3q5ugTl_KCdN7ONdfQidQ==/com.google.android.gms-aHS62ia2p6IgZXYguhKChQ==/split_CronetDynamite_installtime.dm) is kOatUpToDate with filter 'verify' executable 'false'
04-08 01:38:10.732 29677 29679 I artd    : GetBestInfo: dm (/data/app/~~F3q5ugTl_KCdN7ONdfQidQ==/com.google.android.gms-aHS62ia2p6IgZXYguhKChQ==/split_DynamiteLoader_installtime.dm) is kOatUpToDate with filter 'verify' executable 'false'
04-08 01:38:10.733 29677 29679 I artd    : GetBestInfo: dm (/data/app/~~F3q5ugTl_KCdN7ONdfQidQ==/com.google.android.gms-aHS62ia2p6IgZXYguhKChQ==/split_DynamiteModulesA_installtime.dm) is kOatUpToDate with filter 'verify' executable 'false'
04-08 01:38:10.734 29677 29679 I artd    : GetBestInfo: dm (/data/app/~~F3q5ugTl_KCdN7ONdfQidQ==/com.google.android.gms-aHS62ia2p6IgZXYguhKChQ==/split_DynamiteModulesC_installtime.dm) is kOatUpToDate with filter 'verify' executable 'false'
04-08 01:38:10.735 29677 29679 I artd    : GetBestInfo: dm (/data/app/~~F3q5ugTl_KCdN7ONdfQidQ==/com.google.android.gms-aHS62ia2p6IgZXYguhKChQ==/split_GoogleCertificates_installtime.dm) is kOatUpToDate with filter 'verify' executable 'false'
04-08 01:38:10.735 29677 29679 I artd    : GetBestInfo: dm (/data/app/~~F3q5ugTl_KCdN7ONdfQidQ==/com.google.android.gms-aHS62ia2p6IgZXYguhKChQ==/split_MapsDynamite_installtime.dm) is kOatUpToDate with filter 'verify' executable 'false'
04-08 01:38:10.736 29677 29679 I artd    : GetBestInfo: dm (/data/app/~~F3q5ugTl_KCdN7ONdfQidQ==/com.google.android.gms-aHS62ia2p6IgZXYguhKChQ==/split_MeasurementDynamite_installtime.dm) is kOatUpToDate with filter 'verify' executable 'false'
04-08 01:38:10.738 29677 29679 I artd    : GetBestInfo: /data/user_de/0/com.google.android.gms/app_chimera/m/00000008/dl-TfliteDynamiteDynamite.integ_243930802100800.apk has no usable artifacts
04-08 01:38:10.738 29677 29679 I artd    : GetBestInfo: /data/user_de/0/com.google.android.gms/app_chimera/m/0000000c/dl-MlkitBarcodeUi.optional_260235100800.apk has no usable artifacts
04-08 01:38:10.739 29677 29679 I artd    : GetBestInfo: /data/user_de/0/com.google.android.gms/app_chimera/m/00000001/CronetDynamite.apk has no usable artifacts
04-08 01:38:10.740 29677 29679 I artd    : GetBestInfo: /data/user_de/0/com.google.android.gms/app_chimera/m/0000000b/dl-TfliteDynamiteDynamite.integ_252130102100800.apk has no usable artifacts
04-08 01:38:10.740 29677 29679 I artd    : GetBestInfo: /data/user_de/0/com.google.android.gms/app_chimera/m/00000002/DynamiteLoader.apk has no usable artifacts
04-08 01:38:10.741 29677 29679 I artd    : GetBestInfo: /data/user_de/0/com.google.android.gms/app_chimera/m/0000000e/dl-MlkitOcrCommon.optional_260235100800.apk has no usable artifacts
04-08 01:38:10.741 29677 29679 I artd    : GetBestInfo: /data/user_de/0/com.google.android.gms/app_chimera/m/00000005/GoogleCertificates.apk has no usable artifacts
04-08 01:38:10.742 29677 29679 I artd    : GetBestInfo: /data/user_de/0/com.google.android.gms/app_chimera/m/00000015/dl-Appsearch.optional_261133100800.apk has no usable artifacts
04-08 01:38:10.743 29677 29679 I artd    : GetBestInfo: /data/user_de/0/com.google.android.gms/app_chimera/m/00000010/dl-PlayCloudSearch.optional_260235100000.apk has no usable artifacts
04-08 01:38:10.744 29677 29679 I artd    : GetBestInfo: /data/user_de/0/com.google.android.gms/app_chimera/m/00000009/dl-VisionOcr.optional_260235100000.apk has no usable artifacts
04-08 01:38:10.745 29677 29679 I artd    : GetBestInfo: vdex next to the dex file (/data/user/0/com.google.android.gms/app_dg_cache/BB2AE5A47BB198AF36C19CFD2B6407061A1BAF30/oat/x86_64/the.vdex) is kOatUpToDate with filter 'verify' executable 'false'
04-08 01:38:10.746 29677 29679 I artd    : GetBestInfo: /data/user_de/0/com.google.android.gms/app_chimera/m/0000000a/dl-Appsearch.optional_260235100800.apk has no usable artifacts
04-08 01:38:10.746 29677 29679 I artd    : GetBestInfo: /data/user_de/0/com.google.android.gms/app_chimera/m/00000016/dl-MlkitBarcodeUi.optional_261133100800.apk has no usable artifacts
04-08 01:38:10.747 29677 29679 I artd    : GetBestInfo: /data/user_de/0/com.google.android.gms/app_chimera/m/00000011/dl-VisionOcr.optional_261133100000.apk has no usable artifacts
04-08 01:38:10.748 29677 29679 I artd    : GetBestInfo: /data/user_de/0/com.google.android.gms/app_chimera/m/00000013/dl-PlayCloudSearch.optional_261133100000.apk has no usable artifacts
04-08 01:38:10.748 29677 29679 I artd    : GetBestInfo: /data/user_de/0/com.google.android.gms/app_chimera/m/00000007/MeasurementDynamite.apk has no usable artifacts
04-08 01:38:10.749 29677 29679 I artd    : GetBestInfo: /data/user_de/0/com.google.android.gms/app_chimera/m/00000012/dl-MlkitOcrCommon.optional_261133100800.apk has no usable artifacts
04-08 01:38:11.182   699   846 I HalDevMgr: bestIfaceCreationProposal is null, requestIface=STA, existingIface=[name=wlan0 type=STA]
04-08 01:38:13.446  1065  1210 D SatelliteController: isInCarrierRoamingNbIotNtn: satellite is disabled
04-08 01:38:13.446  1065  1210 D SatelliteController: getCarrierRoamingNtnConnectType: Checking connect type from PLMN config for subId: 1
04-08 01:38:13.447  1065  1210 D SatelliteController: getSatellitePerPlmnConfiguration: invalid subId or not supported via carrier.
04-08 01:38:13.447  1065  1210 D SatelliteController: getCarrierRoamingNtnConnectType: config: null
04-08 01:38:13.447  1065  1210 D SatelliteController: getCarrierRoamingNtnConnectType: Falling back to global carrier config connect type: 0
04-08 01:38:13.447  1065  1210 D SatelliteController: updateLastNotifiedCarrierRoamingNtnSignalStrengthAndNotify(1)
04-08 01:38:13.447  1065  1210 D SatelliteController: updateLastNotifiedCarrierRoamingNtnSignalStrengthAndNotify(1) lastNotifiedSignalStrength level: 0
04-08 01:38:13.447  1065  1210 D SatelliteController: updateLastNotifiedCarrierRoamingNtnSignalStrengthAndNotify(1) currSignalStrength level: 0
04-08 01:38:13.469   512   614 W skia    : AGTM parsing failed flags.readFromStream(s) at 159
04-08 01:38:14.187   699   846 I HalDevMgr: bestIfaceCreationProposal is null, requestIface=STA, existingIface=[name=wlan0 type=STA]
04-08 01:38:17.192   699   846 I HalDevMgr: bestIfaceCreationProposal is null, requestIface=STA, existingIface=[name=wlan0 type=STA]
04-08 01:38:20.197   699   846 I HalDevMgr: bestIfaceCreationProposal is null, requestIface=STA, existingIface=[name=wlan0 type=STA]
04-08 01:38:20.735 29677 29679 I artd    : GetBestInfo: odex next to the dex file (/data/app/~~F3q5ugTl_KCdN7ONdfQidQ==/com.google.android.gms-aHS62ia2p6IgZXYguhKChQ==/oat/x86_64/base.odex) is kOatUpToDate with filter 'speed-profile' executable 'false'
04-08 01:38:20.736 29677 29679 I artd    : GetBestInfo: dm (/data/app/~~F3q5ugTl_KCdN7ONdfQidQ==/com.google.android.gms-aHS62ia2p6IgZXYguhKChQ==/split_AdsDynamite_installtime.dm) is kOatUpToDate with filter 'verify' executable 'false'
04-08 01:38:20.737 29677 29679 I artd    : GetBestInfo: dm (/data/app/~~F3q5ugTl_KCdN7ONdfQidQ==/com.google.android.gms-aHS62ia2p6IgZXYguhKChQ==/split_CronetDynamite_installtime.dm) is kOatUpToDate with filter 'verify' executable 'false'
04-08 01:38:20.738 29677 29679 I artd    : GetBestInfo: dm (/data/app/~~F3q5ugTl_KCdN7ONdfQidQ==/com.google.android.gms-aHS62ia2p6IgZXYguhKChQ==/split_DynamiteLoader_installtime.dm) is kOatUpToDate with filter 'verify' executable 'false'
04-08 01:38:20.739 29677 29679 I artd    : GetBestInfo: dm (/data/app/~~F3q5ugTl_KCdN7ONdfQidQ==/com.google.android.gms-aHS62ia2p6IgZXYguhKChQ==/split_DynamiteModulesA_installtime.dm) is kOatUpToDate with filter 'verify' executable 'false'
04-08 01:38:20.739 29677 29679 I artd    : GetBestInfo: dm (/data/app/~~F3q5ugTl_KCdN7ONdfQidQ==/com.google.android.gms-aHS62ia2p6IgZXYguhKChQ==/split_DynamiteModulesC_installtime.dm) is kOatUpToDate with filter 'verify' executable 'false'
04-08 01:38:20.740 29677 29679 I artd    : GetBestInfo: dm (/data/app/~~F3q5ugTl_KCdN7ONdfQidQ==/com.google.android.gms-aHS62ia2p6IgZXYguhKChQ==/split_GoogleCertificates_installtime.dm) is kOatUpToDate with filter 'verify' executable 'false'
04-08 01:38:20.741 29677 29679 I artd    : GetBestInfo: dm (/data/app/~~F3q5ugTl_KCdN7ONdfQidQ==/com.google.android.gms-aHS62ia2p6IgZXYguhKChQ==/split_MapsDynamite_installtime.dm) is kOatUpToDate with filter 'verify' executable 'false'
04-08 01:38:20.742 29677 29679 I artd    : GetBestInfo: dm (/data/app/~~F3q5ugTl_KCdN7ONdfQidQ==/com.google.android.gms-aHS62ia2p6IgZXYguhKChQ==/split_MeasurementDynamite_installtime.dm) is kOatUpToDate with filter 'verify' executable 'false'
04-08 01:38:20.743 29677 29679 I artd    : GetBestInfo: /data/user_de/0/com.google.android.gms/app_chimera/m/00000008/dl-TfliteDynamiteDynamite.integ_243930802100800.apk has no usable artifacts
04-08 01:38:20.744 29677 29679 I artd    : GetBestInfo: /data/user_de/0/com.google.android.gms/app_chimera/m/0000000c/dl-MlkitBarcodeUi.optional_260235100800.apk has no usable artifacts
04-08 01:38:20.744 29677 29679 I artd    : GetBestInfo: /data/user_de/0/com.google.android.gms/app_chimera/m/00000001/CronetDynamite.apk has no usable artifacts
04-08 01:38:20.745 29677 29679 I artd    : GetBestInfo: /data/user_de/0/com.google.android.gms/app_chimera/m/0000000b/dl-TfliteDynamiteDynamite.integ_252130102100800.apk has no usable artifacts
04-08 01:38:20.745 29677 29679 I artd    : GetBestInfo: /data/user_de/0/com.google.android.gms/app_chimera/m/00000002/DynamiteLoader.apk has no usable artifacts
04-08 01:38:20.746 29677 29679 I artd    : GetBestInfo: /data/user_de/0/com.google.android.gms/app_chimera/m/0000000e/dl-MlkitOcrCommon.optional_260235100800.apk has no usable artifacts
04-08 01:38:20.746 29677 29679 I artd    : GetBestInfo: /data/user_de/0/com.google.android.gms/app_chimera/m/00000005/GoogleCertificates.apk has no usable artifacts
04-08 01:38:20.747 29677 29679 I artd    : GetBestInfo: /data/user_de/0/com.google.android.gms/app_chimera/m/00000015/dl-Appsearch.optional_261133100800.apk has no usable artifacts
04-08 01:38:20.748 29677 29679 I artd    : GetBestInfo: /data/user_de/0/com.google.android.gms/app_chimera/m/00000010/dl-PlayCloudSearch.optional_260235100000.apk has no usable artifacts
04-08 01:38:20.749 29677 29679 I artd    : GetBestInfo: /data/user_de/0/com.google.android.gms/app_chimera/m/00000009/dl-VisionOcr.optional_260235100000.apk has no usable artifacts
04-08 01:38:20.750 29677 29679 I artd    : GetBestInfo: vdex next to the dex file (/data/user/0/com.google.android.gms/app_dg_cache/BB2AE5A47BB198AF36C19CFD2B6407061A1BAF30/oat/x86_64/the.vdex) is kOatUpToDate with filter 'verify' executable 'false'
04-08 01:38:20.751 29677 29679 I artd    : GetBestInfo: /data/user_de/0/com.google.android.gms/app_chimera/m/0000000a/dl-Appsearch.optional_260235100800.apk has no usable artifacts
04-08 01:38:20.752 29677 29679 I artd    : GetBestInfo: /data/user_de/0/com.google.android.gms/app_chimera/m/00000016/dl-MlkitBarcodeUi.optional_261133100800.apk has no usable artifacts
04-08 01:38:20.753 29677 29679 I artd    : GetBestInfo: /data/user_de/0/com.google.android.gms/app_chimera/m/00000011/dl-VisionOcr.optional_261133100000.apk has no usable artifacts
04-08 01:38:20.753 29677 29679 I artd    : GetBestInfo: /data/user_de/0/com.google.android.gms/app_chimera/m/00000013/dl-PlayCloudSearch.optional_261133100000.apk has no usable artifacts
04-08 01:38:20.754 29677 29679 I artd    : GetBestInfo: /data/user_de/0/com.google.android.gms/app_chimera/m/00000007/MeasurementDynamite.apk has no usable artifacts
04-08 01:38:20.754 29677 29679 I artd    : GetBestInfo: /data/user_de/0/com.google.android.gms/app_chimera/m/00000012/dl-MlkitOcrCommon.optional_261133100800.apk has no usable artifacts
04-08 01:38:21.787  4197  4224 I AiAiStatsd: No op: the most recent atoms from the date 2026-04-06 have been uploaded.
04-08 01:38:22.740  2576  2576 D BoundBrokerSvc: onRebind: Intent { act=com.google.android.gms.common.telemetry.service.START dat=chimera-action:/... xflg=0x4 cmp=com.google.android.gms/.chimera.PersistentApiService }
04-08 01:38:22.740  2576 10985 I AlarmManager: setExactAndAllowWhileIdle [name: GCM_HB_ALARM type: 2 triggerAtMillis: 20590232]
04-08 01:38:22.741  2576 10985 I AlarmManager: setExactAndAllowWhileIdle [name: GCM_HB_ALARM type: 2 triggerAtMillis: 20590233]
04-08 01:38:23.202   699   846 I HalDevMgr: bestIfaceCreationProposal is null, requestIface=STA, existingIface=[name=wlan0 type=STA]
04-08 01:38:23.202   699   877 I AdbWifiNetworkMonitor: Wi-Fi network available
04-08 01:38:23.202   699   877 I AdbWifiNetworkMonitor: Received the same Wi-Fi SSID. Ignoring.
04-08 01:38:23.443  1065  1210 D SatelliteController: isInCarrierRoamingNbIotNtn: satellite is disabled
04-08 01:38:23.443  1065  1210 D SatelliteController: getCarrierRoamingNtnConnectType: Checking connect type from PLMN config for subId: 1
04-08 01:38:23.443  1065  1210 D SatelliteController: getSatellitePerPlmnConfiguration: invalid subId or not supported via carrier.
04-08 01:38:23.443  1065  1210 D SatelliteController: getCarrierRoamingNtnConnectType: config: null
04-08 01:38:23.444  1065  1210 D SatelliteController: getCarrierRoamingNtnConnectType: Falling back to global carrier config connect type: 0
04-08 01:38:23.444  1065  1210 D SatelliteController: updateLastNotifiedCarrierRoamingNtnSignalStrengthAndNotify(1)
04-08 01:38:23.444  1065  1210 D SatelliteController: updateLastNotifiedCarrierRoamingNtnSignalStrengthAndNotify(1) lastNotifiedSignalStrength level: 0
04-08 01:38:23.444  1065  1210 D SatelliteController: updateLastNotifiedCarrierRoamingNtnSignalStrengthAndNotify(1) currSignalStrength level: 0
04-08 01:38:26.206   699   846 I HalDevMgr: bestIfaceCreationProposal is null, requestIface=STA, existingIface=[name=wlan0 type=STA]
04-08 01:38:26.523   699   784 I UsageStatsService: User[0] Flushing usage stats to disk
04-08 01:38:27.754  2576  2576 D BoundBrokerSvc: onUnbind: Intent { act=com.google.android.gms.common.telemetry.service.START dat=chimera-action:/... xflg=0x4 cmp=com.google.android.gms/.chimera.PersistentApiService }
04-08 01:38:29.212   699   846 I HalDevMgr: bestIfaceCreationProposal is null, requestIface=STA, existingIface=[name=wlan0 type=STA]
04-08 01:38:29.215   699   877 I AdbWifiNetworkMonitor: Wi-Fi network available
04-08 01:38:29.215   699   877 I AdbWifiNetworkMonitor: Received the same Wi-Fi SSID. Ignoring.
04-08 01:38:30.729 29677 29813 I artd    : GetBestInfo: odex next to the dex file (/data/app/~~F3q5ugTl_KCdN7ONdfQidQ==/com.google.android.gms-aHS62ia2p6IgZXYguhKChQ==/oat/x86_64/base.odex) is kOatUpToDate with filter 'speed-profile' executable 'false'
04-08 01:38:30.730 29677 29813 I artd    : GetBestInfo: dm (/data/app/~~F3q5ugTl_KCdN7ONdfQidQ==/com.google.android.gms-aHS62ia2p6IgZXYguhKChQ==/split_AdsDynamite_installtime.dm) is kOatUpToDate with filter 'verify' executable 'false'
04-08 01:38:30.731 29677 29813 I artd    : GetBestInfo: dm (/data/app/~~F3q5ugTl_KCdN7ONdfQidQ==/com.google.android.gms-aHS62ia2p6IgZXYguhKChQ==/split_CronetDynamite_installtime.dm) is kOatUpToDate with filter 'verify' executable 'false'
04-08 01:38:30.731 29677 29813 I artd    : GetBestInfo: dm (/data/app/~~F3q5ugTl_KCdN7ONdfQidQ==/com.google.android.gms-aHS62ia2p6IgZXYguhKChQ==/split_DynamiteLoader_installtime.dm) is kOatUpToDate with filter 'verify' executable 'false'
04-08 01:38:30.732 29677 29813 I artd    : GetBestInfo: dm (/data/app/~~F3q5ugTl_KCdN7ONdfQidQ==/com.google.android.gms-aHS62ia2p6IgZXYguhKChQ==/split_DynamiteModulesA_installtime.dm) is kOatUpToDate with filter 'verify' executable 'false'
04-08 01:38:30.733 29677 29813 I artd    : GetBestInfo: dm (/data/app/~~F3q5ugTl_KCdN7ONdfQidQ==/com.google.android.gms-aHS62ia2p6IgZXYguhKChQ==/split_DynamiteModulesC_installtime.dm) is kOatUpToDate with filter 'verify' executable 'false'
04-08 01:38:30.734 29677 29813 I artd    : GetBestInfo: dm (/data/app/~~F3q5ugTl_KCdN7ONdfQidQ==/com.google.android.gms-aHS62ia2p6IgZXYguhKChQ==/split_GoogleCertificates_installtime.dm) is kOatUpToDate with filter 'verify' executable 'false'
04-08 01:38:30.735 29677 29813 I artd    : GetBestInfo: dm (/data/app/~~F3q5ugTl_KCdN7ONdfQidQ==/com.google.android.gms-aHS62ia2p6IgZXYguhKChQ==/split_MapsDynamite_installtime.dm) is kOatUpToDate with filter 'verify' executable 'false'
04-08 01:38:30.736 29677 29813 I artd    : GetBestInfo: dm (/data/app/~~F3q5ugTl_KCdN7ONdfQidQ==/com.google.android.gms-aHS62ia2p6IgZXYguhKChQ==/split_MeasurementDynamite_installtime.dm) is kOatUpToDate with filter 'verify' executable 'false'
04-08 01:38:30.736 29677 29813 I artd    : GetBestInfo: /data/user_de/0/com.google.android.gms/app_chimera/m/00000008/dl-TfliteDynamiteDynamite.integ_243930802100800.apk has no usable artifacts
04-08 01:38:30.738 29677 29813 I artd    : GetBestInfo: /data/user_de/0/com.google.android.gms/app_chimera/m/0000000c/dl-MlkitBarcodeUi.optional_260235100800.apk has no usable artifacts
04-08 01:38:30.738 29677 29813 I artd    : GetBestInfo: /data/user_de/0/com.google.android.gms/app_chimera/m/00000001/CronetDynamite.apk has no usable artifacts
04-08 01:38:30.739 29677 29813 I artd    : GetBestInfo: /data/user_de/0/com.google.android.gms/app_chimera/m/0000000b/dl-TfliteDynamiteDynamite.integ_252130102100800.apk has no usable artifacts
04-08 01:38:30.739 29677 29813 I artd    : GetBestInfo: /data/user_de/0/com.google.android.gms/app_chimera/m/00000002/DynamiteLoader.apk has no usable artifacts
04-08 01:38:30.740 29677 29813 I artd    : GetBestInfo: /data/user_de/0/com.google.android.gms/app_chimera/m/0000000e/dl-MlkitOcrCommon.optional_260235100800.apk has no usable artifacts
04-08 01:38:30.740 29677 29813 I artd    : GetBestInfo: /data/user_de/0/com.google.android.gms/app_chimera/m/00000005/GoogleCertificates.apk has no usable artifacts
04-08 01:38:30.741 29677 29813 I artd    : GetBestInfo: /data/user_de/0/com.google.android.gms/app_chimera/m/00000015/dl-Appsearch.optional_261133100800.apk has no usable artifacts
04-08 01:38:30.742 29677 29813 I artd    : GetBestInfo: /data/user_de/0/com.google.android.gms/app_chimera/m/00000010/dl-PlayCloudSearch.optional_260235100000.apk has no usable artifacts
04-08 01:38:30.743 29677 29813 I artd    : GetBestInfo: /data/user_de/0/com.google.android.gms/app_chimera/m/00000009/dl-VisionOcr.optional_260235100000.apk has no usable artifacts
04-08 01:38:30.744 29677 29813 I artd    : GetBestInfo: vdex next to the dex file (/data/user/0/com.google.android.gms/app_dg_cache/BB2AE5A47BB198AF36C19CFD2B6407061A1BAF30/oat/x86_64/the.vdex) is kOatUpToDate with filter 'verify' executable 'false'
04-08 01:38:30.745 29677 29813 I artd    : GetBestInfo: /data/user_de/0/com.google.android.gms/app_chimera/m/0000000a/dl-Appsearch.optional_260235100800.apk has no usable artifacts
04-08 01:38:30.746 29677 29813 I artd    : GetBestInfo: /data/user_de/0/com.google.android.gms/app_chimera/m/00000016/dl-MlkitBarcodeUi.optional_261133100800.apk has no usable artifacts
04-08 01:38:30.747 29677 29813 I artd    : GetBestInfo: /data/user_de/0/com.google.android.gms/app_chimera/m/00000011/dl-VisionOcr.optional_261133100000.apk has no usable artifacts
04-08 01:38:30.748 29677 29813 I artd    : GetBestInfo: /data/user_de/0/com.google.android.gms/app_chimera/m/00000013/dl-PlayCloudSearch.optional_261133100000.apk has no usable artifacts
04-08 01:38:30.748 29677 29813 I artd    : GetBestInfo: /data/user_de/0/com.google.android.gms/app_chimera/m/00000007/MeasurementDynamite.apk has no usable artifacts
04-08 01:38:30.749 29677 29813 I artd    : GetBestInfo: /data/user_de/0/com.google.android.gms/app_chimera/m/00000012/dl-MlkitOcrCommon.optional_261133100800.apk has no usable artifacts
04-08 01:38:32.216   699   846 I HalDevMgr: bestIfaceCreationProposal is null, requestIface=STA, existingIface=[name=wlan0 type=STA]
04-08 01:38:33.446  1065  1210 D SatelliteController: isInCarrierRoamingNbIotNtn: satellite is disabled
04-08 01:38:33.446  1065  1210 D SatelliteController: getCarrierRoamingNtnConnectType: Checking connect type from PLMN config for subId: 1
04-08 01:38:33.447  1065  1210 D SatelliteController: getSatellitePerPlmnConfiguration: invalid subId or not supported via carrier.
04-08 01:38:33.447  1065  1210 D SatelliteController: getCarrierRoamingNtnConnectType: config: null
04-08 01:38:33.447  1065  1210 D SatelliteController: getCarrierRoamingNtnConnectType: Falling back to global carrier config connect type: 0
04-08 01:38:33.447  1065  1210 D SatelliteController: updateLastNotifiedCarrierRoamingNtnSignalStrengthAndNotify(1)
04-08 01:38:33.447  1065  1210 D SatelliteController: updateLastNotifiedCarrierRoamingNtnSignalStrengthAndNotify(1) lastNotifiedSignalStrength level: 0
04-08 01:38:33.447  1065  1210 D SatelliteController: updateLastNotifiedCarrierRoamingNtnSignalStrengthAndNotify(1) currSignalStrength level: 0
04-08 01:38:35.221   699   846 I HalDevMgr: bestIfaceCreationProposal is null, requestIface=STA, existingIface=[name=wlan0 type=STA]
04-08 01:38:38.226   699   846 I HalDevMgr: bestIfaceCreationProposal is null, requestIface=STA, existingIface=[name=wlan0 type=STA]
04-08 01:38:40.751 29677 29679 I artd    : GetBestInfo: odex next to the dex file (/data/app/~~F3q5ugTl_KCdN7ONdfQidQ==/com.google.android.gms-aHS62ia2p6IgZXYguhKChQ==/oat/x86_64/base.odex) is kOatUpToDate with filter 'speed-profile' executable 'false'
04-08 01:38:40.751 29677 29679 I artd    : GetBestInfo: dm (/data/app/~~F3q5ugTl_KCdN7ONdfQidQ==/com.google.android.gms-aHS62ia2p6IgZXYguhKChQ==/split_AdsDynamite_installtime.dm) is kOatUpToDate with filter 'verify' executable 'false'
04-08 01:38:40.752 29677 29679 I artd    : GetBestInfo: dm (/data/app/~~F3q5ugTl_KCdN7ONdfQidQ==/com.google.android.gms-aHS62ia2p6IgZXYguhKChQ==/split_CronetDynamite_installtime.dm) is kOatUpToDate with filter 'verify' executable 'false'
04-08 01:38:40.754 29677 29679 I artd    : GetBestInfo: dm (/data/app/~~F3q5ugTl_KCdN7ONdfQidQ==/com.google.android.gms-aHS62ia2p6IgZXYguhKChQ==/split_DynamiteLoader_installtime.dm) is kOatUpToDate with filter 'verify' executable 'false'
04-08 01:38:40.755 29677 29679 I artd    : GetBestInfo: dm (/data/app/~~F3q5ugTl_KCdN7ONdfQidQ==/com.google.android.gms-aHS62ia2p6IgZXYguhKChQ==/split_DynamiteModulesA_installtime.dm) is kOatUpToDate with filter 'verify' executable 'false'
04-08 01:38:40.756 29677 29679 I artd    : GetBestInfo: dm (/data/app/~~F3q5ugTl_KCdN7ONdfQidQ==/com.google.android.gms-aHS62ia2p6IgZXYguhKChQ==/split_DynamiteModulesC_installtime.dm) is kOatUpToDate with filter 'verify' executable 'false'
04-08 01:38:40.757 29677 29679 I artd    : GetBestInfo: dm (/data/app/~~F3q5ugTl_KCdN7ONdfQidQ==/com.google.android.gms-aHS62ia2p6IgZXYguhKChQ==/split_GoogleCertificates_installtime.dm) is kOatUpToDate with filter 'verify' executable 'false'
04-08 01:38:40.758 29677 29679 I artd    : GetBestInfo: dm (/data/app/~~F3q5ugTl_KCdN7ONdfQidQ==/com.google.android.gms-aHS62ia2p6IgZXYguhKChQ==/split_MapsDynamite_installtime.dm) is kOatUpToDate with filter 'verify' executable 'false'
04-08 01:38:40.759 29677 29679 I artd    : GetBestInfo: dm (/data/app/~~F3q5ugTl_KCdN7ONdfQidQ==/com.google.android.gms-aHS62ia2p6IgZXYguhKChQ==/split_MeasurementDynamite_installtime.dm) is kOatUpToDate with filter 'verify' executable 'false'
04-08 01:38:40.761 29677 29679 I artd    : GetBestInfo: /data/user_de/0/com.google.android.gms/app_chimera/m/00000008/dl-TfliteDynamiteDynamite.integ_243930802100800.apk has no usable artifacts
04-08 01:38:40.762 29677 29679 I artd    : GetBestInfo: /data/user_de/0/com.google.android.gms/app_chimera/m/0000000c/dl-MlkitBarcodeUi.optional_260235100800.apk has no usable artifacts
04-08 01:38:40.762 29677 29679 I artd    : GetBestInfo: /data/user_de/0/com.google.android.gms/app_chimera/m/00000001/CronetDynamite.apk has no usable artifacts
04-08 01:38:40.763 29677 29813 I artd    : GetBestInfo: /data/user_de/0/com.google.android.gms/app_chimera/m/0000000b/dl-TfliteDynamiteDynamite.integ_252130102100800.apk has no usable artifacts
04-08 01:38:40.763 29677 29679 I artd    : GetBestInfo: /data/user_de/0/com.google.android.gms/app_chimera/m/00000002/DynamiteLoader.apk has no usable artifacts
04-08 01:38:40.764 29677 29679 I artd    : GetBestInfo: /data/user_de/0/com.google.android.gms/app_chimera/m/0000000e/dl-MlkitOcrCommon.optional_260235100800.apk has no usable artifacts
04-08 01:38:40.764 29677 29679 I artd    : GetBestInfo: /data/user_de/0/com.google.android.gms/app_chimera/m/00000005/GoogleCertificates.apk has no usable artifacts
04-08 01:38:40.766 29677 29813 I artd    : GetBestInfo: /data/user_de/0/com.google.android.gms/app_chimera/m/00000015/dl-Appsearch.optional_261133100800.apk has no usable artifacts
04-08 01:38:40.766 29677 29679 I artd    : GetBestInfo: /data/user_de/0/com.google.android.gms/app_chimera/m/00000010/dl-PlayCloudSearch.optional_260235100000.apk has no usable artifacts
04-08 01:38:40.767 29677 29813 I artd    : GetBestInfo: /data/user_de/0/com.google.android.gms/app_chimera/m/00000009/dl-VisionOcr.optional_260235100000.apk has no usable artifacts
04-08 01:38:40.768 29677 29678 I artd    : GetBestInfo: vdex next to the dex file (/data/user/0/com.google.android.gms/app_dg_cache/BB2AE5A47BB198AF36C19CFD2B6407061A1BAF30/oat/x86_64/the.vdex) is kOatUpToDate with filter 'verify' executable 'false'
04-08 01:38:40.768 29677 29718 I artd    : GetBestInfo: /data/user_de/0/com.google.android.gms/app_chimera/m/0000000a/dl-Appsearch.optional_260235100800.apk has no usable artifacts
04-08 01:38:40.769 29677 29718 I artd    : GetBestInfo: /data/user_de/0/com.google.android.gms/app_chimera/m/00000016/dl-MlkitBarcodeUi.optional_261133100800.apk has no usable artifacts
04-08 01:38:40.770 29677 29718 I artd    : GetBestInfo: /data/user_de/0/com.google.android.gms/app_chimera/m/00000011/dl-VisionOcr.optional_261133100000.apk has no usable artifacts
04-08 01:38:40.772 29677 29718 I artd    : GetBestInfo: /data/user_de/0/com.google.android.gms/app_chimera/m/00000013/dl-PlayCloudSearch.optional_261133100000.apk has no usable artifacts
04-08 01:38:40.772 29677 29718 I artd    : GetBestInfo: /data/user_de/0/com.google.android.gms/app_chimera/m/00000007/MeasurementDynamite.apk has no usable artifacts
04-08 01:38:40.773 29677 29718 I artd    : GetBestInfo: /data/user_de/0/com.google.android.gms/app_chimera/m/00000012/dl-MlkitOcrCommon.optional_261133100800.apk has no usable artifacts
04-08 01:38:41.231   699   846 I HalDevMgr: bestIfaceCreationProposal is null, requestIface=STA, existingIface=[name=wlan0 type=STA]
04-08 01:38:43.447  1065  1210 D SatelliteController: isInCarrierRoamingNbIotNtn: satellite is disabled
04-08 01:38:43.447  1065  1210 D SatelliteController: getCarrierRoamingNtnConnectType: Checking connect type from PLMN config for subId: 1
04-08 01:38:43.447  1065  1210 D SatelliteController: getSatellitePerPlmnConfiguration: invalid subId or not supported via carrier.
04-08 01:38:43.447  1065  1210 D SatelliteController: getCarrierRoamingNtnConnectType: config: null
04-08 01:38:43.447  1065  1210 D SatelliteController: getCarrierRoamingNtnConnectType: Falling back to global carrier config connect type: 0
04-08 01:38:43.447  1065  1210 D SatelliteController: updateLastNotifiedCarrierRoamingNtnSignalStrengthAndNotify(1)
04-08 01:38:43.447  1065  1210 D SatelliteController: updateLastNotifiedCarrierRoamingNtnSignalStrengthAndNotify(1) lastNotifiedSignalStrength level: 0
04-08 01:38:43.447  1065  1210 D SatelliteController: updateLastNotifiedCarrierRoamingNtnSignalStrengthAndNotify(1) currSignalStrength level: 0
04-08 01:38:44.236   699   846 I HalDevMgr: bestIfaceCreationProposal is null, requestIface=STA, existingIface=[name=wlan0 type=STA]
04-08 01:38:47.241   699   846 I HalDevMgr: bestIfaceCreationProposal is null, requestIface=STA, existingIface=[name=wlan0 type=STA]
04-08 01:38:47.254  1042  1192 D IpClient/wlan0: addressUpdated: fec0::83c0:ec13:898a:1214/64 on ifindex 15 flags 0x00000900 scope 200
04-08 01:38:47.254  1042  1192 D IpClient/wlan0: addressUpdated: fec0::fdb0:d7fd:e4da:c3e2/64 on ifindex 15 flags 0x00000001 scope 200
04-08 01:38:47.254  1042  1192 W AlarmManager: Unrecognized alarm listener com.android.networkstack.android.net.ip.IpClientLinkObserver$Dhcp6PdPreferredPrefixAlarmListener@6075e2
