--------- beginning of system
04-08 01:48:21.124   699   877 I AdbWifiNetworkMonitor: Wi-Fi network available
04-08 01:48:21.125   699   877 I AdbWifiNetworkMonitor: Received the same Wi-Fi SSID. Ignoring.
--------- beginning of main
04-08 01:48:21.126   699   846 I HalDevMgr: bestIfaceCreationProposal is null, requestIface=STA, existingIface=[name=wlan0 type=STA]
04-08 01:48:21.148   699  1776 I ActivityManager: Force stopping com.spaceroom_clean appid=10229 user=0: from pid 11430
04-08 01:48:21.150   699   782 I SensorService: Setting connection 0x767d92627ab0 disabled status to 1 for reason 2
04-08 01:48:21.149   699  1776 I ActivityManager: Killing 9787:com.spaceroom_clean/u0a229 (adj 0): stop com.spaceroom_clean due to from pid 11430
04-08 01:48:21.151   699   782 I SensorService: Setting connection 0x767d92627ab0 disabled status to 1 for reason 0
04-08 01:48:21.150   699  1776 W ActivityTaskManager: Force removing ActivityRecord{229685985 u0 com.spaceroom_clean/.MainActivity t32 f}}: app died, no saved state
04-08 01:48:21.152   699   852 D InetDiagMessage: Destroyed 0 sockets, proto=IPPROTO_TCP, family=AF_INET, states=14
04-08 01:48:21.152   950  1014 V WindowManagerShell: Transition requested (#144): android.os.BinderProxy@78f6fab TransitionRequestInfo { type = CLOSE, triggerTask = TaskInfo{userId=0 taskId=32 effectiveUid=10229 displayId=0 isRunning=false baseIntent=Intent { act=android.intent.action.MAIN cat=[android.intent.category.LAUNCHER] flg=0x10000000 cmp=com.spaceroom_clean/.MainActivity } baseActivity=null topActivity=null origActivity=null realActivity=ComponentInfo{com.spaceroom_clean/com.spaceroom_clean.MainActivity} realActivityIsAppLockEnabled=false numActivities=0 lastActiveTime=19897725 supportsMultiWindow=true supportsMultiWindowWithoutConstraints=true resizeMode=1 isResizeable=true minWidth=-1 minHeight=-1 defaultMinSize=220 token=WCT{android.os.BinderProxy@26b0a35} topActivityType=1 pictureInPictureParams=null shouldDockBigOverlays=false launchIntoPipHostTaskId=-1 lastParentTaskIdBeforePip=-1 displayCutoutSafeInsets=Rect(0, 0 - 0, 0) topActivityInfo=null launchCookies=[] positionInParent=Point(0, 0) parentTaskId=-1 isFocused=true isInteractive=false isVisible=true isVisibleRequested=true isTopActivityNoDisplay=false isSleeping=false locusId=null displayAreaFeatureId=1 isTopActivityTransparent=false isActivityStackTransparent=true lastNonFullscreenBounds=null leafTaskBoundsFromOptions= false capturedLink=null capturedLinkTimestamp=0 requestedVisibleTypes=503 topActivityRequestOpenInBrowserEducationTimestamp=0 appCompatTaskInfo=AppCompatTaskInfo { topActivityInSizeCompat=false isLeafTask= true eligibleForLetterboxEducation= false isLetterboxEducationEnabled= false isLetterboxDoubleTapEnabled= false eligibleForUserAspectRatioButton= false topActivityBoundsLetterboxed= false isFromLetterboxDoubleTap= false topActivityLetterboxVerticalPosition= -1 topActivityLetterboxHorizontalPosition= -1 topActivityLetterboxWidth=-1 topActivityLetterboxHeight=-1 topActivityAppBounds=Rect(0, 0 - 0, 0) isUserFullscreenOverrideEnabled=false isSystemFullscreenOverrideEnabled=false hasMinAspectRatioOverride=false topActivityLetterboxBounds=null topNonResizableActivityAspectRatio=-1.0} topActivityMainWindowFrame=null isAppBubble=false}, pipChange = null, remoteTransitionInfo = null, displayChange = null, requestedLocation = null, userChange = null, windowingLayerChange = null, fullscreenRequestChange = null, flags = 0, debugId = 144 }
04-08 01:48:21.152   950  1014 W DisconnectHandler: No disconnect change found in the transition, not handling request.
04-08 01:48:21.152   950  1014 V ShellDesktopMode: DesktopTasksController: skipping handleRequest reason=triggerTask's display doesn't support desktop mode
04-08 01:48:21.154   699   852 D InetDiagMessage: Destroyed 1 sockets, proto=IPPROTO_TCP, family=AF_INET6, states=14
04-08 01:48:21.154   699   852 D InetDiagMessage: Destroyed live tcp sockets for uids={10229} in 3ms
04-08 01:48:21.155   699   852 D InetDiagMessage: Destroyed 0 sockets, proto=IPPROTO_TCP, family=AF_INET, states=14
04-08 01:48:21.153   699  1776 V WindowManager: Defer transition id=144 for TaskFragmentTransaction=android.os.Binder@c0ef356
04-08 01:48:21.155   699   852 D InetDiagMessage: Destroyed 0 sockets, proto=IPPROTO_TCP, family=AF_INET6, states=14
04-08 01:48:21.155   699   852 D InetDiagMessage: Destroyed live tcp sockets for uids={20229} in 1ms
04-08 01:48:21.155  3324  3324 D ViewRootImpl: Skipping stats log for color mode
04-08 01:48:21.155  3324  3324 D BaseActivity: Launcher flags updated: [state_started] +[state_started]
04-08 01:48:21.155   699  1776 W ProcessStats: Tracking association SourceState{4ea916f system/1000 ImpFg #12252} whose proc state 5 is better than process ProcessState{eea19b6 com.google.android.ext.services/10217 pkg=com.google.android.ext.services} proc state 14 (2 skipped)
04-08 01:48:21.155  3324  3324 D BaseActivity: Launcher flags updated: [state_started|state_resumed|state_user_active] +[state_resumed|state_user_active]
04-08 01:48:21.156  3324  3324 D BaseActivity: Launcher flags updated: [state_started|state_resumed|state_user_active] +[]
04-08 01:48:21.156  3324  3324 D BaseActivity: Launcher flags updated: [state_started|state_resumed|state_deferred_resumed|state_user_active] +[state_deferred_resumed]
04-08 01:48:21.156  3324  3324 D StatsLog: LAUNCHER_ONRESUME
04-08 01:48:21.157   512   603 I libbinder.BpBinder: onLastStrongRef automatically unlinking death recipients for binder (0x77c3cc63f380) with descriptor: '(not cached)'
04-08 01:48:21.156   699  1731 V WindowManager: Continue transition id=144 for TaskFragmentTransaction=android.os.Binder@c0ef356
04-08 01:48:21.158   950  1014 V RecentTasksController: Notify recent tasks changed
04-08 01:48:21.160  3324  3358 D QuickstepModelDelegate: notifyAppTargetEvent action=1 launchLocation=workspace/0/[-1,-1]/[1,1]
04-08 01:48:21.159   950  1014 D WindowManagerShell: setLauncherKeepClearAreaHeight: visible=true, height=495
04-08 01:48:21.160  4197  4218 I AiAiEcho: Predicting[0]:  [CONTEXT sampling_count=5 ]
04-08 01:48:21.160  4197  4218 I AiAiEcho: EchoTargets: 
04-08 01:48:21.160  4197  4218 I AiAiEcho: Filtered by AiAi flag check: 
04-08 01:48:21.160  4197  4218 I AiAiEcho: [CONTEXT ratelimit_period="10 SECONDS" ]
04-08 01:48:21.160  4197  4218 I AiAiEcho: #remoteViewsTwiddler: feature disabled.
04-08 01:48:21.160  4197  4218 I AiAiEcho: #postPredictionTargets: Sending updates to UISurface home with targets# 0 (types=[])
04-08 01:48:21.161  1065  1065 D CarrierSvcBindHelper: onHandleForceStop: [com.spaceroom_clean]
04-08 01:48:21.162  1065  1065 D CarrierSvcBindHelper: No carrier app for: 0
04-08 01:48:21.167  3324  3324 D SmartspaceInteractor: notifySmartspaceEvent: SmartspaceTargetEvent{mSmartspaceTarget=null, mSmartspaceActionId='null', mEventType=6}
04-08 01:48:21.169   699  1776 D WindowManager: setClientSurface Surface(name=VRI-com.google.android.apps.nexuslauncher/com.google.android.apps.nexuslauncher.NexusLauncherActivity#1551)/@0x115d578 for 6320b84 com.google.android.apps.nexuslauncher/com.google.android.apps.nexuslauncher.NexusLauncherActivity
04-08 01:48:21.169  3324  3324 I Surface : Creating surface for consumer unnamed-3324-17 with slotExpansion=1 for 64 slots
04-08 01:48:21.170  3324  3324 I Surface : Creating surface for consumer VRI[NexusLauncherActivity]#12(BLAST Consumer)12 with slotExpansion=1 for 64 slots
04-08 01:48:21.172  3324  3324 D BaseDepthController: setSurface:
04-08 01:48:21.172  3324  3324 D BaseDepthController: 	mWaitingOnSurfaceValidity: false
04-08 01:48:21.172  3324  3324 D BaseDepthController: 	mBaseSurface: Surface(name=VRI-com.google.android.apps.nexuslauncher/com.google.android.apps.nexuslauncher.NexusLauncherActivity#1551)/@0x8b56321
04-08 01:48:21.172  3324  3324 V BaseDepthController: Applying blur: 0 to Surface(name=VRI-com.google.android.apps.nexuslauncher/com.google.android.apps.nexuslauncher.NexusLauncherActivity#1551)/@0x8b56321 applyImmediately: false
04-08 01:48:21.172  3324  3324 D BaseDepthController: shouldBlurWorkspace: false targetState: Normal currentStableState: Normal mCurrentBlur: 0 mLauncher.getDepthBlurTargets(): [com.android.launcher3.Workspace{5f57346 V.ED..... .......D 0,0-1080,2424 #7f0a047d app:id/workspace}, com.android.launcher3.Hotseat{c59907 V.ED..... .......D 0,1929-1080,2424 #7f0a01f1 app:id/hotseat}]
04-08 01:48:21.175   699   802 W InputDispatcher: channel 'c2e7462 com.spaceroom_clean/com.spaceroom_clean.MainActivity' ~ Consumer closed input channel or an error occurred.  events=0x9
04-08 01:48:21.175   699   802 E InputDispatcher: channel 'c2e7462 com.spaceroom_clean/com.spaceroom_clean.MainActivity' ~ Channel is unrecoverably broken and will be disposed!
04-08 01:48:21.175   699   802 I WindowManager: WINDOW DIED Window{c2e7462 u0 com.spaceroom_clean/com.spaceroom_clean.MainActivity}
04-08 01:48:21.176   699  1202 D SensorService: Unregistering client listener for PID 9787
04-08 01:48:21.177   699  1747 V ActivityManager: Got obituary of 9787:com.spaceroom_clean
04-08 01:48:21.177   699   720 W ActivityManager: setHasOverlayUi called on unknown pid: 9787
04-08 01:48:21.177   950  1267 D WallpaperService: onVisibilityChanged(true): com.android.systemui.wallpapers.ImageWallpaper$CanvasEngine@6aacb04
04-08 01:48:21.177   514   514 I adbd    : Remote process closed the socket (on MSG_PEEK)
04-08 01:48:21.178   464   464 I Zygote  : Process 9787 exited due to signal 9 (Killed)
04-08 01:48:21.182   699   729 I libprocessgroup: Removed cgroup /sys/fs/cgroup/apps/uid_10229/pid_9787
04-08 01:48:21.213   699  1188 W ActivityTaskManager: callingPackage for (uid=2000, pid=11438) has no WPC
04-08 01:48:21.214   699  1188 V GrammaticalInflectionUtils: AttributionSource: android.content.AttributionSource@269967f2 does not have READ_SYSTEM_GRAMMATICAL_GENDER permission.
04-08 01:48:21.214   699  1188 W TransitionChain: Combining startAct into #144(CLOSE|R|0x0) from appDied
04-08 01:48:21.217   699  1188 I ActivityTaskManager: Add Task{8365006 #32 type=standard A=10229:com.spaceroom_clean} to hidden list because adding Task{b0bc48e #33 type=standard A=10229:com.spaceroom_clean}
04-08 01:48:21.221   950  1057 I Surface : Creating surface for consumer unnamed-950-38 with slotExpansion=1 for 64 slots
04-08 01:48:21.222   699  1188 V ActivityTaskManager: TaskLaunchParamsModifier: phase=3 task=Task{b0bc48e #33 type=standard A=10229:com.spaceroom_clean} activity=ActivityRecord{69766281 u0 com.spaceroom_clean/.MainActivity t-1} display-from-task=0 display-id=0 task-display-area-windowing-mode=1 suggested-display-area=DefaultTaskDisplayArea@250546736 inherit-from-task=fullscreen non-freeform-task-display-area display-area=DefaultTaskDisplayArea@250546736 skip-bounds-fullscreen
04-08 01:48:21.222   699  1188 I ActivityTaskManager: START u0 {flg=0x10000000 xflg=0x5 cmp=com.spaceroom_clean/.MainActivity} with LAUNCH_SINGLE_TASK from uid 2000 (com.android.shell) (BAL_ALLOW_PERMISSION) result code=0
04-08 01:48:21.223   699  1188 W InputChannel-JNI: Channel already disposed.
04-08 01:48:21.231   699   720 V GrammaticalInflectionUtils: AttributionSource: android.content.AttributionSource@269967f2 does not have READ_SYSTEM_GRAMMATICAL_GENDER permission.
04-08 01:48:21.233   950  1014 V RecentTasksController: Notify recent tasks changed
04-08 01:48:21.233   950  1014 D ShellDesktopMode: DesktopRepository(0): Removes freeform task: taskId=32
04-08 01:48:21.233   950  1014 W ShellDesktopMode: DesktopRepository(0): No display id found for task: taskId=32
04-08 01:48:21.233   950  1014 V RecentTasksController: Notify recent tasks changed
04-08 01:48:21.241   464   464 D Zygote  : Forked child process 11442
04-08 01:48:21.245   699   728 I ActivityManager: Start proc 11442:com.spaceroom_clean/u0a229 for next-top-activity {com.spaceroom_clean/com.spaceroom_clean.MainActivity}
04-08 01:48:21.252 11442 11442 I Zygote  : Process 11442 created for com.spaceroom_clean
04-08 01:48:21.252 11442 11442 I spaceroom_clean: Late-enabling -Xcheck:jni
04-08 01:48:21.255  3324  3324 D RecentTasksList: invalidateLoadedTasks - previous requestLoadId: -1
04-08 01:48:21.255  3324  3324 D RecentsView: onTaskDisplayChanged: 33, new displayId = 0
04-08 01:48:21.255  3324  3324 D BaseActivity: Launcher flags updated: [state_started|state_resumed|state_deferred_resumed|state_user_active] -[]
04-08 01:48:21.256  3324  3324 D BaseActivity: Launcher flags updated: [state_started|state_resumed|state_deferred_resumed] -[state_user_active]
04-08 01:48:21.256  3324  3324 D BaseActivity: Launcher flags updated: [state_started] -[state_resumed|state_deferred_resumed]
04-08 01:48:21.256  3324  3324 W SplitSelectStateCtor: Missing session instanceIds
04-08 01:48:21.256  3324  3324 D StatsLog: LAUNCHER_SPLIT_SELECTION_EXIT_INTERRUPTED
04-08 01:48:21.257   950  1014 D WindowManagerShell: setLauncherKeepClearAreaHeight: visible=false, height=495
04-08 01:48:21.257   699   713 V WindowManager: Defer transition id=144 for TaskFragmentTransaction=android.os.Binder@a6fd766
04-08 01:48:21.259  3324  3324 D RecentTasksList: invalidateLoadedTasks - previous requestLoadId: -1
04-08 01:48:21.259  3324  3324 D RecentTasksList: invalidateLoadedTasks - previous requestLoadId: -1
04-08 01:48:21.260   699   713 V WindowManager: Continue transition id=144 for TaskFragmentTransaction=android.os.Binder@a6fd766
04-08 01:48:21.267 11442 11442 I spaceroom_clean: Using generational CollectorTypeCMC GC.
04-08 01:48:21.268 11442 11442 W spaceroom_clean: Unexpected CPU variant for x86: x86_64.
04-08 01:48:21.268 11442 11442 W spaceroom_clean: Known variants: atom, sandybridge, silvermont, goldmont, goldmont-plus, goldmont-without-sha-xsaves, tremont, kabylake, alderlake, lunarlake, default
04-08 01:48:21.269  3324  3324 D SsBaseTemplateCard: Passed-in item info is null
04-08 01:48:21.269  3324  3324 D SsBaseTemplateCard: Passed-in item info is null
04-08 01:48:21.269  3324  3324 D SsBaseTemplateCard: Passed-in item info is null
04-08 01:48:21.269  3324  3324 D SsBaseTemplateCard: Passed-in item info is null
04-08 01:48:21.269  3324  3324 I SsBaseTemplateCard: Secondary card pane is null
04-08 01:48:21.273   514   590 I adbd    : jdwp connection from 11442
04-08 01:48:21.277 11442 11442 D nativeloader: Load libframework-connectivity-tiramisu-jni.so using APEX ns com_android_tethering for caller /apex/com.android.tethering/javalib/framework-connectivity-t.jar: ok
04-08 01:48:21.294   950  1057 E ConsumerBase: [ImageReader-420x420f1u2816m2-950-12] abandonLocked: ConsumerBase is abandoned!
04-08 01:48:21.300   699  1188 D WindowManager: setClientSurface Surface(name=VRI-Splash Screen com.spaceroom_clean#1557)/@0xad40ebb for 8039b9a Splash Screen com.spaceroom_clean
04-08 01:48:21.302   950  1055 I Surface : Creating surface for consumer unnamed-950-39 with slotExpansion=1 for 64 slots
04-08 01:48:21.302   950  1055 I Surface : Creating surface for consumer VRI[spaceroom_clean]#26(BLAST Consumer)26 with slotExpansion=1 for 64 slots
04-08 01:48:21.359   950  1014 V RecentTasksController: Notify recent tasks changed
04-08 01:48:21.360  3324  3324 D RecentTasksList: invalidateLoadedTasks - previous requestLoadId: -1
04-08 01:48:21.386 11442 11442 D nativeloader: Configuring clns-9 for other apk /data/app/~~eaDs_6D9qhzOUesXYAFGNA==/com.spaceroom_clean-KfxsxJeHej1NbEW9RuA9Mg==/base.apk. target_sdk_version=36, uses_libraries=, library_path=/data/app/~~eaDs_6D9qhzOUesXYAFGNA==/com.spaceroom_clean-KfxsxJeHej1NbEW9RuA9Mg==/lib/x86_64:/data/app/~~eaDs_6D9qhzOUesXYAFGNA==/com.spaceroom_clean-KfxsxJeHej1NbEW9RuA9Mg==/base.apk!/lib/x86_64, permitted_path=/data:/mnt/expand:/data/user/0/com.spaceroom_clean
04-08 01:48:21.395 11442 11442 V GraphicsEnvironment: Currently set values for:
04-08 01:48:21.395 11442 11442 V GraphicsEnvironment:   angle_gl_driver_selection_pkgs=[]
04-08 01:48:21.395 11442 11442 V GraphicsEnvironment:   angle_gl_driver_selection_values=[]
04-08 01:48:21.395 11442 11442 V GraphicsEnvironment: com.spaceroom_clean is not listed in per-application setting
04-08 01:48:21.395 11442 11442 V GraphicsEnvironment: No special selections for ANGLE, returning default driver choice
04-08 01:48:21.396 11442 11442 V GraphicsEnvironment: Neither updatable production driver nor prerelease driver is supported.
04-08 01:48:21.408 11442 11442 W SoLoader: Initializing SoLoader: 0
04-08 01:48:21.409 11442 11442 W SoLoader: Recording new base apk path: /data/app/~~eaDs_6D9qhzOUesXYAFGNA==/com.spaceroom_clean-KfxsxJeHej1NbEW9RuA9Mg==/base.apk
04-08 01:48:21.409 11442 11442 W SoLoader: Previously recorded 0 base apk paths.
04-08 01:48:21.409 11442 11442 I SoLoader: Preparing SO source: DirectorySoSource[root = /vendor/lib64 flags = 2]
04-08 01:48:21.409 11442 11442 I SoLoader: Preparing SO source: DirectorySoSource[root = /system/lib64 flags = 2]
04-08 01:48:21.409 11442 11442 I SoLoader: Preparing SO source: DirectApkSoSource[root = [/data/app/~~eaDs_6D9qhzOUesXYAFGNA==/com.spaceroom_clean-KfxsxJeHej1NbEW9RuA9Mg==/base.apk!/lib/x86_64]]
04-08 01:48:21.428 11442 11442 I SoLoader: Preparing SO source: ApplicationSoSource[DirectorySoSource[root = /data/app/~~eaDs_6D9qhzOUesXYAFGNA==/com.spaceroom_clean-KfxsxJeHej1NbEW9RuA9Mg==/lib/x86_64 flags = 0]]
04-08 01:48:21.428 11442 11442 I SoLoader: init finish: 4 SO sources prepared
04-08 01:48:21.428 11442 11442 W SoLoader: SoLoader initialized: 8
04-08 01:48:21.455 11442 11442 D nativeloader: Load /data/app/~~eaDs_6D9qhzOUesXYAFGNA==/com.spaceroom_clean-KfxsxJeHej1NbEW9RuA9Mg==/base.apk!/lib/x86_64/libc++_shared.so using class loader ns clns-9 (caller=/data/app/~~eaDs_6D9qhzOUesXYAFGNA==/com.spaceroom_clean-KfxsxJeHej1NbEW9RuA9Mg==/base.apk): ok
04-08 01:48:21.473 11442 11442 D nativeloader: Load /data/app/~~eaDs_6D9qhzOUesXYAFGNA==/com.spaceroom_clean-KfxsxJeHej1NbEW9RuA9Mg==/base.apk!/lib/x86_64/libjsi.so using class loader ns clns-9 (caller=/data/app/~~eaDs_6D9qhzOUesXYAFGNA==/com.spaceroom_clean-KfxsxJeHej1NbEW9RuA9Mg==/base.apk): ok
04-08 01:48:21.486 11442 11442 D nativeloader: Load /data/app/~~eaDs_6D9qhzOUesXYAFGNA==/com.spaceroom_clean-KfxsxJeHej1NbEW9RuA9Mg==/base.apk!/lib/x86_64/libfbjni.so using class loader ns clns-9 (caller=/data/app/~~eaDs_6D9qhzOUesXYAFGNA==/com.spaceroom_clean-KfxsxJeHej1NbEW9RuA9Mg==/base.apk): ok
04-08 01:48:21.495 11442 11442 D nativeloader: Load /data/app/~~eaDs_6D9qhzOUesXYAFGNA==/com.spaceroom_clean-KfxsxJeHej1NbEW9RuA9Mg==/base.apk!/lib/x86_64/libreactnative.so using class loader ns clns-9 (caller=/data/app/~~eaDs_6D9qhzOUesXYAFGNA==/com.spaceroom_clean-KfxsxJeHej1NbEW9RuA9Mg==/base.apk): ok
04-08 01:48:21.495 11442 11442 D jni_lib_merge: Entering merged library JNI_OnLoad.
04-08 01:48:21.495 11442 11442 D jni_lib_merge: Preparing 12 pre-merged libs (including stub)
04-08 01:48:21.495 11442 11442 D jni_lib_merge: Preparing to register libfabricjni_so.  onload_func: 0x767b293eb5d0
04-08 01:48:21.495 11442 11442 D jni_lib_merge: Preparing to register libreact_devsupportjni_so.  onload_func: 0x767b29604660
04-08 01:48:21.495 11442 11442 D jni_lib_merge: Preparing to register libreact_featureflagsjni_so.  onload_func: 0x767b29616530
04-08 01:48:21.495 11442 11442 D jni_lib_merge: Preparing to register libreact_newarchdefaults_so.  onload_func: 0x767b296b1b10
04-08 01:48:21.495 11442 11442 D jni_lib_merge: Preparing to register libreactnativeblob_so.  onload_func: 0x767b298be6c0
04-08 01:48:21.495 11442 11442 D jni_lib_merge: Preparing to register libreactnativejni_so.  onload_func: 0x767b298fa2d0
04-08 01:48:21.495 11442 11442 D jni_lib_merge: Preparing to register libreactnativejni_common_so.  onload_func: 0x767b298ffcd0
04-08 01:48:21.495 11442 11442 D jni_lib_merge: Preparing to register librninstance_so.  onload_func: 0x767b29949fe0
04-08 01:48:21.495 11442 11442 D jni_lib_merge: Preparing to register libturbomodulejsijni_so.  onload_func: 0x767b29aabf40
04-08 01:48:21.495 11442 11442 D jni_lib_merge: Preparing to register libuimanagerjni_so.  onload_func: 0x767b29ac2a30
04-08 01:48:21.495 11442 11442 D jni_lib_merge: Preparing to register libyoga_so.  onload_func: 0x767b29ad19c0
04-08 01:48:21.495 11442 11442 D jni_lib_merge: About to register 11 actual methods.
04-08 01:48:21.522 11442 11442 D nativeloader: Load /data/app/~~eaDs_6D9qhzOUesXYAFGNA==/com.spaceroom_clean-KfxsxJeHej1NbEW9RuA9Mg==/base.apk!/lib/x86_64/libreact_codegen_safeareacontext.so using class loader ns clns-9 (caller=/data/app/~~eaDs_6D9qhzOUesXYAFGNA==/com.spaceroom_clean-KfxsxJeHej1NbEW9RuA9Mg==/base.apk): ok
04-08 01:48:21.524 11442 11442 D nativeloader: Load /data/app/~~eaDs_6D9qhzOUesXYAFGNA==/com.spaceroom_clean-KfxsxJeHej1NbEW9RuA9Mg==/base.apk!/lib/x86_64/libappmodules.so using class loader ns clns-9 (caller=/data/app/~~eaDs_6D9qhzOUesXYAFGNA==/com.spaceroom_clean-KfxsxJeHej1NbEW9RuA9Mg==/base.apk): ok
04-08 01:48:21.527   699   720 I ActivityManager: updateOomAdj start time is before than pendingPid added, don't delete it
04-08 01:48:21.528   950  4419 V WindowManagerShell: onTransitionReady(transaction=3002182151321)
04-08 01:48:21.529   699   717 V WindowManager: Sent Transition (#144) createdAt=04-08 01:48:21.150 via request=TransitionRequestInfo { type = CLOSE, triggerTask = TaskInfo{userId=0 taskId=32 effectiveUid=10229 displayId=0 isRunning=false baseIntent=Intent { act=android.intent.action.MAIN cat=[android.intent.category.LAUNCHER] flg=0x10000000 cmp=com.spaceroom_clean/.MainActivity } baseActivity=null topActivity=null origActivity=null realActivity=ComponentInfo{com.spaceroom_clean/com.spaceroom_clean.MainActivity} realActivityIsAppLockEnabled=false numActivities=0 lastActiveTime=19897725 supportsMultiWindow=true supportsMultiWindowWithoutConstraints=true resizeMode=1 isResizeable=true minWidth=-1 minHeight=-1 defaultMinSize=220 token=WCT{RemoteToken{23909e4 Task{8365006 #32 type=standard A=10229:com.spaceroom_clean}}} topActivityType=1 pictureInPictureParams=null shouldDockBigOverlays=false launchIntoPipHostTaskId=-1 lastParentTaskIdBeforePip=-1 displayCutoutSafeInsets=Rect(0, 0 - 0, 0) topActivityInfo=null launchCookies=[] positionInParent=Point(0, 0) parentTaskId=-1 isFocused=true isInteractive=false isVisible=true isVisibleRequested=true isTopActivityNoDisplay=false isSleeping=false locusId=null displayAreaFeatureId=1 isTopActivityTransparent=false isActivityStackTransparent=true lastNonFullscreenBounds=null leafTaskBoundsFromOptions= false capturedLink=null capturedLinkTimestamp=0 requestedVisibleTypes=503 topActivityRequestOpenInBrowserEducationTimestamp=0 appCompatTaskInfo=AppCompatTaskInfo { topActivityInSizeCompat=false isLeafTask= true eligibleForLetterboxEducation= false isLetterboxEducationEnabled= false isLetterboxDoubleTapEnabled= false eligibleForUserAspectRatioButton= false topActivityBoundsLetterboxed= false isFromLetterboxDoubleTap= false topActivityLetterboxVerticalPosition= -1 topActivityLetterboxHorizontalPosition= -1 topActivityLetterboxWidth=-1 topActivityLetterboxHeight=-1 topActivityAppBounds=Rect(0, 0 - 0, 0) isUserFullscreenOverrideEnabled=false isSystemFullscreenOverrideEnabled=false hasMinAspectRatioOverride=false topActivityLetterboxBounds=null topNonResizableActivityAspectRatio=-1.0} topActivityMainWindowFrame=null isAppBubble=false}, pipChange = null, remoteTransitionInfo = null, displayChange = null, requestedLocation = null, userChange = null, windowingLayerChange = null, fullscreenRequestChange = null, flags = 0, debugId = 144 }
04-08 01:48:21.530   699   717 V WindowManager:     startWCT=WindowContainerTransaction { changes= {} hops= [] flags= 0 errorCallbackToken=null taskFragmentOrganizer=null }
04-08 01:48:21.530   699   717 V WindowManager:     info={id=144 t=CLOSE f=0x0 trk=0 r=[0@Point(0, 0)] c=[
04-08 01:48:21.530   699   717 V WindowManager:         {WCT{RemoteToken{9a61f0 Task{b0bc48e #33 type=standard A=10229:com.spaceroom_clean}}} m=OPEN f=MOVE_TO_TOP leash=Surface(name=Task=33#1554)/@0xb4f4da2 sb=Rect(0, 0 - 1080, 2424) eb=Rect(0, 0 - 1080, 2424) epz=Point(1080, 2424) d=0 taskParent=-1 winMode=1 userId=0},
04-08 01:48:21.530   699   717 V WindowManager:         {WCT{RemoteToken{23909e4 Task{8365006 #32 type=standard A=10229:com.spaceroom_clean}}} m=CLOSE f=NONE leash=Surface(name=Task=32#1507)/@0xd7caf76 sb=Rect(0, 0 - 1080, 2424) eb=Rect(0, 0 - 1080, 2424) epz=Point(1080, 2424) d=0 taskParent=-1 winMode=1 userId=0}
04-08 01:48:21.530   699   717 V WindowManager:     ]}
04-08 01:48:21.528   950  1014 V WindowManagerShell: onTransitionReady (#144) android.os.BinderProxy@78f6fab: {id=144 t=CLOSE f=0x0 trk=0 r=[0@Point(0, 0)] c=[
04-08 01:48:21.528   950  1014 V WindowManagerShell:         {m=OPEN f=MOVE_TO_TOP leash=Surface(name=Task=33#1554)/@0x62ea481 sb=Rect(0, 0 - 1080, 2424) eb=Rect(0, 0 - 1080, 2424) epz=Point(1080, 2424) d=0 taskParent=-1 winMode=1 userId=0},
04-08 01:48:21.528   950  1014 V WindowManagerShell:         {m=CLOSE f=NONE leash=Surface(name=Task=32#1507)/@0x4c18926 sb=Rect(0, 0 - 1080, 2424) eb=Rect(0, 0 - 1080, 2424) epz=Point(1080, 2424) d=0 taskParent=-1 winMode=1 userId=0}
04-08 01:48:21.528   950  1014 V WindowManagerShell:     ]}
04-08 01:48:21.529   950  1014 V WindowManagerShell: Playing animation for (#144) android.os.BinderProxy@78f6fab@0
04-08 01:48:21.529   950  1014 D ShellSplitScreen: startAnimation: transition=144 isSplitActive=false
04-08 01:48:21.529   950  1014 V ShellRecents: RecentsTransitionHandler.startAnimation: no controller found
04-08 01:48:21.529   950  1014 V ShellDesktopMode: DesktopMixedTransitionHandler: No pending desktop transition
04-08 01:48:21.529   950  1014 V WindowManagerShell: Transition doesn't have explicit remote, search filters for match for {id=144 t=CLOSE f=0x0 trk=0 r=[0@Point(0, 0)] c=[{m=OPEN f=MOVE_TO_TOP leash=Surface(name=Task=33#1554)/@0x62ea481 sb=Rect(0, 0 - 1080, 2424) eb=Rect(0, 0 - 1080, 2424) epz=Point(1080, 2424) d=0 taskParent=-1 winMode=1 userId=0},{m=CLOSE f=NONE leash=Surface(name=Task=32#1507)/@0x4c18926 sb=Rect(0, 0 - 1080, 2424) eb=Rect(0, 0 - 1080, 2424) epz=Point(1080, 2424) d=0 taskParent=-1 winMode=1 userId=0}]}
04-08 01:48:21.529   950  1014 V WindowManagerShell:  Checking filter Pair{{types=[] flags=0x0 notFlags=0x0 checks=[{atype=undefined independent=true modes=[CLOSE,TO_BACK] flags=IN_TASK_WITH_EMBEDDED_ACTIVITY mustBeTask=false order=ANY topActivity=null launchCookie=null taskFragmentToken=android.os.BinderProxy@71fb0b2 windowingMode=undefined isCrossDisplayMove=false}]} RemoteTransition { remoteTransition = android.window.IRemoteTransition$Stub$Proxy@c00a803, appThread = android.app.IApplicationThread$Stub$Proxy@4caa380, debugName = overlayBackTransition, filter = {types=[] flags=0x0 notFlags=0x0 checks=[{atype=undefined independent=true modes=[CLOSE,TO_BACK] flags=IN_TASK_WITH_EMBEDDED_ACTIVITY mustBeTask=false order=ANY topActivity=null launchCookie=null taskFragmentToken=android.os.BinderProxy@71fb0b2 windowingMode=undefined isCrossDisplayMove=false}]} }}
04-08 01:48:21.529   950  1014 V WindowManagerShell:  Checking filter Pair{{types=[] flags=0x0 notFlags=0x0 checks=[{atype=dream independent=true modes=[OPEN,TO_FRONT] flags=NONE mustBeTask=false order=ANY topActivity=null launchCookie=null windowingMode=undefined isCrossDisplayMove=false},{atype=home independent=true modes=[CLOSE,TO_BACK] flags=NONE mustBeTask=false order=ANY topActivity=null launchCookie=null windowingMode=undefined isCrossDisplayMove=false}]} RemoteTransition { remoteTransition = android.window.IRemoteTransition$Stub$Proxy@d18cdb9, appThread = android.app.IApplicationThread$Stub$Proxy@85425fe, debugName = LauncherToDream, filter = {types=[] flags=0x0 notFlags=0x0 checks=[{atype=dream independent=true modes=[OPEN,TO_FRONT] flags=NONE mustBeTask=false order=ANY topActivity=null launchCookie=null windowingMode=undefined isCrossDisplayMove=false},{atype=home independent=true modes=[CLOSE,TO_BACK] flags=NONE mustBeTask=false order=ANY topActivity=null launchCookie=null windowingMode=undefined isCrossDisplayMove=false}]} }}
04-08 01:48:21.529   950  1014 V WindowManagerShell:  Checking filter Pair{{types=[] flags=0x0 notFlags=0x0 checks=[{atype=standard independent=false modes=[CHANGE] flags=NONE mustBeTask=true order=ANY topActivity=null launchCookie=null windowingMode=undefined isCrossDisplayMove=true}]} RemoteTransition { remoteTransition = android.window.IRemoteTransition$Stub$Proxy@fdbc15f, appThread = android.app.IApplicationThread$Stub$Proxy@3f677ac, debugName = QuickstepDisplayMove, filter = {types=[] flags=0x0 notFlags=0x0 checks=[{atype=standard independent=false modes=[CHANGE] flags=NONE mustBeTask=true order=ANY topActivity=null launchCookie=null windowingMode=undefined isCrossDisplayMove=true}]} }}
04-08 01:48:21.529   950  1014 V WindowManagerShell:  Checking filter Pair{{types=[] flags=0x0 notFlags=0x100 checks=[{atype=home independent=true modes=[OPEN,TO_FRONT] flags=NONE mustBeTask=false order=ANY topActivity=ComponentInfo{com.google.android.apps.nexuslauncher/com.google.android.apps.nexuslauncher.NexusLauncherActivity} launchCookie=null windowingMode=undefined isCrossDisplayMove=false},{atype=standard independent=true modes=[CLOSE,TO_BACK] flags=NONE mustBeTask=false order=ANY topActivity=null launchCookie=null windowingMode=undefined isCrossDisplayMove=false},{NOT atype=undefined independent=true modes=[] flags=NONE mustBeTask=true order=ANY topActivity=null launchCookie=null customAnim=true windowingMode=undefined isCrossDisplayMove=false}]} RemoteTransition { remoteTransition = android.window.IRemoteTransition$Stub$Proxy@36f8c75, appThread = android.app.IApplicationThread$Stub$Proxy@ac8a40a, debugName = QuickstepLaunchHome, filter = {types=[] flags=0x0 notFlags=0x100 checks=[{atype=home independent=true modes=[OPEN,TO_FRONT] flags=NONE mustBeTask=false order=ANY topActivity=ComponentInfo{com.google.android.apps.nexuslauncher/com.google.android.apps.nexuslauncher.NexusLauncherActivity} launchCookie=null windowingMode=undefined isCrossDisplayMove=false},{atype=standard independent=true modes=[CLOSE,TO_BACK] flags=NONE mustBeTask=false order=ANY topActivity=null launchCookie=null windowingMode=undefined isCrossDisplayMove=false},{NOT atype=undefined independent=true modes=[] flags=NONE mustBeTask=true order=ANY topActivity=null launchCookie=null customAnim=true windowingMode=undefined isCrossDisplayMove=false}]} }}
04-08 01:48:21.529   950  1014 V WindowManagerShell:  Checking filter Pair{{types=[OPEN,TO_FRONT] flags=0x0 notFlags=0x0 checks=[{atype=standard independent=true modes=[OPEN,TO_FRONT] flags=NONE mustBeTask=true order=ANY topActivity=null launchCookie=null windowingMode=freeform isCrossDisplayMove=false}]} RemoteTransition { remoteTransition = android.window.IRemoteTransition$Stub$Proxy@56c0bd3, appThread = null, debugName = DesktopWindowLimitUnminimize, filter = {types=[OPEN,TO_FRONT] flags=0x0 notFlags=0x0 checks=[{atype=standard independent=true modes=[OPEN,TO_FRONT] flags=NONE mustBeTask=true order=ANY topActivity=null launchCookie=null windowingMode=freeform isCrossDisplayMove=false}]} }}
04-08 01:48:21.529   950  1014 V WindowManagerShell:  Delegate animation for (#144) to null
04-08 01:48:21.529   950  1014 V WindowManagerShell: start default transition animation, info = {id=144 t=CLOSE f=0x0 trk=0 r=[0@Point(0, 0)] c=[{m=OPEN f=MOVE_TO_TOP leash=Surface(name=Task=33#1554)/@0x62ea481 sb=Rect(0, 0 - 1080, 2424) eb=Rect(0, 0 - 1080, 2424) epz=Point(1080, 2424) d=0 taskParent=-1 winMode=1 userId=0},{m=CLOSE f=NONE leash=Surface(name=Task=32#1507)/@0x4c18926 sb=Rect(0, 0 - 1080, 2424) eb=Rect(0, 0 - 1080, 2424) epz=Point(1080, 2424) d=0 taskParent=-1 winMode=1 userId=0}]}
04-08 01:48:21.530   950  1014 V WindowManagerShell: loadAnimation: anim=android.view.animation.AnimationSet@52d11b2 animAttr=0xb type=CLOSE isEntrance=false
04-08 01:48:21.532 11442 11458 I DisplayManager: Choreographer implicitly registered for the refresh rate.
04-08 01:48:21.539   950  1014 V WindowManagerShell: loadAnimation: anim=android.view.animation.AnimationSet@d53de5f animAttr=0xa type=CLOSE isEntrance=true
04-08 01:48:21.541 11442 11442 D DesktopExperienceFlags: Toggle override initialized to: false
04-08 01:48:21.544   950  1014 V WindowManagerShell:  animated by com.android.wm.shell.transition.DefaultTransitionHandler@186f31f
04-08 01:48:21.546 11442 11442 D AppCompatDelegate: Checking for metadata for AppLocalesMetadataHolderService : Service not found
04-08 01:48:21.569 11442 11458 I GFXSTREAM: [eglDisplay.cpp(297)] Opening libGLESv1_CM_emulation.so
04-08 01:48:21.569 11442 11458 I GFXSTREAM: [eglDisplay.cpp(297)] Opening libGLESv2_emulation.so
04-08 01:48:21.591 11442 11458 W HWUI    : Failed to choose config with EGL_SWAP_BEHAVIOR_PRESERVED, retrying without...
04-08 01:48:21.591 11442 11458 W HWUI    : Failed to initialize 101010-2 format, error = EGL_SUCCESS
04-08 01:48:21.600 11442 11442 D nativeloader: Load /data/app/~~eaDs_6D9qhzOUesXYAFGNA==/com.spaceroom_clean-KfxsxJeHej1NbEW9RuA9Mg==/base.apk!/lib/x86_64/libhermesvm.so using class loader ns clns-9 (caller=/data/app/~~eaDs_6D9qhzOUesXYAFGNA==/com.spaceroom_clean-KfxsxJeHej1NbEW9RuA9Mg==/base.apk): ok
04-08 01:48:21.603 11442 11442 D nativeloader: Load /data/app/~~eaDs_6D9qhzOUesXYAFGNA==/com.spaceroom_clean-KfxsxJeHej1NbEW9RuA9Mg==/base.apk!/lib/x86_64/libhermestooling.so using class loader ns clns-9 (caller=/data/app/~~eaDs_6D9qhzOUesXYAFGNA==/com.spaceroom_clean-KfxsxJeHej1NbEW9RuA9Mg==/base.apk): ok
04-08 01:48:21.603 11442 11442 D jni_lib_merge: Entering merged library JNI_OnLoad.
04-08 01:48:21.603 11442 11442 D jni_lib_merge: Preparing 4 pre-merged libs (including stub)
04-08 01:48:21.603 11442 11442 D jni_lib_merge: Preparing to register libhermes_executor_so.  onload_func: 0x767c01f3cad0
04-08 01:48:21.603 11442 11442 D jni_lib_merge: Preparing to register libhermesinstancejni_so.  onload_func: 0x767c01f68330
04-08 01:48:21.603 11442 11442 D jni_lib_merge: Preparing to register libjsijniprofiler_so.  onload_func: 0x767c01f6a0a0
04-08 01:48:21.603 11442 11442 D jni_lib_merge: About to register 3 actual methods.
04-08 01:48:21.623   478   632 I RanchuHwc: logCompositionFallbackIfChanged: layer 249 CompositionType fallback from 2 to 1
04-08 01:48:21.623   478   632 I RanchuHwc: logCompositionFallbackIfChanged: layer 252 CompositionType fallback from 3 to 1
04-08 01:48:21.626   512   614 W skia    : AGTM parsing failed flags.readFromStream(s) at 159
04-08 01:48:21.629   512   614 W skia    : AGTM parsing failed flags.readFromStream(s) at 159
04-08 01:48:21.629   512   614 W skia    : AGTM parsing failed flags.readFromStream(s) at 159
04-08 01:48:21.629   512   614 W skia    : AGTM parsing failed flags.readFromStream(s) at 159
04-08 01:48:21.629   512   614 W skia    : AGTM parsing failed flags.readFromStream(s) at 159
04-08 01:48:21.636   512   614 W skia    : AGTM parsing failed flags.readFromStream(s) at 159
04-08 01:48:21.636   512   614 W skia    : AGTM parsing failed flags.readFromStream(s) at 159
04-08 01:48:21.636   512   614 W skia    : AGTM parsing failed flags.readFromStream(s) at 159
04-08 01:48:21.636   512   614 W skia    : AGTM parsing failed flags.readFromStream(s) at 159
04-08 01:48:21.636   512   614 W skia    : AGTM parsing failed flags.readFromStream(s) at 159
04-08 01:48:21.651   512   614 W skia    : AGTM parsing failed flags.readFromStream(s) at 159
04-08 01:48:21.651   512   614 W skia    : AGTM parsing failed flags.readFromStream(s) at 159
04-08 01:48:21.651   512   614 W skia    : AGTM parsing failed flags.readFromStream(s) at 159
04-08 01:48:21.651   512   614 W skia    : AGTM parsing failed flags.readFromStream(s) at 159
04-08 01:48:21.651   512   614 W skia    : AGTM parsing failed flags.readFromStream(s) at 159
04-08 01:48:21.669   512   614 W skia    : AGTM parsing failed flags.readFromStream(s) at 159
04-08 01:48:21.669   512   614 W skia    : AGTM parsing failed flags.readFromStream(s) at 159
04-08 01:48:21.669   512   614 W skia    : AGTM parsing failed flags.readFromStream(s) at 159
04-08 01:48:21.669   512   614 W skia    : AGTM parsing failed flags.readFromStream(s) at 159
04-08 01:48:21.669   512   614 W skia    : AGTM parsing failed flags.readFromStream(s) at 159
04-08 01:48:21.676 11442 11442 W unknown:BridgelessReact: ReactHost{0}.startSurface(surfaceId = 0): Schedule
04-08 01:48:21.676 11442 11442 W unknown:BridgelessReact: ReactHost{0}.attachSurface(surfaceId = 0)
04-08 01:48:21.678 11442 11469 W unknown:BridgelessReact: ReactHost{0}.getOrCreateReactInstanceTask()
04-08 01:48:21.679 11442 11469 W unknown:BridgelessReact: ReactHost{0}.getOrCreateReactInstanceTask(): Start
04-08 01:48:21.679 11442 11469 W unknown:BridgelessReact: ReactHost{0}.getJSBundleLoader()
04-08 01:48:21.679 11442 11469 W unknown:BridgelessReact: ReactHost{0}.isMetroRunning()
04-08 01:48:21.678 11442 11442 D CompatChangeReporter: Compat change id reported: 377864165; UID 10229; state: ENABLED
04-08 01:48:21.679 11442 11442 D DesktopModeFlags: Toggle override initialized to: OVERRIDE_UNSET
04-08 01:48:21.685 11442 11470 W unknown:BridgelessReact: ReactHost{0}.isMetroRunning(): Async result = true
04-08 01:48:21.686   512   614 W skia    : AGTM parsing failed flags.readFromStream(s) at 159
04-08 01:48:21.686   512   614 W skia    : AGTM parsing failed flags.readFromStream(s) at 159
04-08 01:48:21.686   512   614 W skia    : AGTM parsing failed flags.readFromStream(s) at 159
04-08 01:48:21.686   512   614 W skia    : AGTM parsing failed flags.readFromStream(s) at 159
04-08 01:48:21.686   512   614 W skia    : AGTM parsing failed flags.readFromStream(s) at 159
04-08 01:48:21.687 11442 11469 W unknown:BridgelessReact: ReactHost{0}.loadJSBundleFromMetro()
04-08 01:48:21.689 11442 11442 I spaceroom_clean: hiddenapi: Accessing hidden method Landroid/view/ViewGroup;->makeOptionalFitsSystemWindows()V (runtime_flags=0, domain=platform, api=unsupported) from Landroidx/appcompat/widget/ViewUtils; (domain=app, TargetSdkVersion=36) using reflection: allowed
04-08 01:48:21.697 11442 11442 W unknown:BridgelessReact: ReactHost{0}.onHostResume(activity)
04-08 01:48:21.697 11442 11442 W unknown:ReactNative: Packager connection already open, nooping.
04-08 01:48:21.701 11442 11442 W HWUI    : Unknown dataspace 0
04-08 01:48:21.704   699  1202 W InputChannel-JNI: Channel already disposed.
04-08 01:48:21.706   512   614 W skia    : AGTM parsing failed flags.readFromStream(s) at 159
04-08 01:48:21.706   512   614 W skia    : AGTM parsing failed flags.readFromStream(s) at 159
04-08 01:48:21.706   512   614 W skia    : AGTM parsing failed flags.readFromStream(s) at 159
04-08 01:48:21.706   512   614 W skia    : AGTM parsing failed flags.readFromStream(s) at 159
04-08 01:48:21.706   512   614 W skia    : AGTM parsing failed flags.readFromStream(s) at 159
04-08 01:48:21.717   699   713 W WindowManager: Failed looking up window session=null callers=com.android.server.wm.WindowManagerService.addWindow:1683 com.android.server.wm.Session.addToDisplayAsUser:276 android.view.IWindowSession$Stub.onTransact:625 
04-08 01:48:21.718   699   713 W WindowManager: Attempted to add window with token that is not a window: null.  Aborting.
04-08 01:48:21.721   512   614 W skia    : AGTM parsing failed flags.readFromStream(s) at 159
04-08 01:48:21.721   512   614 W skia    : AGTM parsing failed flags.readFromStream(s) at 159
04-08 01:48:21.721   512   614 W skia    : AGTM parsing failed flags.readFromStream(s) at 159
04-08 01:48:21.721   512   614 W skia    : AGTM parsing failed flags.readFromStream(s) at 159
04-08 01:48:21.721   512   614 W skia    : AGTM parsing failed flags.readFromStream(s) at 159
04-08 01:48:21.722 11442 11442 E unknown:ReactNative: Unable to display loading message because react activity isn't active, message: Loading from 10.0.2.2:8081…
04-08 01:48:21.726   699   713 W WindowManager: Failed looking up window session=null callers=com.android.server.wm.WindowManagerService.addWindow:1683 com.android.server.wm.Session.addToDisplayAsUser:276 android.view.IWindowSession$Stub.onTransact:625 
04-08 01:48:21.726   699   713 W WindowManager: Attempted to add window with token that is not a window: null.  Aborting.
04-08 01:48:21.728 11442 11442 E unknown:ReactNative: Unable to display loading message because react activity isn't active, message: Reloading...
04-08 01:48:21.728 11442 11442 D WindowOnBackDispatcher: setTopOnBackInvokedCallback (unwrapped): android.app.Activity$$ExternalSyntheticLambda0@c7f6335
04-08 01:48:21.728 11442 11442 D WindowOnBackDispatcher: setTopOnBackInvokedCallback (unwrapped): androidx.activity.OnBackPressedDispatcher$Api33Impl$$ExternalSyntheticLambda0@753a93b
04-08 01:48:21.728   699   713 D CoreBackPreview: Window{2c22720 u0 com.spaceroom_clean/com.spaceroom_clean.MainActivity}: Setting back callback OnBackInvokedCallbackInfo{mCallback=android.window.IOnBackInvokedCallback$Stub$Proxy@9a5517f, mPriority=-1, mIsAnimationCallback=false, mOverrideBehavior=0}
04-08 01:48:21.728   699   713 D CoreBackPreview: Window{2c22720 u0 com.spaceroom_clean/com.spaceroom_clean.MainActivity}: Setting back callback OnBackInvokedCallbackInfo{mCallback=android.window.IOnBackInvokedCallback$Stub$Proxy@172954c, mPriority=0, mIsAnimationCallback=false, mOverrideBehavior=0}
04-08 01:48:21.729 11442 11442 D VRI[MainActivity]: WindowInsets changed: 1080x2424 statusBars:[0,142,0,0] navigationBars:[0,0,0,63] mandatorySystemGestures:[0,174,0,84] 
04-08 01:48:21.730   699   713 D WindowManager: setClientSurface Surface(name=VRI-com.spaceroom_clean/com.spaceroom_clean.MainActivity#1561)/@0xc0ee995 for 2c22720 com.spaceroom_clean/com.spaceroom_clean.MainActivity
04-08 01:48:21.733   950  1014 V ShellTaskOrganizer: Task appeared taskId=33 listener=FullscreenTaskListener
04-08 01:48:21.733   950  1014 V ShellTaskOrganizer: Fullscreen Task Appeared: #33
04-08 01:48:21.734   950  1014 V RecentTasksController: Notify recent tasks changed
04-08 01:48:21.734 11442 11442 I Surface : Creating surface for consumer unnamed-11442-0 with slotExpansion=1 for 64 slots
04-08 01:48:21.735 11442 11442 I Surface : Creating surface for consumer VRI[MainActivity]#0(BLAST Consumer)0 with slotExpansion=1 for 64 slots
04-08 01:48:21.736  3324  3324 D RecentTasksList: invalidateLoadedTasks - previous requestLoadId: -1
04-08 01:48:21.736   512   614 W skia    : AGTM parsing failed flags.readFromStream(s) at 159
04-08 01:48:21.736   512   614 W skia    : AGTM parsing failed flags.readFromStream(s) at 159
04-08 01:48:21.736   512   614 W skia    : AGTM parsing failed flags.readFromStream(s) at 159
04-08 01:48:21.736   512   614 W skia    : AGTM parsing failed flags.readFromStream(s) at 159
04-08 01:48:21.736   512   614 W skia    : AGTM parsing failed flags.readFromStream(s) at 159
04-08 01:48:21.740   512   614 W skia    : AGTM parsing failed flags.readFromStream(s) at 159
04-08 01:48:21.757   512   614 W skia    : AGTM parsing failed flags.readFromStream(s) at 159
04-08 01:48:21.757   512   614 W skia    : AGTM parsing failed flags.readFromStream(s) at 159
04-08 01:48:21.757   512   614 W skia    : AGTM parsing failed flags.readFromStream(s) at 159
04-08 01:48:21.757   512   614 W skia    : AGTM parsing failed flags.readFromStream(s) at 159
04-08 01:48:21.757   512   614 W skia    : AGTM parsing failed flags.readFromStream(s) at 159
04-08 01:48:21.769   512   614 W skia    : AGTM parsing failed flags.readFromStream(s) at 159
04-08 01:48:21.769   512   614 W skia    : AGTM parsing failed flags.readFromStream(s) at 159
04-08 01:48:21.769   512   614 W skia    : AGTM parsing failed flags.readFromStream(s) at 159
04-08 01:48:21.769   512   614 W skia    : AGTM parsing failed flags.readFromStream(s) at 159
04-08 01:48:21.769   512   614 W skia    : AGTM parsing failed flags.readFromStream(s) at 159
04-08 01:48:21.803   512   614 W skia    : AGTM parsing failed flags.readFromStream(s) at 159
04-08 01:48:21.803   512   614 W skia    : AGTM parsing failed flags.readFromStream(s) at 159
04-08 01:48:21.803   512   614 W skia    : AGTM parsing failed flags.readFromStream(s) at 159
04-08 01:48:21.803   512   614 W skia    : AGTM parsing failed flags.readFromStream(s) at 159
04-08 01:48:21.803   512   614 W skia    : AGTM parsing failed flags.readFromStream(s) at 159
04-08 01:48:21.812   699   717 I ActivityTaskManager: Displayed com.spaceroom_clean/.MainActivity for user 0: +599ms
04-08 01:48:21.819   512   614 W skia    : AGTM parsing failed flags.readFromStream(s) at 159
04-08 01:48:21.819   512   614 W skia    : AGTM parsing failed flags.readFromStream(s) at 159
04-08 01:48:21.819   512   614 W skia    : AGTM parsing failed flags.readFromStream(s) at 159
04-08 01:48:21.819   512   614 W skia    : AGTM parsing failed flags.readFromStream(s) at 159
04-08 01:48:21.819   512   614 W skia    : AGTM parsing failed flags.readFromStream(s) at 159
04-08 01:48:21.837   512   614 W skia    : AGTM parsing failed flags.readFromStream(s) at 159
04-08 01:48:21.837   512   614 W skia    : AGTM parsing failed flags.readFromStream(s) at 159
04-08 01:48:21.837   512   614 W skia    : AGTM parsing failed flags.readFromStream(s) at 159
04-08 01:48:21.837   512   614 W skia    : AGTM parsing failed flags.readFromStream(s) at 159
04-08 01:48:21.837   512   614 W skia    : AGTM parsing failed flags.readFromStream(s) at 159
04-08 01:48:21.842   512   614 W skia    : AGTM parsing failed flags.readFromStream(s) at 159
04-08 01:48:21.853   512   614 W skia    : AGTM parsing failed flags.readFromStream(s) at 159
04-08 01:48:21.853   512   614 W skia    : AGTM parsing failed flags.readFromStream(s) at 159
04-08 01:48:21.853   512   614 W skia    : AGTM parsing failed flags.readFromStream(s) at 159
04-08 01:48:21.853   512   614 W skia    : AGTM parsing failed flags.readFromStream(s) at 159
04-08 01:48:21.853   512   614 W skia    : AGTM parsing failed flags.readFromStream(s) at 159
04-08 01:48:21.870   512   614 W skia    : AGTM parsing failed flags.readFromStream(s) at 159
04-08 01:48:21.870   512   614 W skia    : AGTM parsing failed flags.readFromStream(s) at 159
04-08 01:48:21.871   512   614 W skia    : AGTM parsing failed flags.readFromStream(s) at 159
04-08 01:48:21.871   512   614 W skia    : AGTM parsing failed flags.readFromStream(s) at 159
04-08 01:48:21.871   512   614 W skia    : AGTM parsing failed flags.readFromStream(s) at 159
04-08 01:48:21.887   512   614 W skia    : AGTM parsing failed flags.readFromStream(s) at 159
04-08 01:48:21.887   512   614 W skia    : AGTM parsing failed flags.readFromStream(s) at 159
04-08 01:48:21.887   512   614 W skia    : AGTM parsing failed flags.readFromStream(s) at 159
04-08 01:48:21.887   512   614 W skia    : AGTM parsing failed flags.readFromStream(s) at 159
04-08 01:48:21.887   512   614 W skia    : AGTM parsing failed flags.readFromStream(s) at 159
04-08 01:48:21.903   512   614 W skia    : AGTM parsing failed flags.readFromStream(s) at 159
04-08 01:48:21.903   512   614 W skia    : AGTM parsing failed flags.readFromStream(s) at 159
04-08 01:48:21.903   512   614 W skia    : AGTM parsing failed flags.readFromStream(s) at 159
04-08 01:48:21.903   512   614 W skia    : AGTM parsing failed flags.readFromStream(s) at 159
04-08 01:48:21.903   512   614 W skia    : AGTM parsing failed flags.readFromStream(s) at 159
04-08 01:48:21.920   512   614 W skia    : AGTM parsing failed flags.readFromStream(s) at 159
04-08 01:48:21.920   512   614 W skia    : AGTM parsing failed flags.readFromStream(s) at 159
04-08 01:48:21.920   512   614 W skia    : AGTM parsing failed flags.readFromStream(s) at 159
04-08 01:48:21.920   512   614 W skia    : AGTM parsing failed flags.readFromStream(s) at 159
04-08 01:48:21.920   512   614 W skia    : AGTM parsing failed flags.readFromStream(s) at 159
04-08 01:48:21.935   512   614 W skia    : AGTM parsing failed flags.readFromStream(s) at 159
04-08 01:48:21.935   512   614 W skia    : AGTM parsing failed flags.readFromStream(s) at 159
04-08 01:48:21.935   512   614 W skia    : AGTM parsing failed flags.readFromStream(s) at 159
04-08 01:48:21.935   512   614 W skia    : AGTM parsing failed flags.readFromStream(s) at 159
04-08 01:48:21.935   512   614 W skia    : AGTM parsing failed flags.readFromStream(s) at 159
04-08 01:48:21.941   512   614 W skia    : AGTM parsing failed flags.readFromStream(s) at 159
04-08 01:48:21.950   512   614 W skia    : AGTM parsing failed flags.readFromStream(s) at 159
04-08 01:48:21.950   512   614 W skia    : AGTM parsing failed flags.readFromStream(s) at 159
04-08 01:48:21.950   512   614 W skia    : AGTM parsing failed flags.readFromStream(s) at 159
04-08 01:48:21.950   512   614 W skia    : AGTM parsing failed flags.readFromStream(s) at 159
04-08 01:48:21.950   512   614 W skia    : AGTM parsing failed flags.readFromStream(s) at 159
04-08 01:48:21.968   512   614 W skia    : AGTM parsing failed flags.readFromStream(s) at 159
04-08 01:48:21.968   512   614 W skia    : AGTM parsing failed flags.readFromStream(s) at 159
04-08 01:48:21.968   512   614 W skia    : AGTM parsing failed flags.readFromStream(s) at 159
04-08 01:48:21.968   512   614 W skia    : AGTM parsing failed flags.readFromStream(s) at 159
04-08 01:48:21.968   512   614 W skia    : AGTM parsing failed flags.readFromStream(s) at 159
04-08 01:48:21.985   512   614 W skia    : AGTM parsing failed flags.readFromStream(s) at 159
04-08 01:48:21.985   512   614 W skia    : AGTM parsing failed flags.readFromStream(s) at 159
04-08 01:48:21.985   512   614 W skia    : AGTM parsing failed flags.readFromStream(s) at 159
04-08 01:48:21.985   512   614 W skia    : AGTM parsing failed flags.readFromStream(s) at 159
04-08 01:48:21.985   512   614 W skia    : AGTM parsing failed flags.readFromStream(s) at 159
04-08 01:48:22.001   512   614 W skia    : AGTM parsing failed flags.readFromStream(s) at 159
