04-08 01:41:00.789 29677 29678 I artd    : GetBestInfo: dm (/data/app/~~F3q5ugTl_KCdN7ONdfQidQ==/com.google.android.gms-aHS62ia2p6IgZXYguhKChQ==/split_GoogleCertificates_installtime.dm) is kOatUpToDate with filter 'verify' executable 'false'
04-08 01:41:00.790 29677 29678 I artd    : GetBestInfo: dm (/data/app/~~F3q5ugTl_KCdN7ONdfQidQ==/com.google.android.gms-aHS62ia2p6IgZXYguhKChQ==/split_MapsDynamite_installtime.dm) is kOatUpToDate with filter 'verify' executable 'false'
04-08 01:41:00.791 29677 29678 I artd    : GetBestInfo: dm (/data/app/~~F3q5ugTl_KCdN7ONdfQidQ==/com.google.android.gms-aHS62ia2p6IgZXYguhKChQ==/split_MeasurementDynamite_installtime.dm) is kOatUpToDate with filter 'verify' executable 'false'
04-08 01:41:00.792 29677 29678 I artd    : GetBestInfo: /data/user_de/0/com.google.android.gms/app_chimera/m/00000008/dl-TfliteDynamiteDynamite.integ_243930802100800.apk has no usable artifacts
04-08 01:41:00.793 29677 29678 I artd    : GetBestInfo: /data/user_de/0/com.google.android.gms/app_chimera/m/0000000c/dl-MlkitBarcodeUi.optional_260235100800.apk has no usable artifacts
04-08 01:41:00.793 29677 29678 I artd    : GetBestInfo: /data/user_de/0/com.google.android.gms/app_chimera/m/00000001/CronetDynamite.apk has no usable artifacts
04-08 01:41:00.793 29677 29678 I artd    : GetBestInfo: /data/user_de/0/com.google.android.gms/app_chimera/m/0000000b/dl-TfliteDynamiteDynamite.integ_252130102100800.apk has no usable artifacts
04-08 01:41:00.794 29677 29678 I artd    : GetBestInfo: /data/user_de/0/com.google.android.gms/app_chimera/m/00000002/DynamiteLoader.apk has no usable artifacts
04-08 01:41:00.795 29677 29678 I artd    : GetBestInfo: /data/user_de/0/com.google.android.gms/app_chimera/m/0000000e/dl-MlkitOcrCommon.optional_260235100800.apk has no usable artifacts
04-08 01:41:00.795 29677 29678 I artd    : GetBestInfo: /data/user_de/0/com.google.android.gms/app_chimera/m/00000005/GoogleCertificates.apk has no usable artifacts
04-08 01:41:00.796 29677 29678 I artd    : GetBestInfo: /data/user_de/0/com.google.android.gms/app_chimera/m/00000015/dl-Appsearch.optional_261133100800.apk has no usable artifacts
04-08 01:41:00.797 29677 29678 I artd    : GetBestInfo: /data/user_de/0/com.google.android.gms/app_chimera/m/00000010/dl-PlayCloudSearch.optional_260235100000.apk has no usable artifacts
04-08 01:41:00.798 29677 29678 I artd    : GetBestInfo: /data/user_de/0/com.google.android.gms/app_chimera/m/00000009/dl-VisionOcr.optional_260235100000.apk has no usable artifacts
04-08 01:41:00.799 29677 29678 I artd    : GetBestInfo: vdex next to the dex file (/data/user/0/com.google.android.gms/app_dg_cache/BB2AE5A47BB198AF36C19CFD2B6407061A1BAF30/oat/x86_64/the.vdex) is kOatUpToDate with filter 'verify' executable 'false'
04-08 01:41:00.800 29677 29678 I artd    : GetBestInfo: /data/user_de/0/com.google.android.gms/app_chimera/m/0000000a/dl-Appsearch.optional_260235100800.apk has no usable artifacts
04-08 01:41:00.800 29677 29678 I artd    : GetBestInfo: /data/user_de/0/com.google.android.gms/app_chimera/m/00000016/dl-MlkitBarcodeUi.optional_261133100800.apk has no usable artifacts
04-08 01:41:00.801 29677 29678 I artd    : GetBestInfo: /data/user_de/0/com.google.android.gms/app_chimera/m/00000011/dl-VisionOcr.optional_261133100000.apk has no usable artifacts
04-08 01:41:00.802 29677 29678 I artd    : GetBestInfo: /data/user_de/0/com.google.android.gms/app_chimera/m/00000013/dl-PlayCloudSearch.optional_261133100000.apk has no usable artifacts
04-08 01:41:00.803 29677 29678 I artd    : GetBestInfo: /data/user_de/0/com.google.android.gms/app_chimera/m/00000007/MeasurementDynamite.apk has no usable artifacts
04-08 01:41:00.804 29677 29678 I artd    : GetBestInfo: /data/user_de/0/com.google.android.gms/app_chimera/m/00000012/dl-MlkitOcrCommon.optional_261133100800.apk has no usable artifacts
04-08 01:41:02.441   699   846 I HalDevMgr: bestIfaceCreationProposal is null, requestIface=STA, existingIface=[name=wlan0 type=STA]
04-08 01:41:03.446  1065  1210 D SatelliteController: isInCarrierRoamingNbIotNtn: satellite is disabled
04-08 01:41:03.447  1065  1210 D SatelliteController: getCarrierRoamingNtnConnectType: Checking connect type from PLMN config for subId: 1
04-08 01:41:03.447  1065  1210 D SatelliteController: getSatellitePerPlmnConfiguration: invalid subId or not supported via carrier.
04-08 01:41:03.447  1065  1210 D SatelliteController: getCarrierRoamingNtnConnectType: config: null
04-08 01:41:03.448  1065  1210 D SatelliteController: getCarrierRoamingNtnConnectType: Falling back to global carrier config connect type: 0
04-08 01:41:03.448  1065  1210 D SatelliteController: updateLastNotifiedCarrierRoamingNtnSignalStrengthAndNotify(1)
04-08 01:41:03.448  1065  1210 D SatelliteController: updateLastNotifiedCarrierRoamingNtnSignalStrengthAndNotify(1) lastNotifiedSignalStrength level: 0
04-08 01:41:03.448  1065  1210 D SatelliteController: updateLastNotifiedCarrierRoamingNtnSignalStrengthAndNotify(1) currSignalStrength level: 0
04-08 01:41:05.445   699   846 I HalDevMgr: bestIfaceCreationProposal is null, requestIface=STA, existingIface=[name=wlan0 type=STA]
04-08 01:41:08.450   699   846 I HalDevMgr: bestIfaceCreationProposal is null, requestIface=STA, existingIface=[name=wlan0 type=STA]
04-08 01:41:10.832   699   708 I system_server: Background young concurrent mark compact GC freed 22MB AllocSpace bytes, 5(160KB) LOS objects, 38% free, 36MB/59MB, paused 269us,13.155ms total 19.584ms
04-08 01:41:10.833 29677 29678 I artd    : GetBestInfo: odex next to the dex file (/data/app/~~F3q5ugTl_KCdN7ONdfQidQ==/com.google.android.gms-aHS62ia2p6IgZXYguhKChQ==/oat/x86_64/base.odex) is kOatUpToDate with filter 'speed-profile' executable 'false'
04-08 01:41:10.834 29677 29678 I artd    : GetBestInfo: dm (/data/app/~~F3q5ugTl_KCdN7ONdfQidQ==/com.google.android.gms-aHS62ia2p6IgZXYguhKChQ==/split_AdsDynamite_installtime.dm) is kOatUpToDate with filter 'verify' executable 'false'
04-08 01:41:10.835 29677 29678 I artd    : GetBestInfo: dm (/data/app/~~F3q5ugTl_KCdN7ONdfQidQ==/com.google.android.gms-aHS62ia2p6IgZXYguhKChQ==/split_CronetDynamite_installtime.dm) is kOatUpToDate with filter 'verify' executable 'false'
04-08 01:41:10.836 29677 29678 I artd    : GetBestInfo: dm (/data/app/~~F3q5ugTl_KCdN7ONdfQidQ==/com.google.android.gms-aHS62ia2p6IgZXYguhKChQ==/split_DynamiteLoader_installtime.dm) is kOatUpToDate with filter 'verify' executable 'false'
04-08 01:41:10.837 29677 29678 I artd    : GetBestInfo: dm (/data/app/~~F3q5ugTl_KCdN7ONdfQidQ==/com.google.android.gms-aHS62ia2p6IgZXYguhKChQ==/split_DynamiteModulesA_installtime.dm) is kOatUpToDate with filter 'verify' executable 'false'
04-08 01:41:10.838 29677 29813 I artd    : GetBestInfo: dm (/data/app/~~F3q5ugTl_KCdN7ONdfQidQ==/com.google.android.gms-aHS62ia2p6IgZXYguhKChQ==/split_DynamiteModulesC_installtime.dm) is kOatUpToDate with filter 'verify' executable 'false'
04-08 01:41:10.838 29677 29678 I artd    : GetBestInfo: dm (/data/app/~~F3q5ugTl_KCdN7ONdfQidQ==/com.google.android.gms-aHS62ia2p6IgZXYguhKChQ==/split_GoogleCertificates_installtime.dm) is kOatUpToDate with filter 'verify' executable 'false'
04-08 01:41:10.839 29677 29813 I artd    : GetBestInfo: dm (/data/app/~~F3q5ugTl_KCdN7ONdfQidQ==/com.google.android.gms-aHS62ia2p6IgZXYguhKChQ==/split_MapsDynamite_installtime.dm) is kOatUpToDate with filter 'verify' executable 'false'
04-08 01:41:10.840 29677 29678 I artd    : GetBestInfo: dm (/data/app/~~F3q5ugTl_KCdN7ONdfQidQ==/com.google.android.gms-aHS62ia2p6IgZXYguhKChQ==/split_MeasurementDynamite_installtime.dm) is kOatUpToDate with filter 'verify' executable 'false'
04-08 01:41:10.841 29677 29813 I artd    : GetBestInfo: /data/user_de/0/com.google.android.gms/app_chimera/m/00000008/dl-TfliteDynamiteDynamite.integ_243930802100800.apk has no usable artifacts
04-08 01:41:10.842 29677 29678 I artd    : GetBestInfo: /data/user_de/0/com.google.android.gms/app_chimera/m/0000000c/dl-MlkitBarcodeUi.optional_260235100800.apk has no usable artifacts
04-08 01:41:10.840 29677 29813 I artd    : GetBestInfo: /data/user_de/0/com.google.android.gms/app_chimera/m/00000001/CronetDynamite.apk has no usable artifacts
04-08 01:41:10.841 29677 29813 I artd    : GetBestInfo: /data/user_de/0/com.google.android.gms/app_chimera/m/0000000b/dl-TfliteDynamiteDynamite.integ_252130102100800.apk has no usable artifacts
04-08 01:41:10.842 29677 29813 I artd    : GetBestInfo: /data/user_de/0/com.google.android.gms/app_chimera/m/00000002/DynamiteLoader.apk has no usable artifacts
04-08 01:41:10.843 29677 29813 I artd    : GetBestInfo: /data/user_de/0/com.google.android.gms/app_chimera/m/0000000e/dl-MlkitOcrCommon.optional_260235100800.apk has no usable artifacts
04-08 01:41:10.845 29677 29813 I artd    : GetBestInfo: /data/user_de/0/com.google.android.gms/app_chimera/m/00000005/GoogleCertificates.apk has no usable artifacts
04-08 01:41:10.845 29677 29813 I artd    : GetBestInfo: /data/user_de/0/com.google.android.gms/app_chimera/m/00000015/dl-Appsearch.optional_261133100800.apk has no usable artifacts
04-08 01:41:10.846 29677 29813 I artd    : GetBestInfo: /data/user_de/0/com.google.android.gms/app_chimera/m/00000010/dl-PlayCloudSearch.optional_260235100000.apk has no usable artifacts
04-08 01:41:10.847 29677 29678 I artd    : GetBestInfo: /data/user_de/0/com.google.android.gms/app_chimera/m/00000009/dl-VisionOcr.optional_260235100000.apk has no usable artifacts
04-08 01:41:10.848 29677 29813 I artd    : GetBestInfo: vdex next to the dex file (/data/user/0/com.google.android.gms/app_dg_cache/BB2AE5A47BB198AF36C19CFD2B6407061A1BAF30/oat/x86_64/the.vdex) is kOatUpToDate with filter 'verify' executable 'false'
04-08 01:41:10.848 29677 29678 I artd    : GetBestInfo: /data/user_de/0/com.google.android.gms/app_chimera/m/0000000a/dl-Appsearch.optional_260235100800.apk has no usable artifacts
04-08 01:41:10.849 29677 29678 I artd    : GetBestInfo: /data/user_de/0/com.google.android.gms/app_chimera/m/00000016/dl-MlkitBarcodeUi.optional_261133100800.apk has no usable artifacts
04-08 01:41:10.850 29677 29678 I artd    : GetBestInfo: /data/user_de/0/com.google.android.gms/app_chimera/m/00000011/dl-VisionOcr.optional_261133100000.apk has no usable artifacts
04-08 01:41:10.850 29677 29678 I artd    : GetBestInfo: /data/user_de/0/com.google.android.gms/app_chimera/m/00000013/dl-PlayCloudSearch.optional_261133100000.apk has no usable artifacts
04-08 01:41:10.851 29677 29678 I artd    : GetBestInfo: /data/user_de/0/com.google.android.gms/app_chimera/m/00000007/MeasurementDynamite.apk has no usable artifacts
04-08 01:41:10.852 29677 29678 I artd    : GetBestInfo: /data/user_de/0/com.google.android.gms/app_chimera/m/00000012/dl-MlkitOcrCommon.optional_261133100800.apk has no usable artifacts
04-08 01:41:11.454   699   846 I HalDevMgr: bestIfaceCreationProposal is null, requestIface=STA, existingIface=[name=wlan0 type=STA]
04-08 01:41:13.448  1065  1210 D SatelliteController: isInCarrierRoamingNbIotNtn: satellite is disabled
04-08 01:41:13.448  1065  1210 D SatelliteController: getCarrierRoamingNtnConnectType: Checking connect type from PLMN config for subId: 1
04-08 01:41:13.449  1065  1210 D SatelliteController: getSatellitePerPlmnConfiguration: invalid subId or not supported via carrier.
04-08 01:41:13.449  1065  1210 D SatelliteController: getCarrierRoamingNtnConnectType: config: null
04-08 01:41:13.449  1065  1210 D SatelliteController: getCarrierRoamingNtnConnectType: Falling back to global carrier config connect type: 0
04-08 01:41:13.449  1065  1210 D SatelliteController: updateLastNotifiedCarrierRoamingNtnSignalStrengthAndNotify(1)
04-08 01:41:13.449  1065  1210 D SatelliteController: updateLastNotifiedCarrierRoamingNtnSignalStrengthAndNotify(1) lastNotifiedSignalStrength level: 0
04-08 01:41:13.449  1065  1210 D SatelliteController: updateLastNotifiedCarrierRoamingNtnSignalStrengthAndNotify(1) currSignalStrength level: 0
04-08 01:41:13.469   512   614 W skia    : AGTM parsing failed flags.readFromStream(s) at 159
04-08 01:41:14.460   699   846 I HalDevMgr: bestIfaceCreationProposal is null, requestIface=STA, existingIface=[name=wlan0 type=STA]
04-08 01:41:17.465   699   846 I HalDevMgr: bestIfaceCreationProposal is null, requestIface=STA, existingIface=[name=wlan0 type=STA]
04-08 01:41:20.469   699   846 I HalDevMgr: bestIfaceCreationProposal is null, requestIface=STA, existingIface=[name=wlan0 type=STA]
04-08 01:41:20.828 29677 29813 I artd    : GetBestInfo: odex next to the dex file (/data/app/~~F3q5ugTl_KCdN7ONdfQidQ==/com.google.android.gms-aHS62ia2p6IgZXYguhKChQ==/oat/x86_64/base.odex) is kOatUpToDate with filter 'speed-profile' executable 'false'
04-08 01:41:20.829 29677 29813 I artd    : GetBestInfo: dm (/data/app/~~F3q5ugTl_KCdN7ONdfQidQ==/com.google.android.gms-aHS62ia2p6IgZXYguhKChQ==/split_AdsDynamite_installtime.dm) is kOatUpToDate with filter 'verify' executable 'false'
04-08 01:41:20.830 29677 29813 I artd    : GetBestInfo: dm (/data/app/~~F3q5ugTl_KCdN7ONdfQidQ==/com.google.android.gms-aHS62ia2p6IgZXYguhKChQ==/split_CronetDynamite_installtime.dm) is kOatUpToDate with filter 'verify' executable 'false'
04-08 01:41:20.831 29677 29813 I artd    : GetBestInfo: dm (/data/app/~~F3q5ugTl_KCdN7ONdfQidQ==/com.google.android.gms-aHS62ia2p6IgZXYguhKChQ==/split_DynamiteLoader_installtime.dm) is kOatUpToDate with filter 'verify' executable 'false'
04-08 01:41:20.832 29677 29813 I artd    : GetBestInfo: dm (/data/app/~~F3q5ugTl_KCdN7ONdfQidQ==/com.google.android.gms-aHS62ia2p6IgZXYguhKChQ==/split_DynamiteModulesA_installtime.dm) is kOatUpToDate with filter 'verify' executable 'false'
04-08 01:41:20.833 29677 29813 I artd    : GetBestInfo: dm (/data/app/~~F3q5ugTl_KCdN7ONdfQidQ==/com.google.android.gms-aHS62ia2p6IgZXYguhKChQ==/split_DynamiteModulesC_installtime.dm) is kOatUpToDate with filter 'verify' executable 'false'
04-08 01:41:20.833 29677 29813 I artd    : GetBestInfo: dm (/data/app/~~F3q5ugTl_KCdN7ONdfQidQ==/com.google.android.gms-aHS62ia2p6IgZXYguhKChQ==/split_GoogleCertificates_installtime.dm) is kOatUpToDate with filter 'verify' executable 'false'
04-08 01:41:20.834 29677 29813 I artd    : GetBestInfo: dm (/data/app/~~F3q5ugTl_KCdN7ONdfQidQ==/com.google.android.gms-aHS62ia2p6IgZXYguhKChQ==/split_MapsDynamite_installtime.dm) is kOatUpToDate with filter 'verify' executable 'false'
04-08 01:41:20.835 29677 29813 I artd    : GetBestInfo: dm (/data/app/~~F3q5ugTl_KCdN7ONdfQidQ==/com.google.android.gms-aHS62ia2p6IgZXYguhKChQ==/split_MeasurementDynamite_installtime.dm) is kOatUpToDate with filter 'verify' executable 'false'
04-08 01:41:20.836 29677 29813 I artd    : GetBestInfo: /data/user_de/0/com.google.android.gms/app_chimera/m/00000008/dl-TfliteDynamiteDynamite.integ_243930802100800.apk has no usable artifacts
04-08 01:41:20.837 29677 29813 I artd    : GetBestInfo: /data/user_de/0/com.google.android.gms/app_chimera/m/0000000c/dl-MlkitBarcodeUi.optional_260235100800.apk has no usable artifacts
04-08 01:41:20.837 29677 29813 I artd    : GetBestInfo: /data/user_de/0/com.google.android.gms/app_chimera/m/00000001/CronetDynamite.apk has no usable artifacts
04-08 01:41:20.838 29677 29813 I artd    : GetBestInfo: /data/user_de/0/com.google.android.gms/app_chimera/m/0000000b/dl-TfliteDynamiteDynamite.integ_252130102100800.apk has no usable artifacts
04-08 01:41:20.838 29677 29813 I artd    : GetBestInfo: /data/user_de/0/com.google.android.gms/app_chimera/m/00000002/DynamiteLoader.apk has no usable artifacts
04-08 01:41:20.839 29677 29813 I artd    : GetBestInfo: /data/user_de/0/com.google.android.gms/app_chimera/m/0000000e/dl-MlkitOcrCommon.optional_260235100800.apk has no usable artifacts
04-08 01:41:20.840 29677 29813 I artd    : GetBestInfo: /data/user_de/0/com.google.android.gms/app_chimera/m/00000005/GoogleCertificates.apk has no usable artifacts
04-08 01:41:20.841 29677 29813 I artd    : GetBestInfo: /data/user_de/0/com.google.android.gms/app_chimera/m/00000015/dl-Appsearch.optional_261133100800.apk has no usable artifacts
04-08 01:41:20.841 29677 29813 I artd    : GetBestInfo: /data/user_de/0/com.google.android.gms/app_chimera/m/00000010/dl-PlayCloudSearch.optional_260235100000.apk has no usable artifacts
04-08 01:41:20.843 29677 29813 I artd    : GetBestInfo: /data/user_de/0/com.google.android.gms/app_chimera/m/00000009/dl-VisionOcr.optional_260235100000.apk has no usable artifacts
04-08 01:41:20.844 29677 29813 I artd    : GetBestInfo: vdex next to the dex file (/data/user/0/com.google.android.gms/app_dg_cache/BB2AE5A47BB198AF36C19CFD2B6407061A1BAF30/oat/x86_64/the.vdex) is kOatUpToDate with filter 'verify' executable 'false'
04-08 01:41:20.844 29677 29813 I artd    : GetBestInfo: /data/user_de/0/com.google.android.gms/app_chimera/m/0000000a/dl-Appsearch.optional_260235100800.apk has no usable artifacts
04-08 01:41:20.845 29677 29813 I artd    : GetBestInfo: /data/user_de/0/com.google.android.gms/app_chimera/m/00000016/dl-MlkitBarcodeUi.optional_261133100800.apk has no usable artifacts
04-08 01:41:20.846 29677 29813 I artd    : GetBestInfo: /data/user_de/0/com.google.android.gms/app_chimera/m/00000011/dl-VisionOcr.optional_261133100000.apk has no usable artifacts
04-08 01:41:20.847 29677 29813 I artd    : GetBestInfo: /data/user_de/0/com.google.android.gms/app_chimera/m/00000013/dl-PlayCloudSearch.optional_261133100000.apk has no usable artifacts
04-08 01:41:20.848 29677 29813 I artd    : GetBestInfo: /data/user_de/0/com.google.android.gms/app_chimera/m/00000007/MeasurementDynamite.apk has no usable artifacts
04-08 01:41:20.849 29677 29813 I artd    : GetBestInfo: /data/user_de/0/com.google.android.gms/app_chimera/m/00000012/dl-MlkitOcrCommon.optional_261133100800.apk has no usable artifacts
04-08 01:41:23.447  1065  1210 D SatelliteController: isInCarrierRoamingNbIotNtn: satellite is disabled
04-08 01:41:23.447  1065  1210 D SatelliteController: getCarrierRoamingNtnConnectType: Checking connect type from PLMN config for subId: 1
04-08 01:41:23.447  1065  1210 D SatelliteController: getSatellitePerPlmnConfiguration: invalid subId or not supported via carrier.
04-08 01:41:23.448  1065  1210 D SatelliteController: getCarrierRoamingNtnConnectType: config: null
04-08 01:41:23.448  1065  1210 D SatelliteController: getCarrierRoamingNtnConnectType: Falling back to global carrier config connect type: 0
04-08 01:41:23.448  1065  1210 D SatelliteController: updateLastNotifiedCarrierRoamingNtnSignalStrengthAndNotify(1)
04-08 01:41:23.448  1065  1210 D SatelliteController: updateLastNotifiedCarrierRoamingNtnSignalStrengthAndNotify(1) lastNotifiedSignalStrength level: 0
04-08 01:41:23.448  1065  1210 D SatelliteController: updateLastNotifiedCarrierRoamingNtnSignalStrengthAndNotify(1) currSignalStrength level: 0
04-08 01:41:23.473   699   846 I HalDevMgr: bestIfaceCreationProposal is null, requestIface=STA, existingIface=[name=wlan0 type=STA]
04-08 01:41:26.479   699   846 I HalDevMgr: bestIfaceCreationProposal is null, requestIface=STA, existingIface=[name=wlan0 type=STA]
04-08 01:41:29.484   699   846 I HalDevMgr: bestIfaceCreationProposal is null, requestIface=STA, existingIface=[name=wlan0 type=STA]
