04-08 01:48:22.001   512   614 W skia    : AGTM parsing failed flags.readFromStream(s) at 159
04-08 01:48:22.001   512   614 W skia    : AGTM parsing failed flags.readFromStream(s) at 159
04-08 01:48:22.001   512   614 W skia    : AGTM parsing failed flags.readFromStream(s) at 159
04-08 01:48:22.001   512   614 W skia    : AGTM parsing failed flags.readFromStream(s) at 159
04-08 01:48:22.018   512   614 W skia    : AGTM parsing failed flags.readFromStream(s) at 159
04-08 01:48:22.018   512   614 W skia    : AGTM parsing failed flags.readFromStream(s) at 159
04-08 01:48:22.018   512   614 W skia    : AGTM parsing failed flags.readFromStream(s) at 159
04-08 01:48:22.018   512   614 W skia    : AGTM parsing failed flags.readFromStream(s) at 159
04-08 01:48:22.018   512   614 W skia    : AGTM parsing failed flags.readFromStream(s) at 159
04-08 01:48:22.034   512   614 W skia    : AGTM parsing failed flags.readFromStream(s) at 159
04-08 01:48:22.035   512   614 W skia    : AGTM parsing failed flags.readFromStream(s) at 159
04-08 01:48:22.035   512   614 W skia    : AGTM parsing failed flags.readFromStream(s) at 159
04-08 01:48:22.035   512   614 W skia    : AGTM parsing failed flags.readFromStream(s) at 159
04-08 01:48:22.035   512   614 W skia    : AGTM parsing failed flags.readFromStream(s) at 159
04-08 01:48:22.042   512   614 W skia    : AGTM parsing failed flags.readFromStream(s) at 159
04-08 01:48:22.051   512   614 W skia    : AGTM parsing failed flags.readFromStream(s) at 159
04-08 01:48:22.051   512   614 W skia    : AGTM parsing failed flags.readFromStream(s) at 159
04-08 01:48:22.051   512   614 W skia    : AGTM parsing failed flags.readFromStream(s) at 159
04-08 01:48:22.051   512   614 W skia    : AGTM parsing failed flags.readFromStream(s) at 159
04-08 01:48:22.051   512   614 W skia    : AGTM parsing failed flags.readFromStream(s) at 159
04-08 01:48:22.069   950  1014 V WindowManagerShell: Transition animation finished (aborted=false), notifying core (#144) android.os.BinderProxy@78f6fab@0
04-08 01:48:22.073   699   717 V WindowManager: Finish Transition (#144): created at 04-08 01:48:21.150 collect-started=0.022ms request-sent=0.072ms started=6.949ms ready=376.235ms sent=378.679ms commit=22.815ms finished=921.4ms
04-08 01:48:22.074   950  1267 D WallpaperService: onVisibilityChanged(false): com.android.systemui.wallpapers.ImageWallpaper$CanvasEngine@6aacb04
04-08 01:48:22.075   950  1014 V WindowManagerShell: Track 0 became idle
04-08 01:48:22.075   950  1014 V WindowManagerShell: All active transition animations finished
04-08 01:48:22.077  3324  3324 D BaseActivity: Launcher flags updated: [] -[state_started]
04-08 01:48:22.077  3324  3324 D BaseDepthController: setSurface:
04-08 01:48:22.077  3324  3324 D BaseDepthController: 	mWaitingOnSurfaceValidity: false
04-08 01:48:22.077  3324  3324 D BaseDepthController: 	mBaseSurface: null
04-08 01:48:22.077  3324  3324 D BaseDepthController: mSurface is null and mCurrentBlur is: 0
04-08 01:48:22.077  3324  3324 D LauncherStateManager: StateManager.goToState: fromState: Normal, toState: Normal, partial trace:
04-08 01:48:22.077  3324  3324 D LauncherStateManager: 	at com.android.launcher3.statemanager.StateManager.moveToRestState(go/retraceme 7226a759aa2bb3787a79806f85d80eaad84f1f1e15acd6db988f2df789d1680d:26)
04-08 01:48:22.077  3324  3324 D LauncherStateManager: 	at com.android.launcher3.statemanager.StateManager.moveToRestState(go/retraceme 7226a759aa2bb3787a79806f85d80eaad84f1f1e15acd6db988f2df789d1680d:35)
04-08 01:48:22.077  3324  3324 D LauncherStateManager: 	at com.android.launcher3.statemanager.StatefulActivity.onStop(go/retraceme 7226a759aa2bb3787a79806f85d80eaad84f1f1e15acd6db988f2df789d1680d:31)
04-08 01:48:22.077  3324  3324 D LauncherStateManager: StateManager.onRepeatStateSetAborted: state: Normal
04-08 01:48:22.077  3324  3324 D KeyboardStateManager: hideKeyboard
04-08 01:48:22.077  3324  3324 D KeyboardStateManager: isImeShown: false
04-08 01:48:22.077  3324  3324 D StatsLog: LAUNCHER_ONSTOP
04-08 01:48:22.077  3324  3324 D StatsLog: LAUNCHER_GOOGLE_SEARCH_RESTORE_LIST_SIZE_AFTER_ACTIVITY_RESTART
04-08 01:48:22.078  3324  3324 D SmartspaceInteractor: notifySmartspaceEvent: SmartspaceTargetEvent{mSmartspaceTarget=null, mSmartspaceActionId='null', mEventType=7}
04-08 01:48:22.078  3324  3324 D RecentsView: onTaskRemoved: 32, not handling task stack changes
04-08 01:48:22.078  3324  3324 D RecentsView: onTaskRemoved: 32, not handling task stack changes
04-08 01:48:22.085  3324  3324 D SmartspaceInteractor: notifySmartspaceEvent: SmartspaceTargetEvent{mSmartspaceTarget=null, mSmartspaceActionId='null', mEventType=7}
04-08 01:48:22.085   512   512 E BpTransactionCompletedListener: Failed to transact (-32)
04-08 01:48:22.089   950  1014 V ShellTaskOrganizer: Task vanished taskId=32
04-08 01:48:22.089   950  1014 V ShellTaskOrganizer: Fullscreen Task Vanished: #32
04-08 01:48:22.089   950  1014 V ShellDesktopMode: Task Vanished: #32 closed=true
04-08 01:48:22.089   950  1014 V RecentTasksController: Notify recent tasks changed
04-08 01:48:22.089   950  1014 D ShellDesktopMode: AppToWebRepository: Task 32 is vanishing. Removing task data from repository
04-08 01:48:22.089  3324  3324 D RecentTasksList: invalidateLoadedTasks - previous requestLoadId: -1
04-08 01:48:22.091   950  1014 V AppCompat: SingleSurfaceLetterboxController: []
04-08 01:48:22.092   950  1014 V AppCompat: MultiSurfaceLetterboxController: []
04-08 01:48:22.092   950  1014 V AppCompat: LetterboxInputController: []
04-08 01:48:22.093   950  1014 V AppCompat: RoundedCornersLetterboxController: {}
04-08 01:48:22.145   512   614 W skia    : AGTM parsing failed flags.readFromStream(s) at 159
04-08 01:48:22.203  2576  8150 I FontLog : (REDACTED) Received query %s, URI %s
04-08 01:48:22.204  2576  8150 I FontLog : (REDACTED) Query [%s] resolved to %s
04-08 01:48:22.206  2576  8150 I FontLog : (REDACTED) Fetch %s end status %s
04-08 01:48:22.213  2576  3243 I FontLog : (REDACTED) Pulling font file for id = %d, cache size = %d
04-08 01:48:22.214 11442 11477 I HWUI    : Using FreeType backend (prop=Auto)
04-08 01:48:22.216  2576  3243 I FontLog : (REDACTED) Pulling font file for id = %d, cache size = %d
04-08 01:48:22.223 11442 11446 I spaceroom_clean: Compiler allocated 5236KB to compile void android.view.ViewRootImpl.performTraversals(long)
04-08 01:48:22.249   512   614 W skia    : AGTM parsing failed flags.readFromStream(s) at 159
04-08 01:48:22.272   950   961 W System  : A resource failed to call release. 
04-08 01:48:22.356   512   614 W skia    : AGTM parsing failed flags.readFromStream(s) at 159
04-08 01:48:22.457   512   614 W skia    : AGTM parsing failed flags.readFromStream(s) at 159
04-08 01:48:22.558   512   614 W skia    : AGTM parsing failed flags.readFromStream(s) at 159
04-08 01:48:22.607 11442 11470 W unknown:BridgelessReact: ReactHost{0}.loadJSBundleFromMetro(): Creating BundleLoader
04-08 01:48:22.607 11442 11469 W unknown:BridgelessReact: ReactHost{0}.getOrCreateReactInstanceTask(): Creating BridgelessReactContext
04-08 01:48:22.607 11442 11469 W unknown:BridgelessReact: ReactHost{0}.getOrCreateReactInstanceTask(): Creating ReactInstance
04-08 01:48:22.645 11442 11469 W unknown:BridgelessReact: ReactHost{0}.getOrCreateReactInstanceTask(): Loading JS Bundle
04-08 01:48:22.648 11442 11469 W unknown:BridgelessReact: ReactHost{0}.getOrCreateReactInstanceTask(): DevSupportManager.onNewReactContextCreated()
04-08 01:48:22.652 11442 11469 W unknown:BridgelessReact: ReactHost{0}.startSurface(surfaceId = 0): Execute
04-08 01:48:22.653 11442 11442 W unknown:ReactNative: Packager connection already open, nooping.
04-08 01:48:22.653 11442 11442 W unknown:BridgelessReact: ReactHost{0}.ReactContext.onHostResume()
04-08 01:48:22.652   512   601 W libbinder.Binder: Binder transaction to android.gui.IDisplayEventConnection, function: requestNextVsync, code: 3, took 18446744073709551615ms. Data bytes: 88 Reply bytes: 0 Flags: 17
04-08 01:48:22.653 11442 11442 W unknown:BridgelessReact: ReactHost{0}.getOrCreateReactInstanceTask(): Executing ReactInstanceEventListeners
04-08 01:48:22.746 11442 11479 I WebViewFactory: Loading com.google.android.webview version 145.0.7632.45 (code 763204538)
04-08 01:48:22.749 11442 11479 V ResourcesManager: The following library key has been added: ResourcesKey{ mHash=60d1d329 mResDir=null mSplitDirs=[] mOverlayDirs=[] mLibDirs=[/data/app/~~W53zlkx5tepagvJS35cuQA==/com.google.android.webview-_mUQX2Df9eVhzCk93HJTdQ==/WebViewGoogle.apk,/data/app/~~RuggkFrD8-FOzK2RLUvkuQ==/com.google.android.trichromelibrary_763204538-qwoKlRJxRcsZhjS6aZhwzQ==/TrichromeLibrary.apk,/system_ext/framework/androidx.window.extensions.jar] mDisplayId=0 mOverrideConfig=v37 mCompatInfo={420dpi always-compat} mLoaders=[]}
04-08 01:48:22.750 11442 11479 W spaceroom_clean: Failed to find entry 'classes.dex': Entry not found
04-08 01:48:22.751 11442 11479 D nativeloader: Configuring clns-10 for other apk /data/app/~~RuggkFrD8-FOzK2RLUvkuQ==/com.google.android.trichromelibrary_763204538-qwoKlRJxRcsZhjS6aZhwzQ==/TrichromeLibrary.apk. target_sdk_version=36, uses_libraries=ALL, library_path=/data/app/~~W53zlkx5tepagvJS35cuQA==/com.google.android.webview-_mUQX2Df9eVhzCk93HJTdQ==/lib/x86_64:/data/app/~~W53zlkx5tepagvJS35cuQA==/com.google.android.webview-_mUQX2Df9eVhzCk93HJTdQ==/WebViewGoogle.apk!/lib/x86_64:/data/app/~~RuggkFrD8-FOzK2RLUvkuQ==/com.google.android.trichromelibrary_763204538-qwoKlRJxRcsZhjS6aZhwzQ==/TrichromeLibrary.apk!/lib/x86_64, permitted_path=/data:/mnt/expand
04-08 01:48:22.753 11442 11479 D ApplicationLoaders: Returning zygote-cached class loader: /system_ext/framework/androidx.window.extensions.jar
04-08 01:48:22.756 11442 11479 D nativeloader: Configuring clns-11 for other apk /data/app/~~W53zlkx5tepagvJS35cuQA==/com.google.android.webview-_mUQX2Df9eVhzCk93HJTdQ==/WebViewGoogle.apk. target_sdk_version=36, uses_libraries=, library_path=/data/app/~~W53zlkx5tepagvJS35cuQA==/com.google.android.webview-_mUQX2Df9eVhzCk93HJTdQ==/lib/x86_64:/data/app/~~W53zlkx5tepagvJS35cuQA==/com.google.android.webview-_mUQX2Df9eVhzCk93HJTdQ==/WebViewGoogle.apk!/lib/x86_64:/data/app/~~RuggkFrD8-FOzK2RLUvkuQ==/com.google.android.trichromelibrary_763204538-qwoKlRJxRcsZhjS6aZhwzQ==/TrichromeLibrary.apk!/lib/x86_64, permitted_path=/data:/mnt/expand
04-08 01:48:22.772 11442 11478 W unknown:ViewManagerPropertyUpdater: Could not find generated setter for class com.th3rdwave.safeareacontext.SafeAreaProviderManager
04-08 01:48:22.774 11442 11478 W unknown:ViewManagerPropertyUpdater: Could not find generated setter for class com.facebook.react.uimanager.LayoutShadowNode
04-08 01:48:22.776 11442 11478 W unknown:ViewManagerPropertyUpdater: Could not find generated setter for class com.th3rdwave.safeareacontext.SafeAreaViewManager
04-08 01:48:22.777 11442 11478 W unknown:ViewManagerPropertyUpdater: Could not find generated setter for class com.th3rdwave.safeareacontext.SafeAreaViewShadowNode
04-08 01:48:22.782 11442 11478 W unknown:ViewManagerPropertyUpdater: Could not find generated setter for class com.facebook.react.views.debuggingoverlay.DebuggingOverlayManager
04-08 01:48:22.786 11442 11478 W unknown:ViewManagerPropertyUpdater: Could not find generated setter for class com.swmansion.gesturehandler.react.RNGestureHandlerButtonViewManager
04-08 01:48:22.786 11442 11479 I cr_WVCFactoryProvider: version=145.0.7632.45 (763204538) minSdkVersion=29 multiprocess=true packageId=2 splits=<none>
04-08 01:48:22.788 11442 11478 W unknown:ViewManagerPropertyUpdater: Could not find generated setter for class com.facebook.react.views.safeareaview.ReactSafeAreaViewManager
04-08 01:48:22.790 11442 11479 D nativeloader: Load /data/app/~~RuggkFrD8-FOzK2RLUvkuQ==/com.google.android.trichromelibrary_763204538-qwoKlRJxRcsZhjS6aZhwzQ==/TrichromeLibrary.apk!/lib/x86_64/libmonochrome_64.so using class loader ns clns-11 (caller=/data/app/~~W53zlkx5tepagvJS35cuQA==/com.google.android.webview-_mUQX2Df9eVhzCk93HJTdQ==/WebViewGoogle.apk): ok
04-08 01:48:22.791 11442 11478 W unknown:ViewManagerPropertyUpdater: Could not find generated setter for class com.facebook.react.views.modal.ReactModalHostManager
04-08 01:48:22.791 11442 11479 D nativeloader: Load /system/lib64/libwebviewchromium_plat_support.so using class loader ns clns-11 (caller=/data/app/~~W53zlkx5tepagvJS35cuQA==/com.google.android.webview-_mUQX2Df9eVhzCk93HJTdQ==/WebViewGoogle.apk): ok
04-08 01:48:22.793 11442 11487 I chromium: [0408/014822.793003:INFO:android_webview/browser/variations/variations_seed_loader.cc:67] Failed to open file for reading.: No such file or directory (2)
04-08 01:48:22.793 11442 11487 I chromium: [0408/014822.793118:INFO:android_webview/browser/variations/variations_seed_loader.cc:67] Failed to open file for reading.: No such file or directory (2)
04-08 01:48:22.794 11442 11478 W unknown:ViewManagerPropertyUpdater: Could not find generated setter for class com.facebook.react.views.text.frescosupport.FrescoBasedReactTextInlineImageViewManager
04-08 01:48:22.795 11442 11478 W unknown:ViewManagerPropertyUpdater: Could not find generated setter for class com.facebook.react.views.text.frescosupport.FrescoBasedReactTextInlineImageShadowNode
04-08 01:48:22.796 11442 11479 I cr_LibraryLoader: Successfully loaded native library
04-08 01:48:22.797 11442 11479 I cr_CachingUmaRecorder: Flushed 16 samples from 16 histograms, 0 samples were dropped.
04-08 01:48:22.799 11442 11478 W unknown:ViewManagerPropertyUpdater: Could not find generated setter for class com.facebook.react.views.progressbar.ReactProgressBarViewManager
04-08 01:48:22.800 11442 11478 W unknown:ViewManagerPropertyUpdater: Could not find generated setter for class com.facebook.react.views.progressbar.ProgressBarShadowNode
04-08 01:48:22.802 11442 11478 W unknown:ViewManagerPropertyUpdater: Could not find generated setter for class com.facebook.react.views.scroll.ReactHorizontalScrollViewManager
04-08 01:48:22.806 11442 11478 W unknown:ViewManagerPropertyUpdater: Could not find generated setter for class com.facebook.react.views.image.ReactImageManager
04-08 01:48:22.810 11442 11478 W unknown:ViewManagerPropertyUpdater: Could not find generated setter for class com.facebook.react.views.text.ReactTextViewManager
04-08 01:48:22.810 11442 11478 W unknown:ViewManagerPropertyUpdater: Could not find generated setter for class com.facebook.react.views.text.ReactTextShadowNode
04-08 01:48:22.814 11442 11478 W unknown:ViewManagerPropertyUpdater: Could not find generated setter for class com.facebook.react.views.scroll.ReactHorizontalScrollContainerViewManager
04-08 01:48:22.816 11442 11478 W unknown:ViewManagerPropertyUpdater: Could not find generated setter for class com.facebook.react.views.unimplementedview.ReactUnimplementedViewManager
04-08 01:48:22.819 11442 11478 W unknown:ViewManagerPropertyUpdater: Could not find generated setter for class com.facebook.react.views.scroll.ReactScrollViewManager
04-08 01:48:22.821 11442 11478 W unknown:ViewManagerPropertyUpdater: Could not find generated setter for class com.facebook.react.views.view.ReactViewManager
04-08 01:48:22.823 11442 11478 W unknown:ViewManagerPropertyUpdater: Could not find generated setter for class com.facebook.react.views.drawer.ReactDrawerLayoutManager
04-08 01:48:22.826 11442 11478 W unknown:ViewManagerPropertyUpdater: Could not find generated setter for class com.facebook.react.views.switchview.ReactSwitchManager
04-08 01:48:22.826 11442 11478 W unknown:ViewManagerPropertyUpdater: Could not find generated setter for class com.facebook.react.views.switchview.ReactSwitchShadowNode
04-08 01:48:22.828 11442 11478 W unknown:ViewManagerPropertyUpdater: Could not find generated setter for class com.facebook.react.views.swiperefresh.SwipeRefreshLayoutManager
04-08 01:48:22.831 11442 11478 W unknown:ViewManagerPropertyUpdater: Could not find generated setter for class com.facebook.react.views.textinput.ReactTextInputManager
04-08 01:48:22.831 11442 11478 W unknown:ViewManagerPropertyUpdater: Could not find generated setter for class com.facebook.react.views.textinput.ReactTextInputShadowNode
04-08 01:48:22.834 11442 11478 W unknown:ViewManagerPropertyUpdater: Could not find generated setter for class com.swmansion.gesturehandler.react.RNGestureHandlerRootViewManager
04-08 01:48:22.910 11442 11478 I ReactNativeJS: Running "spaceroom_clean" with {"rootTag":1,"initialProps":{},"fabric":true}
04-08 01:48:22.975 11442 11478 I ReactNativeJS: [App] render
04-08 01:48:22.976 11442 11478 I ReactNativeJS: [AppNavigator] render
04-08 01:48:23.090 11442 11478 W ReactNativeJS: SafeAreaView has been deprecated and will be removed in a future release. Please use 'react-native-safe-area-context' instead. See https://github.com/AppAndFlow/react-native-safe-area-context
04-08 01:48:23.140 11442 11442 I spaceroom_clean: hiddenapi: Accessing hidden field Landroid/widget/HorizontalScrollView;->mScroller:Landroid/widget/OverScroller; (runtime_flags=0, domain=platform, api=unsupported) from Lcom/facebook/react/views/scroll/ReactHorizontalScrollView; (domain=app, TargetSdkVersion=36) using reflection: allowed
04-08 01:48:23.156 11442 11442 I spaceroom_clean: hiddenapi: Accessing hidden field Landroid/widget/ScrollView;->mScroller:Landroid/widget/OverScroller; (runtime_flags=0, domain=platform, api=unsupported) from Lcom/facebook/react/views/scroll/ReactScrollView; (domain=app, TargetSdkVersion=36) using reflection: allowed
04-08 01:48:23.157 11442 11442 E unknown:FabricUIManager: Exception thrown when executing UIFrameGuarded
04-08 01:48:23.157 11442 11442 E unknown:FabricUIManager: com.facebook.react.uimanager.IllegalViewOperationException: Can't find ViewManager 'RNSScreen' nor 'RCTRNSScreen' in ViewManagerRegistry, existing names are: [RNCSafeAreaProvider, DebuggingOverlay, RNGestureHandlerButton, RCTSafeAreaView, RCTModalHostView, RCTTextInlineImage, AndroidProgressBar, AndroidHorizontalScrollView, RCTImageView, RCTText, AndroidHorizontalScrollContentView, UnimplementedNativeView, RCTScrollView, RNCSafeAreaView, RCTView, AndroidDrawerLayout, AndroidSwitch, AndroidSwipeRefreshLayout, AndroidTextInput, RNGestureHandlerRootView]
04-08 01:48:23.157 11442 11442 E unknown:FabricUIManager: 	at com.facebook.react.uimanager.ViewManagerRegistry.get(ViewManagerRegistry.kt:72)
04-08 01:48:23.157 11442 11442 E unknown:FabricUIManager: 	at com.facebook.react.fabric.mounting.SurfaceMountingManager.createViewUnsafe(SurfaceMountingManager.java:687)
04-08 01:48:23.157 11442 11442 E unknown:FabricUIManager: 	at com.facebook.react.fabric.mounting.SurfaceMountingManager.preallocateView(SurfaceMountingManager.java:1225)
04-08 01:48:23.157 11442 11442 E unknown:FabricUIManager: 	at com.facebook.react.fabric.mounting.mountitems.PreAllocateViewMountItem.execute(PreAllocateViewMountItem.kt:39)
04-08 01:48:23.157 11442 11442 E unknown:FabricUIManager: 	at com.facebook.react.fabric.mounting.MountItemDispatcher.executeOrEnqueue(MountItemDispatcher.kt:340)
04-08 01:48:23.157 11442 11442 E unknown:FabricUIManager: 	at com.facebook.react.fabric.mounting.MountItemDispatcher.dispatchPreMountItemsImpl(MountItemDispatcher.kt:315)
04-08 01:48:23.157 11442 11442 E unknown:FabricUIManager: 	at com.facebook.react.fabric.mounting.MountItemDispatcher.dispatchPreMountItems(MountItemDispatcher.kt:294)
04-08 01:48:23.157 11442 11442 E unknown:FabricUIManager: 	at com.facebook.react.fabric.FabricUIManager$DispatchUIFrameCallback.doFrameGuarded(FabricUIManager.java:1498)
04-08 01:48:23.157 11442 11442 E unknown:FabricUIManager: 	at com.facebook.react.uimanager.GuardedFrameCallback.doFrame(GuardedFrameCallback.kt:25)
04-08 01:48:23.157 11442 11442 E unknown:FabricUIManager: 	at com.facebook.react.modules.core.ReactChoreographer.frameCallback$lambda$1(ReactChoreographer.kt:59)
04-08 01:48:23.157 11442 11442 E unknown:FabricUIManager: 	at com.facebook.react.modules.core.ReactChoreographer.$r8$lambda$nSkFhrr5T7rop_XKwzlLov4NLLw(ReactChoreographer.kt:0)
04-08 01:48:23.157 11442 11442 E unknown:FabricUIManager: 	at com.facebook.react.modules.core.ReactChoreographer$$ExternalSyntheticLambda0.doFrame(D8$$SyntheticClass:0)
04-08 01:48:23.157 11442 11442 E unknown:FabricUIManager: 	at android.view.Choreographer$CallbackRecord.run(Choreographer.java:1658)
04-08 01:48:23.157 11442 11442 E unknown:FabricUIManager: 	at android.view.Choreographer$CallbackRecord.run(Choreographer.java:1669)
04-08 01:48:23.157 11442 11442 E unknown:FabricUIManager: 	at android.view.Choreographer.doCallbacks(Choreographer.java:1255)
04-08 01:48:23.157 11442 11442 E unknown:FabricUIManager: 	at android.view.Choreographer.doFrame(Choreographer.java:1208)
04-08 01:48:23.157 11442 11442 E unknown:FabricUIManager: 	at android.view.Choreographer$FrameDisplayEventReceiver.run(Choreographer.java:1643)
04-08 01:48:23.157 11442 11442 E unknown:FabricUIManager: 	at android.os.Handler.handleCallback(Handler.java:1095)
04-08 01:48:23.157 11442 11442 E unknown:FabricUIManager: 	at android.os.Handler.dispatchMessageImpl(Handler.java:135)
04-08 01:48:23.157 11442 11442 E unknown:FabricUIManager: 	at android.os.Handler.dispatchMessage(Handler.java:125)
04-08 01:48:23.157 11442 11442 E unknown:FabricUIManager: 	at android.os.Looper.loopOnce(Looper.java:292)
04-08 01:48:23.157 11442 11442 E unknown:FabricUIManager: 	at android.os.Looper.loop(Looper.java:393)
04-08 01:48:23.157 11442 11442 E unknown:FabricUIManager: 	at android.app.ActivityThread.main(ActivityThread.java:9486)
04-08 01:48:23.157 11442 11442 E unknown:FabricUIManager: 	at java.lang.reflect.Method.invoke(Native Method)
04-08 01:48:23.157 11442 11442 E unknown:FabricUIManager: 	at com.android.internal.os.RuntimeInit$MethodAndArgsCaller.run(RuntimeInit.java:575)
04-08 01:48:23.157 11442 11442 E unknown:FabricUIManager: 	at com.android.internal.os.ZygoteInit.main(ZygoteInit.java:939)
04-08 01:48:23.158 11442 11442 W unknown:BridgelessReact: ReactHost{0}.handleHostException(message = "Can't find ViewManager 'RNSScreen' nor 'RCTRNSScreen' in ViewManagerRegistry, existing names are: [RNCSafeAreaProvider, DebuggingOverlay, RNGestureHandlerButton, RCTSafeAreaView, RCTModalHostView, RCTTextInlineImage, AndroidProgressBar, AndroidHorizontalScrollView, RCTImageView, RCTText, AndroidHorizontalScrollContentView, UnimplementedNativeView, RCTScrollView, RNCSafeAreaView, RCTView, AndroidDrawerLayout, AndroidSwitch, AndroidSwipeRefreshLayout, AndroidTextInput, RNGestureHandlerRootView]")
04-08 01:48:23.158 11442 11442 E unknown:ReactNative: Exception in native call
04-08 01:48:23.158 11442 11442 E unknown:ReactNative: com.facebook.react.uimanager.IllegalViewOperationException: Can't find ViewManager 'RNSScreen' nor 'RCTRNSScreen' in ViewManagerRegistry, existing names are: [RNCSafeAreaProvider, DebuggingOverlay, RNGestureHandlerButton, RCTSafeAreaView, RCTModalHostView, RCTTextInlineImage, AndroidProgressBar, AndroidHorizontalScrollView, RCTImageView, RCTText, AndroidHorizontalScrollContentView, UnimplementedNativeView, RCTScrollView, RNCSafeAreaView, RCTView, AndroidDrawerLayout, AndroidSwitch, AndroidSwipeRefreshLayout, AndroidTextInput, RNGestureHandlerRootView]
04-08 01:48:23.158 11442 11442 E unknown:ReactNative: 	at com.facebook.react.uimanager.ViewManagerRegistry.get(ViewManagerRegistry.kt:72)
04-08 01:48:23.158 11442 11442 E unknown:ReactNative: 	at com.facebook.react.fabric.mounting.SurfaceMountingManager.createViewUnsafe(SurfaceMountingManager.java:687)
04-08 01:48:23.158 11442 11442 E unknown:ReactNative: 	at com.facebook.react.fabric.mounting.SurfaceMountingManager.preallocateView(SurfaceMountingManager.java:1225)
04-08 01:48:23.158 11442 11442 E unknown:ReactNative: 	at com.facebook.react.fabric.mounting.mountitems.PreAllocateViewMountItem.execute(PreAllocateViewMountItem.kt:39)
04-08 01:48:23.158 11442 11442 E unknown:ReactNative: 	at com.facebook.react.fabric.mounting.MountItemDispatcher.executeOrEnqueue(MountItemDispatcher.kt:340)
04-08 01:48:23.158 11442 11442 E unknown:ReactNative: 	at com.facebook.react.fabric.mounting.MountItemDispatcher.dispatchPreMountItemsImpl(MountItemDispatcher.kt:315)
04-08 01:48:23.158 11442 11442 E unknown:ReactNative: 	at com.facebook.react.fabric.mounting.MountItemDispatcher.dispatchPreMountItems(MountItemDispatcher.kt:294)
04-08 01:48:23.158 11442 11442 E unknown:ReactNative: 	at com.facebook.react.fabric.FabricUIManager$DispatchUIFrameCallback.doFrameGuarded(FabricUIManager.java:1498)
04-08 01:48:23.158 11442 11442 E unknown:ReactNative: 	at com.facebook.react.uimanager.GuardedFrameCallback.doFrame(GuardedFrameCallback.kt:25)
04-08 01:48:23.158 11442 11442 E unknown:ReactNative: 	at com.facebook.react.modules.core.ReactChoreographer.frameCallback$lambda$1(ReactChoreographer.kt:59)
04-08 01:48:23.158 11442 11442 E unknown:ReactNative: 	at com.facebook.react.modules.core.ReactChoreographer.$r8$lambda$nSkFhrr5T7rop_XKwzlLov4NLLw(ReactChoreographer.kt:0)
04-08 01:48:23.158 11442 11442 E unknown:ReactNative: 	at com.facebook.react.modules.core.ReactChoreographer$$ExternalSyntheticLambda0.doFrame(D8$$SyntheticClass:0)
04-08 01:48:23.158 11442 11442 E unknown:ReactNative: 	at android.view.Choreographer$CallbackRecord.run(Choreographer.java:1658)
04-08 01:48:23.158 11442 11442 E unknown:ReactNative: 	at android.view.Choreographer$CallbackRecord.run(Choreographer.java:1669)
04-08 01:48:23.158 11442 11442 E unknown:ReactNative: 	at android.view.Choreographer.doCallbacks(Choreographer.java:1255)
04-08 01:48:23.158 11442 11442 E unknown:ReactNative: 	at android.view.Choreographer.doFrame(Choreographer.java:1208)
04-08 01:48:23.158 11442 11442 E unknown:ReactNative: 	at android.view.Choreographer$FrameDisplayEventReceiver.run(Choreographer.java:1643)
04-08 01:48:23.158 11442 11442 E unknown:ReactNative: 	at android.os.Handler.handleCallback(Handler.java:1095)
04-08 01:48:23.158 11442 11442 E unknown:ReactNative: 	at android.os.Handler.dispatchMessageImpl(Handler.java:135)
04-08 01:48:23.158 11442 11442 E unknown:ReactNative: 	at android.os.Handler.dispatchMessage(Handler.java:125)
04-08 01:48:23.158 11442 11442 E unknown:ReactNative: 	at android.os.Looper.loopOnce(Looper.java:292)
04-08 01:48:23.158 11442 11442 E unknown:ReactNative: 	at android.os.Looper.loop(Looper.java:393)
04-08 01:48:23.158 11442 11442 E unknown:ReactNative: 	at android.app.ActivityThread.main(ActivityThread.java:9486)
04-08 01:48:23.158 11442 11442 E unknown:ReactNative: 	at java.lang.reflect.Method.invoke(Native Method)
04-08 01:48:23.158 11442 11442 E unknown:ReactNative: 	at com.android.internal.os.RuntimeInit$MethodAndArgsCaller.run(RuntimeInit.java:575)
04-08 01:48:23.158 11442 11442 E unknown:ReactNative: 	at com.android.internal.os.ZygoteInit.main(ZygoteInit.java:939)
04-08 01:48:23.159 11442 11469 W unknown:BridgelessReact: ReactHost{0}.getOrCreateDestroyTask()
04-08 01:48:23.160 11442 11469 W unknown:BridgelessReact: ReactHost{0}.getOrCreateDestroyTask(): Resetting createReactInstance task ref
04-08 01:48:23.172   699   713 W InputChannel-JNI: Channel already disposed.
04-08 01:48:23.173 11442 11442 W unknown:BridgelessReact: ReactHost{0}.getOrCreateDestroyTask(): Starting React Native destruction
04-08 01:48:23.173 11442 11442 W unknown:BridgelessReact: ReactHost{0}.getOrCreateDestroyTask(): DevSupportManager cleanup
04-08 01:48:23.174 11442 11442 W unknown:BridgelessReact: ReactHost{0}.getOrCreateDestroyTask(): Move ReactHost to onHostDestroy()
04-08 01:48:23.174 11442 11442 W unknown:BridgelessReact: ReactHost{0}.ReactContext.onHostPause()
04-08 01:48:23.175 11442 11442 W unknown:BridgelessReact: ReactHost{0}.raiseSoftException(callWithExistingReactInstance(callFunctionOnModule("RCTDeviceEventEmitter", "emit"))): Execute: reactInstance is null. Dropping work.
04-08 01:48:23.176 11442 11442 E unknown:ReactHost: Unhandled SoftException
04-08 01:48:23.176 11442 11442 E unknown:ReactHost: com.facebook.react.bridge.ReactNoCrashSoftException: raiseSoftException(callWithExistingReactInstance(callFunctionOnModule("RCTDeviceEventEmitter", "emit"))): Execute: reactInstance is null. Dropping work.
04-08 01:48:23.176 11442 11442 E unknown:ReactHost: 	at com.facebook.react.runtime.ReactHostImpl.raiseSoftException(ReactHostImpl.kt:865)
04-08 01:48:23.176 11442 11442 E unknown:ReactHost: 	at com.facebook.react.runtime.ReactHostImpl.raiseSoftException$default(ReactHostImpl.kt:856)
04-08 01:48:23.176 11442 11442 E unknown:ReactHost: 	at com.facebook.react.runtime.ReactHostImpl.callWithExistingReactInstance$lambda$31(ReactHostImpl.kt:881)
04-08 01:48:23.176 11442 11442 E unknown:ReactHost: 	at com.facebook.react.runtime.ReactHostImpl.$r8$lambda$l1K12GG-9QlElWkNW0LKLzyWgAs(ReactHostImpl.kt:0)
04-08 01:48:23.176 11442 11442 E unknown:ReactHost: 	at com.facebook.react.runtime.ReactHostImpl$$ExternalSyntheticLambda35.then(D8$$SyntheticClass:0)
04-08 01:48:23.176 11442 11442 E unknown:ReactHost: 	at com.facebook.react.runtime.internal.bolts.Task$Companion.completeImmediately$lambda$3(Task.kt:360)
04-08 01:48:23.176 11442 11442 E unknown:ReactHost: 	at com.facebook.react.runtime.internal.bolts.Task$Companion.$r8$lambda$b7MTC0ufkn_2TjF4BGcNqGR9qK0(Task.kt:0)
04-08 01:48:23.176 11442 11442 E unknown:ReactHost: 	at com.facebook.react.runtime.internal.bolts.Task$Companion$$ExternalSyntheticLambda3.run(D8$$SyntheticClass:0)
04-08 01:48:23.176 11442 11442 E unknown:ReactHost: 	at com.facebook.react.runtime.internal.bolts.Executors$ImmediateExecutor.execute(Executors.kt:41)
04-08 01:48:23.176 11442 11442 E unknown:ReactHost: 	at com.facebook.react.runtime.internal.bolts.Task$Companion.completeImmediately(Task.kt:358)
04-08 01:48:23.176 11442 11442 E unknown:ReactHost: 	at com.facebook.react.runtime.internal.bolts.Task$Companion.access$completeImmediately(Task.kt:254)
04-08 01:48:23.176 11442 11442 E unknown:ReactHost: 	at com.facebook.react.runtime.internal.bolts.Task.continueWith(Task.kt:133)
04-08 01:48:23.176 11442 11442 E unknown:ReactHost: 	at com.facebook.react.runtime.internal.bolts.Task.continueWith$default(Task.kt:117)
04-08 01:48:23.176 11442 11442 E unknown:ReactHost: 	at com.facebook.react.runtime.internal.bolts.Task.onSuccess$lambda$12(Task.kt:176)
04-08 01:48:23.176 11442 11442 E unknown:ReactHost: 	at com.facebook.react.runtime.internal.bolts.Task.$r8$lambda$l0wwo5AvbHxlwfI1R7CH_codxoo(Task.kt:0)
04-08 01:48:23.176 11442 11442 E unknown:ReactHost: 	at com.facebook.react.runtime.internal.bolts.Task$$ExternalSyntheticLambda2.then(D8$$SyntheticClass:0)
04-08 01:48:23.176 11442 11442 E unknown:ReactHost: 	at com.facebook.react.runtime.internal.bolts.Task$Companion.completeAfterTask$lambda$5(Task.kt:394)
04-08 01:48:23.176 11442 11442 E unknown:ReactHost: 	at com.facebook.react.runtime.internal.bolts.Task$Companion.$r8$lambda$IPpysnehFwANEiW061YzapkMdoE(Task.kt:0)
04-08 01:48:23.176 11442 11442 E unknown:ReactHost: 	at com.facebook.react.runtime.internal.bolts.Task$Companion$$ExternalSyntheticLambda4.run(D8$$SyntheticClass:0)
04-08 01:48:23.176 11442 11442 E unknown:ReactHost: 	at com.facebook.react.runtime.internal.bolts.Executors$ImmediateExecutor.execute(Executors.kt:41)
04-08 01:48:23.176 11442 11442 E unknown:ReactHost: 	at com.facebook.react.runtime.internal.bolts.Task$Companion.completeAfterTask(Task.kt:392)
04-08 01:48:23.176 11442 11442 E unknown:ReactHost: 	at com.facebook.react.runtime.internal.bolts.Task$Companion.access$completeAfterTask(Task.kt:254)
04-08 01:48:23.176 11442 11442 E unknown:ReactHost: 	at com.facebook.react.runtime.internal.bolts.Task.continueWithTask(Task.kt:158)
04-08 01:48:23.176 11442 11442 E unknown:ReactHost: 	at com.facebook.react.runtime.internal.bolts.Task.onSuccess(Task.kt:171)
04-08 01:48:23.176 11442 11442 E unknown:ReactHost: 	at com.facebook.react.runtime.ReactHostImpl.callWithExistingReactInstance(ReactHostImpl.kt:877)
04-08 01:48:23.176 11442 11442 E unknown:ReactHost: 	at com.facebook.react.runtime.ReactHostImpl.callWithExistingReactInstance$default(ReactHostImpl.kt:870)
04-08 01:48:23.176 11442 11442 E unknown:ReactHost: 	at com.facebook.react.runtime.ReactHostImpl.callFunctionOnModule$ReactAndroid_debug(ReactHostImpl.kt:759)
04-08 01:48:23.176 11442 11442 E unknown:ReactHost: 	at com.facebook.react.runtime.BridgelessReactContext.emitDeviceEvent(BridgelessReactContext.kt:154)
04-08 01:48:23.176 11442 11442 E unknown:ReactHost: 	at com.facebook.react.modules.appstate.AppStateModule.sendEvent(AppStateModule.kt:71)
04-08 01:48:23.176 11442 11442 E unknown:ReactHost: 	at com.facebook.react.modules.appstate.AppStateModule.sendAppStateChangeEvent(AppStateModule.kt:75)
04-08 01:48:23.176 11442 11442 E unknown:ReactHost: 	at com.facebook.react.modules.appstate.AppStateModule.onHostPause(AppStateModule.kt:48)
04-08 01:48:23.176 11442 11442 E unknown:ReactHost: 	at com.facebook.react.bridge.ReactContext.onHostPause(ReactContext.java:296)
04-08 01:48:23.176 11442 11442 E unknown:ReactHost: 	at com.facebook.react.runtime.ReactLifecycleStateManager.moveToOnHostDestroy(ReactLifecycleStateManager.kt:77)
04-08 01:48:23.176 11442 11442 E unknown:ReactHost: 	at com.facebook.react.runtime.ReactHostImpl.getOrCreateDestroyTask$lambda$60(ReactHostImpl.kt:1458)
04-08 01:48:23.176 11442 11442 E unknown:ReactHost: 	at com.facebook.react.runtime.ReactHostImpl.$r8$lambda$W_3hbG2jNwurg3jPo_rFnHCrsPg(ReactHostImpl.kt:0)
04-08 01:48:23.176 11442 11442 E unknown:ReactHost: 	at com.facebook.react.runtime.ReactHostImpl$$ExternalSyntheticLambda29.then(D8$$SyntheticClass:0)
04-08 01:48:23.176 11442 11442 E unknown:ReactHost: 	at com.facebook.react.runtime.internal.bolts.Task$Companion.completeAfterTask$lambda$5(Task.kt:394)
04-08 01:48:23.176 11442 11442 E unknown:ReactHost: 	at com.facebook.react.runtime.internal.bolts.Task$Companion.$r8$lambda$IPpysnehFwANEiW061YzapkMdoE(Task.kt:0)
04-08 01:48:23.177 11442 11442 E unknown:ReactHost: 	at com.facebook.react.runtime.internal.bolts.Task$Companion$$ExternalSyntheticLambda4.run(D8$$SyntheticClass:0)
04-08 01:48:23.177 11442 11442 E unknown:ReactHost: 	at android.os.Handler.handleCallback(Handler.java:1095)
04-08 01:48:23.177 11442 11442 E unknown:ReactHost: 	at android.os.Handler.dispatchMessageImpl(Handler.java:135)
04-08 01:48:23.177 11442 11442 E unknown:ReactHost: 	at android.os.Handler.dispatchMessage(Handler.java:125)
04-08 01:48:23.177 11442 11442 E unknown:ReactHost: 	at android.os.Looper.loopOnce(Looper.java:292)
04-08 01:48:23.177 11442 11442 E unknown:ReactHost: 	at android.os.Looper.loop(Looper.java:393)
04-08 01:48:23.177 11442 11442 E unknown:ReactHost: 	at android.app.ActivityThread.main(ActivityThread.java:9486)
04-08 01:48:23.177 11442 11442 E unknown:ReactHost: 	at java.lang.reflect.Method.invoke(Native Method)
04-08 01:48:23.177 11442 11442 E unknown:ReactHost: 	at com.android.internal.os.RuntimeInit$MethodAndArgsCaller.run(RuntimeInit.java:575)
04-08 01:48:23.177 11442 11442 E unknown:ReactHost: 	at com.android.internal.os.ZygoteInit.main(ZygoteInit.java:939)
04-08 01:48:23.177 11442 11442 W unknown:BridgelessReact: ReactHost{0}.ReactContext.onHostDestroy()
04-08 01:48:23.177 11442 11442 E unknown:ReactNative: Tried to remove non-existent frame callback
04-08 01:48:23.177 11442 11469 W unknown:BridgelessReact: ReactHost{0}.getOrCreateDestroyTask(): Stopping all React Native surfaces
04-08 01:48:23.178 11442 11442 D WindowOnBackDispatcher: setTopOnBackInvokedCallback (unwrapped): android.app.Dialog$$ExternalSyntheticLambda2@be728e9
04-08 01:48:23.178   699   713 D CoreBackPreview: Window{a3aa9ac u0 com.spaceroom_clean/com.spaceroom_clean.MainActivity}: Setting back callback OnBackInvokedCallbackInfo{mCallback=android.window.IOnBackInvokedCallback$Stub$Proxy@8a798d6, mPriority=-1, mIsAnimationCallback=false, mOverrideBehavior=0}
04-08 01:48:23.181 11442 11469 E unknown:SurfaceMountingManager: Stopping surface [1]
04-08 01:48:23.182   699   713 D WindowManager: setClientSurface Surface(name=VRI-com.spaceroom_clean/com.spaceroom_clean.MainActivity#1573)/@0xb717757 for a3aa9ac com.spaceroom_clean/com.spaceroom_clean.MainActivity
04-08 01:48:23.186 11442 11442 I Surface : Creating surface for consumer unnamed-11442-1 with slotExpansion=1 for 64 slots
04-08 01:48:23.186 11442 11442 I Surface : Creating surface for consumer VRI[MainActivity]#1(BLAST Consumer)1 with slotExpansion=1 for 64 slots
04-08 01:48:23.188   512   614 W skia    : AGTM parsing failed flags.readFromStream(s) at 159
04-08 01:48:23.232 11442 11442 E unknown:SurfaceMountingManager: Surface [1] was stopped on SurfaceMountingManager.
04-08 01:48:23.233 11442 11442 W unknown:BridgelessReact: ReactHost{0}.getOrCreateDestroyTask(): Destroying MemoryPressureRouter
04-08 01:48:23.234 11442 11442 W unknown:BridgelessReact: ReactHost{0}.getOrCreateDestroyTask(): Resetting ReactContext ref
04-08 01:48:23.234 11442 11442 W unknown:BridgelessReact: ReactHost{0}.getOrCreateDestroyTask(): Destroying ReactContext
04-08 01:48:23.235 11442 11469 W unknown:BridgelessReact: ReactHost{0}.getOrCreateDestroyTask(): Resetting ReactInstance ptr
04-08 01:48:23.235 11442 11469 W unknown:BridgelessReact: ReactHost{0}.getOrCreateDestroyTask(): Destroying ReactInstance
04-08 01:48:23.238 11442 11478 W unknown:ReactNative: Tried to enqueue runnable on already finished thread: 'v_native... dropping Runnable.
04-08 01:48:23.256 11442 11478 W unknown:ReactNative: Tried to enqueue runnable on already finished thread: 'v_native... dropping Runnable.
04-08 01:48:23.260 11442 11478 W unknown:ReactNative: Tried to enqueue runnable on already finished thread: 'v_native... dropping Runnable.
04-08 01:48:23.260 11442 11478 W unknown:ReactNative: Tried to enqueue runnable on already finished thread: 'v_native... dropping Runnable.
04-08 01:48:23.260 11442 11478 W unknown:ReactNative: Tried to enqueue runnable on already finished thread: 'v_native... dropping Runnable.
04-08 01:48:23.260 11442 11478 W unknown:ReactNative: Tried to enqueue runnable on already finished thread: 'v_native... dropping Runnable.
04-08 01:48:23.260 11442 11478 W unknown:ReactNative: Tried to enqueue runnable on already finished thread: 'v_native... dropping Runnable.
04-08 01:48:23.260 11442 11478 W unknown:ReactNative: Tried to enqueue runnable on already finished thread: 'v_native... dropping Runnable.
04-08 01:48:23.278 11442 11478 W unknown:ReactNative: Tried to enqueue runnable on already finished thread: 'v_native... dropping Runnable.
04-08 01:48:23.278 11442 11478 W unknown:ReactNative: Tried to enqueue runnable on already finished thread: 'v_native... dropping Runnable.
04-08 01:48:23.278 11442 11478 W unknown:ReactNative: Tried to enqueue runnable on already finished thread: 'v_native... dropping Runnable.
04-08 01:48:23.278 11442 11478 W unknown:ReactNative: Tried to enqueue runnable on already finished thread: 'v_native... dropping Runnable.
04-08 01:48:23.278 11442 11478 W unknown:ReactNative: Tried to enqueue runnable on already finished thread: 'v_native... dropping Runnable.
04-08 01:48:23.278 11442 11478 W unknown:ReactNative: Tried to enqueue runnable on already finished thread: 'v_native... dropping Runnable.
04-08 01:48:23.278 11442 11478 W unknown:ReactNative: Tried to enqueue runnable on already finished thread: 'v_native... dropping Runnable.
04-08 01:48:23.279 11442 11478 W unknown:ReactNative: Tried to enqueue runnable on already finished thread: 'v_native... dropping Runnable.
04-08 01:48:23.279 11442 11478 W unknown:ReactNative: Tried to enqueue runnable on already finished thread: 'v_native... dropping Runnable.
04-08 01:48:23.279 11442 11478 W unknown:ReactNative: Tried to enqueue runnable on already finished thread: 'v_native... dropping Runnable.
04-08 01:48:23.279 11442 11478 W unknown:ReactNative: Tried to enqueue runnable on already finished thread: 'v_native... dropping Runnable.
04-08 01:48:23.279 11442 11478 W unknown:ReactNative: Tried to enqueue runnable on already finished thread: 'v_native... dropping Runnable.
04-08 01:48:23.287   512   614 W skia    : AGTM parsing failed flags.readFromStream(s) at 159
04-08 01:48:23.293 11442 11478 W unknown:ReactNative: Tried to enqueue runnable on already finished thread: 'v_native... dropping Runnable.
04-08 01:48:23.297 11442 11478 W unknown:ReactNative: Tried to enqueue runnable on already finished thread: 'v_native... dropping Runnable.
04-08 01:48:23.301 11442 11478 W unknown:ReactNative: Tried to enqueue runnable on already finished thread: 'v_native... dropping Runnable.
04-08 01:48:23.307 11442 11478 W unknown:ReactNative: Tried to enqueue runnable on already finished thread: 'v_native... dropping Runnable.
04-08 01:48:23.312 11442 11478 W unknown:ReactNative: Tried to enqueue runnable on already finished thread: 'v_native... dropping Runnable.
04-08 01:48:23.316 11442 11469 E unknown:ReactNative: Tried to remove non-existent frame callback
04-08 01:48:23.317 11442 11469 W unknown:ReactNative: Tried to enqueue runnable on already finished thread: 'v_native... dropping Runnable.
04-08 01:48:23.318 11442 11469 W unknown:ReactNative: Tried to enqueue runnable on already finished thread: 'v_native... dropping Runnable.
04-08 01:48:23.318 11442 11469 W unknown:ReactNative: Tried to enqueue runnable on already finished thread: 'v_native... dropping Runnable.
04-08 01:48:23.318 11442 11469 W unknown:ReactNative: Tried to enqueue runnable on already finished thread: 'v_native... dropping Runnable.
04-08 01:48:23.318 11442 11469 W unknown:ReactNative: Tried to enqueue runnable on already finished thread: 'v_native... dropping Runnable.
04-08 01:48:23.318 11442 11469 W unknown:ReactNative: Tried to enqueue runnable on already finished thread: 'v_native... dropping Runnable.
04-08 01:48:23.318 11442 11469 W unknown:ReactNative: Tried to enqueue runnable on already finished thread: 'v_native... dropping Runnable.
04-08 01:48:23.318 11442 11469 W unknown:ReactNative: Tried to enqueue runnable on already finished thread: 'v_native... dropping Runnable.
04-08 01:48:23.318 11442 11469 W unknown:ReactNative: Tried to enqueue runnable on already finished thread: 'v_native... dropping Runnable.
04-08 01:48:23.318 11442 11469 W unknown:ReactNative: Tried to enqueue runnable on already finished thread: 'v_native... dropping Runnable.
04-08 01:48:23.318 11442 11469 W unknown:ReactNative: Tried to enqueue runnable on already finished thread: 'v_native... dropping Runnable.
04-08 01:48:23.318 11442 11469 W unknown:ReactNative: Tried to enqueue runnable on already finished thread: 'v_native... dropping Runnable.
04-08 01:48:23.318 11442 11469 W unknown:ReactNative: Tried to enqueue runnable on already finished thread: 'v_native... dropping Runnable.
04-08 01:48:23.318 11442 11469 W unknown:ReactNative: Tried to enqueue runnable on already finished thread: 'v_native... dropping Runnable.
04-08 01:48:23.318 11442 11469 W unknown:ReactNative: Tried to enqueue runnable on already finished thread: 'v_native... dropping Runnable.
04-08 01:48:23.318 11442 11469 W unknown:ReactNative: Tried to enqueue runnable on already finished thread: 'v_native... dropping Runnable.
04-08 01:48:23.319 11442 11469 W unknown:ReactNative: Tried to enqueue runnable on already finished thread: 'v_native... dropping Runnable.
04-08 01:48:23.319 11442 11469 W unknown:ReactNative: Tried to enqueue runnable on already finished thread: 'v_native... dropping Runnable.
04-08 01:48:23.319 11442 11469 W unknown:ReactNative: Tried to enqueue runnable on already finished thread: 'v_native... dropping Runnable.
04-08 01:48:23.319 11442 11469 W unknown:ReactNative: Tried to enqueue runnable on already finished thread: 'v_native... dropping Runnable.
04-08 01:48:23.319 11442 11469 W unknown:ReactNative: Tried to enqueue runnable on already finished thread: 'v_native... dropping Runnable.
04-08 01:48:23.339 11442 11469 W unknown:BridgelessReact: ReactHost{0}.getOrCreateDestroyTask(): Resetting start/destroy task ref
04-08 01:48:23.387   512   614 W skia    : AGTM parsing failed flags.readFromStream(s) at 159
04-08 01:48:23.454  1065  1210 D SatelliteController: isInCarrierRoamingNbIotNtn: satellite is disabled
04-08 01:48:23.454  1065  1210 D SatelliteController: getCarrierRoamingNtnConnectType: Checking connect type from PLMN config for subId: 1
04-08 01:48:23.455  1065  1210 D SatelliteController: getSatellitePerPlmnConfiguration: invalid subId or not supported via carrier.
04-08 01:48:23.455  1065  1210 D SatelliteController: getCarrierRoamingNtnConnectType: config: null
04-08 01:48:23.455  1065  1210 D SatelliteController: getCarrierRoamingNtnConnectType: Falling back to global carrier config connect type: 0
04-08 01:48:23.455  1065  1210 D SatelliteController: updateLastNotifiedCarrierRoamingNtnSignalStrengthAndNotify(1)
04-08 01:48:23.455  1065  1210 D SatelliteController: updateLastNotifiedCarrierRoamingNtnSignalStrengthAndNotify(1) lastNotifiedSignalStrength level: 0
04-08 01:48:23.455  1065  1210 D SatelliteController: updateLastNotifiedCarrierRoamingNtnSignalStrengthAndNotify(1) currSignalStrength level: 0
04-08 01:48:23.494   512   614 W skia    : AGTM parsing failed flags.readFromStream(s) at 159
04-08 01:48:24.131   699   846 I HalDevMgr: bestIfaceCreationProposal is null, requestIface=STA, existingIface=[name=wlan0 type=STA]
04-08 01:48:24.780   512   601 W libbinder.Binder: Binder transaction to android.gui.IDisplayEventConnection, function: requestNextVsync, code: 3, took 18446744073709551615ms. Data bytes: 88 Reply bytes: 0 Flags: 17
04-08 01:48:24.810   512   614 W skia    : AGTM parsing failed flags.readFromStream(s) at 159
04-08 01:48:24.912   512   614 W skia    : AGTM parsing failed flags.readFromStream(s) at 159
04-08 01:48:25.011   512   614 W skia    : AGTM parsing failed flags.readFromStream(s) at 159
04-08 01:48:25.112   512   614 W skia    : AGTM parsing failed flags.readFromStream(s) at 159
04-08 01:48:25.223   699  1593 E TaskPersister: File error accessing recents directory (directory doesn't exist?).
