04-08 01:39:50.798 29677 29813 I artd    : GetBestInfo: /data/user_de/0/com.google.android.gms/app_chimera/m/00000011/dl-VisionOcr.optional_261133100000.apk has no usable artifacts
04-08 01:39:50.799 29677 29813 I artd    : GetBestInfo: /data/user_de/0/com.google.android.gms/app_chimera/m/00000013/dl-PlayCloudSearch.optional_261133100000.apk has no usable artifacts
04-08 01:39:50.799 29677 29813 I artd    : GetBestInfo: /data/user_de/0/com.google.android.gms/app_chimera/m/00000007/MeasurementDynamite.apk has no usable artifacts
04-08 01:39:50.800 29677 29718 I artd    : GetBestInfo: /data/user_de/0/com.google.android.gms/app_chimera/m/00000012/dl-MlkitOcrCommon.optional_261133100800.apk has no usable artifacts
04-08 01:39:53.344   699   846 I HalDevMgr: bestIfaceCreationProposal is null, requestIface=STA, existingIface=[name=wlan0 type=STA]
04-08 01:39:53.447  1065  1210 D SatelliteController: isInCarrierRoamingNbIotNtn: satellite is disabled
04-08 01:39:53.448  1065  1210 D SatelliteController: getCarrierRoamingNtnConnectType: Checking connect type from PLMN config for subId: 1
04-08 01:39:53.448  1065  1210 D SatelliteController: getSatellitePerPlmnConfiguration: invalid subId or not supported via carrier.
04-08 01:39:53.449  1065  1210 D SatelliteController: getCarrierRoamingNtnConnectType: config: null
04-08 01:39:53.449  1065  1210 D SatelliteController: getCarrierRoamingNtnConnectType: Falling back to global carrier config connect type: 0
04-08 01:39:53.449  1065  1210 D SatelliteController: updateLastNotifiedCarrierRoamingNtnSignalStrengthAndNotify(1)
04-08 01:39:53.449  1065  1210 D SatelliteController: updateLastNotifiedCarrierRoamingNtnSignalStrengthAndNotify(1) lastNotifiedSignalStrength level: 0
04-08 01:39:53.449  1065  1210 D SatelliteController: updateLastNotifiedCarrierRoamingNtnSignalStrengthAndNotify(1) currSignalStrength level: 0
04-08 01:39:56.349   699   846 I HalDevMgr: bestIfaceCreationProposal is null, requestIface=STA, existingIface=[name=wlan0 type=STA]
04-08 01:39:59.354   699   846 I HalDevMgr: bestIfaceCreationProposal is null, requestIface=STA, existingIface=[name=wlan0 type=STA]
04-08 01:40:00.053   512   614 W skia    : AGTM parsing failed flags.readFromStream(s) at 159
04-08 01:40:00.771 29677 29718 I artd    : GetBestInfo: odex next to the dex file (/data/app/~~F3q5ugTl_KCdN7ONdfQidQ==/com.google.android.gms-aHS62ia2p6IgZXYguhKChQ==/oat/x86_64/base.odex) is kOatUpToDate with filter 'speed-profile' executable 'false'
04-08 01:40:00.772 29677 29718 I artd    : GetBestInfo: dm (/data/app/~~F3q5ugTl_KCdN7ONdfQidQ==/com.google.android.gms-aHS62ia2p6IgZXYguhKChQ==/split_AdsDynamite_installtime.dm) is kOatUpToDate with filter 'verify' executable 'false'
04-08 01:40:00.773 29677 29813 I artd    : GetBestInfo: dm (/data/app/~~F3q5ugTl_KCdN7ONdfQidQ==/com.google.android.gms-aHS62ia2p6IgZXYguhKChQ==/split_CronetDynamite_installtime.dm) is kOatUpToDate with filter 'verify' executable 'false'
04-08 01:40:00.774 29677 29678 I artd    : GetBestInfo: dm (/data/app/~~F3q5ugTl_KCdN7ONdfQidQ==/com.google.android.gms-aHS62ia2p6IgZXYguhKChQ==/split_DynamiteLoader_installtime.dm) is kOatUpToDate with filter 'verify' executable 'false'
04-08 01:40:00.775 29677 29679 I artd    : GetBestInfo: dm (/data/app/~~F3q5ugTl_KCdN7ONdfQidQ==/com.google.android.gms-aHS62ia2p6IgZXYguhKChQ==/split_DynamiteModulesA_installtime.dm) is kOatUpToDate with filter 'verify' executable 'false'
04-08 01:40:00.776 29677 29813 I artd    : GetBestInfo: dm (/data/app/~~F3q5ugTl_KCdN7ONdfQidQ==/com.google.android.gms-aHS62ia2p6IgZXYguhKChQ==/split_DynamiteModulesC_installtime.dm) is kOatUpToDate with filter 'verify' executable 'false'
04-08 01:40:00.776 29677 29679 I artd    : GetBestInfo: dm (/data/app/~~F3q5ugTl_KCdN7ONdfQidQ==/com.google.android.gms-aHS62ia2p6IgZXYguhKChQ==/split_GoogleCertificates_installtime.dm) is kOatUpToDate with filter 'verify' executable 'false'
04-08 01:40:00.777 29677 29679 I artd    : GetBestInfo: dm (/data/app/~~F3q5ugTl_KCdN7ONdfQidQ==/com.google.android.gms-aHS62ia2p6IgZXYguhKChQ==/split_MapsDynamite_installtime.dm) is kOatUpToDate with filter 'verify' executable 'false'
04-08 01:40:00.779 29677 29678 I artd    : GetBestInfo: dm (/data/app/~~F3q5ugTl_KCdN7ONdfQidQ==/com.google.android.gms-aHS62ia2p6IgZXYguhKChQ==/split_MeasurementDynamite_installtime.dm) is kOatUpToDate with filter 'verify' executable 'false'
04-08 01:40:00.780 29677 29678 I artd    : GetBestInfo: /data/user_de/0/com.google.android.gms/app_chimera/m/00000008/dl-TfliteDynamiteDynamite.integ_243930802100800.apk has no usable artifacts
04-08 01:40:00.781 29677 29678 I artd    : GetBestInfo: /data/user_de/0/com.google.android.gms/app_chimera/m/0000000c/dl-MlkitBarcodeUi.optional_260235100800.apk has no usable artifacts
04-08 01:40:00.781 29677 29678 I artd    : GetBestInfo: /data/user_de/0/com.google.android.gms/app_chimera/m/00000001/CronetDynamite.apk has no usable artifacts
04-08 01:40:00.782 29677 29678 I artd    : GetBestInfo: /data/user_de/0/com.google.android.gms/app_chimera/m/0000000b/dl-TfliteDynamiteDynamite.integ_252130102100800.apk has no usable artifacts
04-08 01:40:00.782 29677 29678 I artd    : GetBestInfo: /data/user_de/0/com.google.android.gms/app_chimera/m/00000002/DynamiteLoader.apk has no usable artifacts
04-08 01:40:00.783 29677 29678 I artd    : GetBestInfo: /data/user_de/0/com.google.android.gms/app_chimera/m/0000000e/dl-MlkitOcrCommon.optional_260235100800.apk has no usable artifacts
04-08 01:40:00.784 29677 29678 I artd    : GetBestInfo: /data/user_de/0/com.google.android.gms/app_chimera/m/00000005/GoogleCertificates.apk has no usable artifacts
04-08 01:40:00.785 29677 29678 I artd    : GetBestInfo: /data/user_de/0/com.google.android.gms/app_chimera/m/00000015/dl-Appsearch.optional_261133100800.apk has no usable artifacts
04-08 01:40:00.786 29677 29678 I artd    : GetBestInfo: /data/user_de/0/com.google.android.gms/app_chimera/m/00000010/dl-PlayCloudSearch.optional_260235100000.apk has no usable artifacts
04-08 01:40:00.787 29677 29678 I artd    : GetBestInfo: /data/user_de/0/com.google.android.gms/app_chimera/m/00000009/dl-VisionOcr.optional_260235100000.apk has no usable artifacts
04-08 01:40:00.788 29677 29678 I artd    : GetBestInfo: vdex next to the dex file (/data/user/0/com.google.android.gms/app_dg_cache/BB2AE5A47BB198AF36C19CFD2B6407061A1BAF30/oat/x86_64/the.vdex) is kOatUpToDate with filter 'verify' executable 'false'
04-08 01:40:00.790 29677 29678 I artd    : GetBestInfo: /data/user_de/0/com.google.android.gms/app_chimera/m/0000000a/dl-Appsearch.optional_260235100800.apk has no usable artifacts
04-08 01:40:00.791 29677 29678 I artd    : GetBestInfo: /data/user_de/0/com.google.android.gms/app_chimera/m/00000016/dl-MlkitBarcodeUi.optional_261133100800.apk has no usable artifacts
04-08 01:40:00.792 29677 29678 I artd    : GetBestInfo: /data/user_de/0/com.google.android.gms/app_chimera/m/00000011/dl-VisionOcr.optional_261133100000.apk has no usable artifacts
04-08 01:40:00.793 29677 29678 I artd    : GetBestInfo: /data/user_de/0/com.google.android.gms/app_chimera/m/00000013/dl-PlayCloudSearch.optional_261133100000.apk has no usable artifacts
04-08 01:40:00.793 29677 29678 I artd    : GetBestInfo: /data/user_de/0/com.google.android.gms/app_chimera/m/00000007/MeasurementDynamite.apk has no usable artifacts
04-08 01:40:00.794 29677 29678 I artd    : GetBestInfo: /data/user_de/0/com.google.android.gms/app_chimera/m/00000012/dl-MlkitOcrCommon.optional_261133100800.apk has no usable artifacts
04-08 01:40:02.359   699   846 I HalDevMgr: bestIfaceCreationProposal is null, requestIface=STA, existingIface=[name=wlan0 type=STA]
04-08 01:40:03.445  1065  1210 D SatelliteController: isInCarrierRoamingNbIotNtn: satellite is disabled
04-08 01:40:03.445  1065  1210 D SatelliteController: getCarrierRoamingNtnConnectType: Checking connect type from PLMN config for subId: 1
04-08 01:40:03.445  1065  1210 D SatelliteController: getSatellitePerPlmnConfiguration: invalid subId or not supported via carrier.
04-08 01:40:03.445  1065  1210 D SatelliteController: getCarrierRoamingNtnConnectType: config: null
04-08 01:40:03.446  1065  1210 D SatelliteController: getCarrierRoamingNtnConnectType: Falling back to global carrier config connect type: 0
04-08 01:40:03.446  1065  1210 D SatelliteController: updateLastNotifiedCarrierRoamingNtnSignalStrengthAndNotify(1)
04-08 01:40:03.446  1065  1210 D SatelliteController: updateLastNotifiedCarrierRoamingNtnSignalStrengthAndNotify(1) lastNotifiedSignalStrength level: 0
04-08 01:40:03.446  1065  1210 D SatelliteController: updateLastNotifiedCarrierRoamingNtnSignalStrengthAndNotify(1) currSignalStrength level: 0
04-08 01:40:05.363   699   846 I HalDevMgr: bestIfaceCreationProposal is null, requestIface=STA, existingIface=[name=wlan0 type=STA]
04-08 01:40:08.368   699   846 I HalDevMgr: bestIfaceCreationProposal is null, requestIface=STA, existingIface=[name=wlan0 type=STA]
04-08 01:40:10.785   699   708 I system_server: Background young concurrent mark compact GC freed 22MB AllocSpace bytes, 5(160KB) LOS objects, 38% free, 36MB/59MB, paused 273us,12.961ms total 19.710ms
04-08 01:40:10.787 29677 29678 I artd    : GetBestInfo: odex next to the dex file (/data/app/~~F3q5ugTl_KCdN7ONdfQidQ==/com.google.android.gms-aHS62ia2p6IgZXYguhKChQ==/oat/x86_64/base.odex) is kOatUpToDate with filter 'speed-profile' executable 'false'
04-08 01:40:10.789 29677 29678 I artd    : GetBestInfo: dm (/data/app/~~F3q5ugTl_KCdN7ONdfQidQ==/com.google.android.gms-aHS62ia2p6IgZXYguhKChQ==/split_AdsDynamite_installtime.dm) is kOatUpToDate with filter 'verify' executable 'false'
04-08 01:40:10.790 29677 29678 I artd    : GetBestInfo: dm (/data/app/~~F3q5ugTl_KCdN7ONdfQidQ==/com.google.android.gms-aHS62ia2p6IgZXYguhKChQ==/split_CronetDynamite_installtime.dm) is kOatUpToDate with filter 'verify' executable 'false'
04-08 01:40:10.791 29677 29678 I artd    : GetBestInfo: dm (/data/app/~~F3q5ugTl_KCdN7ONdfQidQ==/com.google.android.gms-aHS62ia2p6IgZXYguhKChQ==/split_DynamiteLoader_installtime.dm) is kOatUpToDate with filter 'verify' executable 'false'
04-08 01:40:10.793 29677 29678 I artd    : GetBestInfo: dm (/data/app/~~F3q5ugTl_KCdN7ONdfQidQ==/com.google.android.gms-aHS62ia2p6IgZXYguhKChQ==/split_DynamiteModulesA_installtime.dm) is kOatUpToDate with filter 'verify' executable 'false'
04-08 01:40:10.793 29677 29678 I artd    : GetBestInfo: dm (/data/app/~~F3q5ugTl_KCdN7ONdfQidQ==/com.google.android.gms-aHS62ia2p6IgZXYguhKChQ==/split_DynamiteModulesC_installtime.dm) is kOatUpToDate with filter 'verify' executable 'false'
04-08 01:40:10.795 29677 29678 I artd    : GetBestInfo: dm (/data/app/~~F3q5ugTl_KCdN7ONdfQidQ==/com.google.android.gms-aHS62ia2p6IgZXYguhKChQ==/split_GoogleCertificates_installtime.dm) is kOatUpToDate with filter 'verify' executable 'false'
04-08 01:40:10.796 29677 29678 I artd    : GetBestInfo: dm (/data/app/~~F3q5ugTl_KCdN7ONdfQidQ==/com.google.android.gms-aHS62ia2p6IgZXYguhKChQ==/split_MapsDynamite_installtime.dm) is kOatUpToDate with filter 'verify' executable 'false'
04-08 01:40:10.797 29677 29678 I artd    : GetBestInfo: dm (/data/app/~~F3q5ugTl_KCdN7ONdfQidQ==/com.google.android.gms-aHS62ia2p6IgZXYguhKChQ==/split_MeasurementDynamite_installtime.dm) is kOatUpToDate with filter 'verify' executable 'false'
04-08 01:40:10.798 29677 29678 I artd    : GetBestInfo: /data/user_de/0/com.google.android.gms/app_chimera/m/00000008/dl-TfliteDynamiteDynamite.integ_243930802100800.apk has no usable artifacts
04-08 01:40:10.799 29677 29678 I artd    : GetBestInfo: /data/user_de/0/com.google.android.gms/app_chimera/m/0000000c/dl-MlkitBarcodeUi.optional_260235100800.apk has no usable artifacts
04-08 01:40:10.800 29677 29678 I artd    : GetBestInfo: /data/user_de/0/com.google.android.gms/app_chimera/m/00000001/CronetDynamite.apk has no usable artifacts
04-08 01:40:10.801 29677 29678 I artd    : GetBestInfo: /data/user_de/0/com.google.android.gms/app_chimera/m/0000000b/dl-TfliteDynamiteDynamite.integ_252130102100800.apk has no usable artifacts
04-08 01:40:10.801 29677 29678 I artd    : GetBestInfo: /data/user_de/0/com.google.android.gms/app_chimera/m/00000002/DynamiteLoader.apk has no usable artifacts
04-08 01:40:10.802 29677 29679 I artd    : GetBestInfo: /data/user_de/0/com.google.android.gms/app_chimera/m/0000000e/dl-MlkitOcrCommon.optional_260235100800.apk has no usable artifacts
04-08 01:40:10.803 29677 29678 I artd    : GetBestInfo: /data/user_de/0/com.google.android.gms/app_chimera/m/00000005/GoogleCertificates.apk has no usable artifacts
04-08 01:40:10.803 29677 29678 I artd    : GetBestInfo: /data/user_de/0/com.google.android.gms/app_chimera/m/00000015/dl-Appsearch.optional_261133100800.apk has no usable artifacts
04-08 01:40:10.804 29677 29678 I artd    : GetBestInfo: /data/user_de/0/com.google.android.gms/app_chimera/m/00000010/dl-PlayCloudSearch.optional_260235100000.apk has no usable artifacts
04-08 01:40:10.806 29677 29678 I artd    : GetBestInfo: /data/user_de/0/com.google.android.gms/app_chimera/m/00000009/dl-VisionOcr.optional_260235100000.apk has no usable artifacts
04-08 01:40:10.807 29677 29678 I artd    : GetBestInfo: vdex next to the dex file (/data/user/0/com.google.android.gms/app_dg_cache/BB2AE5A47BB198AF36C19CFD2B6407061A1BAF30/oat/x86_64/the.vdex) is kOatUpToDate with filter 'verify' executable 'false'
04-08 01:40:10.808 29677 29678 I artd    : GetBestInfo: /data/user_de/0/com.google.android.gms/app_chimera/m/0000000a/dl-Appsearch.optional_260235100800.apk has no usable artifacts
04-08 01:40:10.809 29677 29678 I artd    : GetBestInfo: /data/user_de/0/com.google.android.gms/app_chimera/m/00000016/dl-MlkitBarcodeUi.optional_261133100800.apk has no usable artifacts
04-08 01:40:10.810 29677 29678 I artd    : GetBestInfo: /data/user_de/0/com.google.android.gms/app_chimera/m/00000011/dl-VisionOcr.optional_261133100000.apk has no usable artifacts
04-08 01:40:10.811 29677 29678 I artd    : GetBestInfo: /data/user_de/0/com.google.android.gms/app_chimera/m/00000013/dl-PlayCloudSearch.optional_261133100000.apk has no usable artifacts
04-08 01:40:10.812 29677 29679 I artd    : GetBestInfo: /data/user_de/0/com.google.android.gms/app_chimera/m/00000007/MeasurementDynamite.apk has no usable artifacts
04-08 01:40:10.813 29677 29679 I artd    : GetBestInfo: /data/user_de/0/com.google.android.gms/app_chimera/m/00000012/dl-MlkitOcrCommon.optional_261133100800.apk has no usable artifacts
04-08 01:40:11.372   699   846 I HalDevMgr: bestIfaceCreationProposal is null, requestIface=STA, existingIface=[name=wlan0 type=STA]
04-08 01:40:13.237  2576 11005 I AlarmManager: setExactAndAllowWhileIdle [name: GCM_HB_ALARM type: 2 triggerAtMillis: 20700729]
04-08 01:40:13.238  2576 11005 I AlarmManager: setExactAndAllowWhileIdle [name: GCM_HB_ALARM type: 2 triggerAtMillis: 20700730]
04-08 01:40:13.249  2576  2913 I NetworkScheduler: ignoring stale queue check message
04-08 01:40:13.251  2576 11142 I NetworkScheduler.Stats: (REDACTED) Task %s/%s started execution. cause:%s exec_start_elapsed_seconds: %s
04-08 01:40:13.305  2576 11005 I DynamiteModule: Considering local module com.google.android.gms.cronet_dynamite:0 and remote module com.google.android.gms.cronet_dynamite:4311
04-08 01:40:13.305  2576 11005 I DynamiteModule: Selected remote version of com.google.android.gms.cronet_dynamite, version >= 4311
04-08 01:40:13.305  2576 11005 W System  : ClassLoader referenced unknown path: 
04-08 01:40:13.306  2576 11005 D nativeloader: Configuring clns-11 for other apk . target_sdk_version=37, uses_libraries=, library_path=/data/app/~~F3q5ugTl_KCdN7ONdfQidQ==/com.google.android.gms-aHS62ia2p6IgZXYguhKChQ==/lib/x86_64:/data/app/~~F3q5ugTl_KCdN7ONdfQidQ==/com.google.android.gms-aHS62ia2p6IgZXYguhKChQ==/base.apk!/lib/x86_64, permitted_path=/data:/mnt/expand:/data/user/0/com.google.android.gms
04-08 01:40:13.322  2576  2576 D BoundBrokerSvc: onRebind: Intent { act=com.google.android.gms.common.telemetry.service.START dat=chimera-action:/... xflg=0x4 cmp=com.google.android.gms/.chimera.PersistentApiService }
04-08 01:40:13.324  2576 11005 D nativeloader: Configuring clns-12 for other apk . target_sdk_version=37, uses_libraries=ALL, library_path=/data/app/~~F3q5ugTl_KCdN7ONdfQidQ==/com.google.android.gms-aHS62ia2p6IgZXYguhKChQ==/split_CronetDynamite_installtime.apk!/lib/x86_64:/data/app/~~F3q5ugTl_KCdN7ONdfQidQ==/com.google.android.gms-aHS62ia2p6IgZXYguhKChQ==/split_CronetDynamite_installtime.apk!/lib/arm64-v8a, permitted_path=/data:/mnt/expand
04-08 01:40:13.329   699   713 D ConnectivityService: requestNetwork for uid/pid:10204/2576 activeRequest: null callbackRequest: 999 [NetworkRequest [ TRACK_DEFAULT id=1000, [ Capabilities: INTERNET&NOT_RESTRICTED&TRUSTED&NOT_VCN_MANAGED&NOT_BANDWIDTH_CONSTRAINED Uid: 10204 RequestorUid: 10204 RequestorPkg: com.google.android.gms UnderlyingNetworks: Null] ], NetworkRequest [ REQUEST id=1001, [ Transports: SATELLITE Capabilities: INTERNET&NOT_RESTRICTED&TRUSTED&NOT_VCN_MANAGED Uid: 10204 RequestorUid: 10204 RequestorPkg: com.google.android.gms UnderlyingNetworks: Null] ]] callback flags: 0 order: 2147483647 isUidTracked: false declaredMethods: AVAIL|LOST|NC|LP
04-08 01:40:13.331   699   713 D CompatChangeReporter: Compat change id reported: 349487600; UID 10204; state: ENABLED
04-08 01:40:13.331   699   852 D ConnectivityService: NetReassign [1000 : null → 101] [c 0] [a 1] [i 0]
04-08 01:40:13.332   699   852 D ConnectivityService: NetReassign [no changes] [c 0] [a 1] [i 0]
04-08 01:40:13.333  2576 11005 D nativeloader: Load /data/app/~~F3q5ugTl_KCdN7ONdfQidQ==/com.google.android.gms-aHS62ia2p6IgZXYguhKChQ==/split_CronetDynamite_installtime.apk!/lib/x86_64/libcronet.145.0.7582.0.so using isolated ns clns-12 (caller=/data/app/~~F3q5ugTl_KCdN7ONdfQidQ==/com.google.android.gms-aHS62ia2p6IgZXYguhKChQ==/split_CronetDynamite_installtime.apk!classes2.dex): ok
04-08 01:40:13.339  2576 11005 I cn_CronetLibraryLoader: Cronet version: 145.0.7582.0, arch: x86_64
04-08 01:40:13.358  2576 11005 D nativeloader: Load /data/app/~~F3q5ugTl_KCdN7ONdfQidQ==/com.google.android.gms-aHS62ia2p6IgZXYguhKChQ==/base.apk!/lib/x86_64/libbrotli_native.so using class loader ns clns-10 (caller=/data/app/~~F3q5ugTl_KCdN7ONdfQidQ==/com.google.android.gms-aHS62ia2p6IgZXYguhKChQ==/base.apk): ok
04-08 01:40:13.445  1065  1210 D SatelliteController: isInCarrierRoamingNbIotNtn: satellite is disabled
04-08 01:40:13.445  1065  1210 D SatelliteController: getCarrierRoamingNtnConnectType: Checking connect type from PLMN config for subId: 1
04-08 01:40:13.445  1065  1210 D SatelliteController: getSatellitePerPlmnConfiguration: invalid subId or not supported via carrier.
04-08 01:40:13.446  1065  1210 D SatelliteController: getCarrierRoamingNtnConnectType: config: null
04-08 01:40:13.446  1065  1210 D SatelliteController: getCarrierRoamingNtnConnectType: Falling back to global carrier config connect type: 0
04-08 01:40:13.446  1065  1210 D SatelliteController: updateLastNotifiedCarrierRoamingNtnSignalStrengthAndNotify(1)
04-08 01:40:13.446  1065  1210 D SatelliteController: updateLastNotifiedCarrierRoamingNtnSignalStrengthAndNotify(1) lastNotifiedSignalStrength level: 0
04-08 01:40:13.446  1065  1210 D SatelliteController: updateLastNotifiedCarrierRoamingNtnSignalStrengthAndNotify(1) currSignalStrength level: 0
04-08 01:40:13.469   512   614 W skia    : AGTM parsing failed flags.readFromStream(s) at 159
04-08 01:40:14.028  2576  2576 D BoundBrokerSvc: onRebind: Intent { act=com.google.android.gms.libs.gmscorelogger.service.START dat=chimera-action:/... xflg=0x4 cmp=com.google.android.gms/.chimera.PersistentDirectBootAwareApiService }
04-08 01:40:14.376   699   846 I HalDevMgr: bestIfaceCreationProposal is null, requestIface=STA, existingIface=[name=wlan0 type=STA]
04-08 01:40:14.569  2576 11005 I NetworkScheduler.Stats: (REDACTED) Task %s/%s finished executing. cause:%s result: %s elapsed_millis: %s uptime_millis: %s exec_start_elapsed_seconds: %s
04-08 01:40:17.381   699   846 I HalDevMgr: bestIfaceCreationProposal is null, requestIface=STA, existingIface=[name=wlan0 type=STA]
04-08 01:40:17.383  1042  1192 D IpClient/wlan0: interfaceLinkStateChanged: ifindex 15 up
04-08 01:40:17.385  1042  1192 D IpClient/wlan0: interfaceLinkStateChanged: ifindex 15 up
04-08 01:40:18.342  2576  2576 D BoundBrokerSvc: onUnbind: Intent { act=com.google.android.gms.common.telemetry.service.START dat=chimera-action:/... xflg=0x4 cmp=com.google.android.gms/.chimera.PersistentApiService }
04-08 01:40:20.385   699   846 I HalDevMgr: bestIfaceCreationProposal is null, requestIface=STA, existingIface=[name=wlan0 type=STA]
04-08 01:40:20.775 29677 29678 I artd    : GetBestInfo: odex next to the dex file (/data/app/~~F3q5ugTl_KCdN7ONdfQidQ==/com.google.android.gms-aHS62ia2p6IgZXYguhKChQ==/oat/x86_64/base.odex) is kOatUpToDate with filter 'speed-profile' executable 'false'
04-08 01:40:20.776 29677 29678 I artd    : GetBestInfo: dm (/data/app/~~F3q5ugTl_KCdN7ONdfQidQ==/com.google.android.gms-aHS62ia2p6IgZXYguhKChQ==/split_AdsDynamite_installtime.dm) is kOatUpToDate with filter 'verify' executable 'false'
04-08 01:40:20.776 29677 29813 I artd    : GetBestInfo: dm (/data/app/~~F3q5ugTl_KCdN7ONdfQidQ==/com.google.android.gms-aHS62ia2p6IgZXYguhKChQ==/split_CronetDynamite_installtime.dm) is kOatUpToDate with filter 'verify' executable 'false'
04-08 01:40:20.777 29677 29679 I artd    : GetBestInfo: dm (/data/app/~~F3q5ugTl_KCdN7ONdfQidQ==/com.google.android.gms-aHS62ia2p6IgZXYguhKChQ==/split_DynamiteLoader_installtime.dm) is kOatUpToDate with filter 'verify' executable 'false'
04-08 01:40:20.778 29677 29813 I artd    : GetBestInfo: dm (/data/app/~~F3q5ugTl_KCdN7ONdfQidQ==/com.google.android.gms-aHS62ia2p6IgZXYguhKChQ==/split_DynamiteModulesA_installtime.dm) is kOatUpToDate with filter 'verify' executable 'false'
04-08 01:40:20.779 29677 29679 I artd    : GetBestInfo: dm (/data/app/~~F3q5ugTl_KCdN7ONdfQidQ==/com.google.android.gms-aHS62ia2p6IgZXYguhKChQ==/split_DynamiteModulesC_installtime.dm) is kOatUpToDate with filter 'verify' executable 'false'
04-08 01:40:20.779 29677 29813 I artd    : GetBestInfo: dm (/data/app/~~F3q5ugTl_KCdN7ONdfQidQ==/com.google.android.gms-aHS62ia2p6IgZXYguhKChQ==/split_GoogleCertificates_installtime.dm) is kOatUpToDate with filter 'verify' executable 'false'
04-08 01:40:20.778 29677 29678 I artd    : GetBestInfo: dm (/data/app/~~F3q5ugTl_KCdN7ONdfQidQ==/com.google.android.gms-aHS62ia2p6IgZXYguhKChQ==/split_MapsDynamite_installtime.dm) is kOatUpToDate with filter 'verify' executable 'false'
04-08 01:40:20.779 29677 29678 I artd    : GetBestInfo: dm (/data/app/~~F3q5ugTl_KCdN7ONdfQidQ==/com.google.android.gms-aHS62ia2p6IgZXYguhKChQ==/split_MeasurementDynamite_installtime.dm) is kOatUpToDate with filter 'verify' executable 'false'
04-08 01:40:20.780 29677 29678 I artd    : GetBestInfo: /data/user_de/0/com.google.android.gms/app_chimera/m/00000008/dl-TfliteDynamiteDynamite.integ_243930802100800.apk has no usable artifacts
04-08 01:40:20.781 29677 29678 I artd    : GetBestInfo: /data/user_de/0/com.google.android.gms/app_chimera/m/0000000c/dl-MlkitBarcodeUi.optional_260235100800.apk has no usable artifacts
04-08 01:40:20.781 29677 29678 I artd    : GetBestInfo: /data/user_de/0/com.google.android.gms/app_chimera/m/00000001/CronetDynamite.apk has no usable artifacts
04-08 01:40:20.782 29677 29678 I artd    : GetBestInfo: /data/user_de/0/com.google.android.gms/app_chimera/m/0000000b/dl-TfliteDynamiteDynamite.integ_252130102100800.apk has no usable artifacts
04-08 01:40:20.782 29677 29678 I artd    : GetBestInfo: /data/user_de/0/com.google.android.gms/app_chimera/m/00000002/DynamiteLoader.apk has no usable artifacts
04-08 01:40:20.783 29677 29678 I artd    : GetBestInfo: /data/user_de/0/com.google.android.gms/app_chimera/m/0000000e/dl-MlkitOcrCommon.optional_260235100800.apk has no usable artifacts
04-08 01:40:20.783 29677 29678 I artd    : GetBestInfo: /data/user_de/0/com.google.android.gms/app_chimera/m/00000005/GoogleCertificates.apk has no usable artifacts
04-08 01:40:20.784 29677 29678 I artd    : GetBestInfo: /data/user_de/0/com.google.android.gms/app_chimera/m/00000015/dl-Appsearch.optional_261133100800.apk has no usable artifacts
04-08 01:40:20.785 29677 29678 I artd    : GetBestInfo: /data/user_de/0/com.google.android.gms/app_chimera/m/00000010/dl-PlayCloudSearch.optional_260235100000.apk has no usable artifacts
04-08 01:40:20.786 29677 29678 I artd    : GetBestInfo: /data/user_de/0/com.google.android.gms/app_chimera/m/00000009/dl-VisionOcr.optional_260235100000.apk has no usable artifacts
04-08 01:40:20.787 29677 29678 I artd    : GetBestInfo: vdex next to the dex file (/data/user/0/com.google.android.gms/app_dg_cache/BB2AE5A47BB198AF36C19CFD2B6407061A1BAF30/oat/x86_64/the.vdex) is kOatUpToDate with filter 'verify' executable 'false'
04-08 01:40:20.788 29677 29678 I artd    : GetBestInfo: /data/user_de/0/com.google.android.gms/app_chimera/m/0000000a/dl-Appsearch.optional_260235100800.apk has no usable artifacts
04-08 01:40:20.788 29677 29678 I artd    : GetBestInfo: /data/user_de/0/com.google.android.gms/app_chimera/m/00000016/dl-MlkitBarcodeUi.optional_261133100800.apk has no usable artifacts
04-08 01:40:20.789 29677 29678 I artd    : GetBestInfo: /data/user_de/0/com.google.android.gms/app_chimera/m/00000011/dl-VisionOcr.optional_261133100000.apk has no usable artifacts
04-08 01:40:20.790 29677 29678 I artd    : GetBestInfo: /data/user_de/0/com.google.android.gms/app_chimera/m/00000013/dl-PlayCloudSearch.optional_261133100000.apk has no usable artifacts
04-08 01:40:20.791 29677 29678 I artd    : GetBestInfo: /data/user_de/0/com.google.android.gms/app_chimera/m/00000007/MeasurementDynamite.apk has no usable artifacts
04-08 01:40:20.792 29677 29678 I artd    : GetBestInfo: /data/user_de/0/com.google.android.gms/app_chimera/m/00000012/dl-MlkitOcrCommon.optional_261133100800.apk has no usable artifacts
04-08 01:40:23.388   699   846 I HalDevMgr: bestIfaceCreationProposal is null, requestIface=STA, existingIface=[name=wlan0 type=STA]
04-08 01:40:23.390  1042  1192 D IpClient/wlan0: interfaceLinkStateChanged: ifindex 15 up
04-08 01:40:23.393  1042  1192 D IpClient/wlan0: interfaceLinkStateChanged: ifindex 15 up
04-08 01:40:23.449  1065  1210 D SatelliteController: isInCarrierRoamingNbIotNtn: satellite is disabled
04-08 01:40:23.449  1065  1210 D SatelliteController: getCarrierRoamingNtnConnectType: Checking connect type from PLMN config for subId: 1
04-08 01:40:23.450  1065  1210 D SatelliteController: getSatellitePerPlmnConfiguration: invalid subId or not supported via carrier.
04-08 01:40:23.450  1065  1210 D SatelliteController: getCarrierRoamingNtnConnectType: config: null
04-08 01:40:23.450  1065  1210 D SatelliteController: getCarrierRoamingNtnConnectType: Falling back to global carrier config connect type: 0
04-08 01:40:23.450  1065  1210 D SatelliteController: updateLastNotifiedCarrierRoamingNtnSignalStrengthAndNotify(1)
04-08 01:40:23.450  1065  1210 D SatelliteController: updateLastNotifiedCarrierRoamingNtnSignalStrengthAndNotify(1) lastNotifiedSignalStrength level: 0
04-08 01:40:23.450  1065  1210 D SatelliteController: updateLastNotifiedCarrierRoamingNtnSignalStrengthAndNotify(1) currSignalStrength level: 0
04-08 01:40:26.393   699   846 I HalDevMgr: bestIfaceCreationProposal is null, requestIface=STA, existingIface=[name=wlan0 type=STA]
04-08 01:40:29.397   699   846 I HalDevMgr: bestIfaceCreationProposal is null, requestIface=STA, existingIface=[name=wlan0 type=STA]
04-08 01:40:29.398  1042  1192 D IpClient/wlan0: interfaceLinkStateChanged: ifindex 15 up
04-08 01:40:29.401  1042  1192 D IpClient/wlan0: interfaceLinkStateChanged: ifindex 15 up
04-08 01:40:30.776 29677 29678 I artd    : GetBestInfo: odex next to the dex file (/data/app/~~F3q5ugTl_KCdN7ONdfQidQ==/com.google.android.gms-aHS62ia2p6IgZXYguhKChQ==/oat/x86_64/base.odex) is kOatUpToDate with filter 'speed-profile' executable 'false'
04-08 01:40:30.777 29677 29678 I artd    : GetBestInfo: dm (/data/app/~~F3q5ugTl_KCdN7ONdfQidQ==/com.google.android.gms-aHS62ia2p6IgZXYguhKChQ==/split_AdsDynamite_installtime.dm) is kOatUpToDate with filter 'verify' executable 'false'
04-08 01:40:30.778 29677 29678 I artd    : GetBestInfo: dm (/data/app/~~F3q5ugTl_KCdN7ONdfQidQ==/com.google.android.gms-aHS62ia2p6IgZXYguhKChQ==/split_CronetDynamite_installtime.dm) is kOatUpToDate with filter 'verify' executable 'false'
04-08 01:40:30.779 29677 29678 I artd    : GetBestInfo: dm (/data/app/~~F3q5ugTl_KCdN7ONdfQidQ==/com.google.android.gms-aHS62ia2p6IgZXYguhKChQ==/split_DynamiteLoader_installtime.dm) is kOatUpToDate with filter 'verify' executable 'false'
04-08 01:40:30.779 29677 29678 I artd    : GetBestInfo: dm (/data/app/~~F3q5ugTl_KCdN7ONdfQidQ==/com.google.android.gms-aHS62ia2p6IgZXYguhKChQ==/split_DynamiteModulesA_installtime.dm) is kOatUpToDate with filter 'verify' executable 'false'
04-08 01:40:30.780 29677 29678 I artd    : GetBestInfo: dm (/data/app/~~F3q5ugTl_KCdN7ONdfQidQ==/com.google.android.gms-aHS62ia2p6IgZXYguhKChQ==/split_DynamiteModulesC_installtime.dm) is kOatUpToDate with filter 'verify' executable 'false'
04-08 01:40:30.781 29677 29678 I artd    : GetBestInfo: dm (/data/app/~~F3q5ugTl_KCdN7ONdfQidQ==/com.google.android.gms-aHS62ia2p6IgZXYguhKChQ==/split_GoogleCertificates_installtime.dm) is kOatUpToDate with filter 'verify' executable 'false'
04-08 01:40:30.782 29677 29678 I artd    : GetBestInfo: dm (/data/app/~~F3q5ugTl_KCdN7ONdfQidQ==/com.google.android.gms-aHS62ia2p6IgZXYguhKChQ==/split_MapsDynamite_installtime.dm) is kOatUpToDate with filter 'verify' executable 'false'
04-08 01:40:30.783 29677 29678 I artd    : GetBestInfo: dm (/data/app/~~F3q5ugTl_KCdN7ONdfQidQ==/com.google.android.gms-aHS62ia2p6IgZXYguhKChQ==/split_MeasurementDynamite_installtime.dm) is kOatUpToDate with filter 'verify' executable 'false'
04-08 01:40:30.784 29677 29678 I artd    : GetBestInfo: /data/user_de/0/com.google.android.gms/app_chimera/m/00000008/dl-TfliteDynamiteDynamite.integ_243930802100800.apk has no usable artifacts
04-08 01:40:30.785 29677 29678 I artd    : GetBestInfo: /data/user_de/0/com.google.android.gms/app_chimera/m/0000000c/dl-MlkitBarcodeUi.optional_260235100800.apk has no usable artifacts
04-08 01:40:30.785 29677 29678 I artd    : GetBestInfo: /data/user_de/0/com.google.android.gms/app_chimera/m/00000001/CronetDynamite.apk has no usable artifacts
04-08 01:40:30.786 29677 29678 I artd    : GetBestInfo: /data/user_de/0/com.google.android.gms/app_chimera/m/0000000b/dl-TfliteDynamiteDynamite.integ_252130102100800.apk has no usable artifacts
04-08 01:40:30.787 29677 29678 I artd    : GetBestInfo: /data/user_de/0/com.google.android.gms/app_chimera/m/00000002/DynamiteLoader.apk has no usable artifacts
04-08 01:40:30.788 29677 29678 I artd    : GetBestInfo: /data/user_de/0/com.google.android.gms/app_chimera/m/0000000e/dl-MlkitOcrCommon.optional_260235100800.apk has no usable artifacts
04-08 01:40:30.788 29677 29678 I artd    : GetBestInfo: /data/user_de/0/com.google.android.gms/app_chimera/m/00000005/GoogleCertificates.apk has no usable artifacts
04-08 01:40:30.789 29677 29678 I artd    : GetBestInfo: /data/user_de/0/com.google.android.gms/app_chimera/m/00000015/dl-Appsearch.optional_261133100800.apk has no usable artifacts
04-08 01:40:30.790 29677 29678 I artd    : GetBestInfo: /data/user_de/0/com.google.android.gms/app_chimera/m/00000010/dl-PlayCloudSearch.optional_260235100000.apk has no usable artifacts
04-08 01:40:30.791 29677 29678 I artd    : GetBestInfo: /data/user_de/0/com.google.android.gms/app_chimera/m/00000009/dl-VisionOcr.optional_260235100000.apk has no usable artifacts
04-08 01:40:30.791 29677 29678 I artd    : GetBestInfo: vdex next to the dex file (/data/user/0/com.google.android.gms/app_dg_cache/BB2AE5A47BB198AF36C19CFD2B6407061A1BAF30/oat/x86_64/the.vdex) is kOatUpToDate with filter 'verify' executable 'false'
04-08 01:40:30.792 29677 29678 I artd    : GetBestInfo: /data/user_de/0/com.google.android.gms/app_chimera/m/0000000a/dl-Appsearch.optional_260235100800.apk has no usable artifacts
04-08 01:40:30.793 29677 29678 I artd    : GetBestInfo: /data/user_de/0/com.google.android.gms/app_chimera/m/00000016/dl-MlkitBarcodeUi.optional_261133100800.apk has no usable artifacts
04-08 01:40:30.794 29677 29678 I artd    : GetBestInfo: /data/user_de/0/com.google.android.gms/app_chimera/m/00000011/dl-VisionOcr.optional_261133100000.apk has no usable artifacts
04-08 01:40:30.794 29677 29678 I artd    : GetBestInfo: /data/user_de/0/com.google.android.gms/app_chimera/m/00000013/dl-PlayCloudSearch.optional_261133100000.apk has no usable artifacts
04-08 01:40:30.795 29677 29678 I artd    : GetBestInfo: /data/user_de/0/com.google.android.gms/app_chimera/m/00000007/MeasurementDynamite.apk has no usable artifacts
04-08 01:40:30.796 29677 29678 I artd    : GetBestInfo: /data/user_de/0/com.google.android.gms/app_chimera/m/00000012/dl-MlkitOcrCommon.optional_261133100800.apk has no usable artifacts
04-08 01:40:32.401   699   846 I HalDevMgr: bestIfaceCreationProposal is null, requestIface=STA, existingIface=[name=wlan0 type=STA]
04-08 01:40:33.448  1065  1210 D SatelliteController: isInCarrierRoamingNbIotNtn: satellite is disabled
04-08 01:40:33.448  1065  1210 D SatelliteController: getCarrierRoamingNtnConnectType: Checking connect type from PLMN config for subId: 1
04-08 01:40:33.449  1065  1210 D SatelliteController: getSatellitePerPlmnConfiguration: invalid subId or not supported via carrier.
04-08 01:40:33.449  1065  1210 D SatelliteController: getCarrierRoamingNtnConnectType: config: null
04-08 01:40:33.449  1065  1210 D SatelliteController: getCarrierRoamingNtnConnectType: Falling back to global carrier config connect type: 0
04-08 01:40:33.449  1065  1210 D SatelliteController: updateLastNotifiedCarrierRoamingNtnSignalStrengthAndNotify(1)
04-08 01:40:33.449  1065  1210 D SatelliteController: updateLastNotifiedCarrierRoamingNtnSignalStrengthAndNotify(1) lastNotifiedSignalStrength level: 0
04-08 01:40:33.449  1065  1210 D SatelliteController: updateLastNotifiedCarrierRoamingNtnSignalStrengthAndNotify(1) currSignalStrength level: 0
04-08 01:40:33.487   512   614 W skia    : AGTM parsing failed flags.readFromStream(s) at 159
04-08 01:40:35.406   699   846 I HalDevMgr: bestIfaceCreationProposal is null, requestIface=STA, existingIface=[name=wlan0 type=STA]
04-08 01:40:38.410   699   846 I HalDevMgr: bestIfaceCreationProposal is null, requestIface=STA, existingIface=[name=wlan0 type=STA]
04-08 01:40:39.063  2576  2576 D BoundBrokerSvc: onUnbind: Intent { act=com.google.android.gms.libs.gmscorelogger.service.START dat=chimera-action:/... xflg=0x4 cmp=com.google.android.gms/.chimera.PersistentDirectBootAwareApiService }
04-08 01:40:40.781 29677 29678 I artd    : GetBestInfo: odex next to the dex file (/data/app/~~F3q5ugTl_KCdN7ONdfQidQ==/com.google.android.gms-aHS62ia2p6IgZXYguhKChQ==/oat/x86_64/base.odex) is kOatUpToDate with filter 'speed-profile' executable 'false'
04-08 01:40:40.782 29677 29678 I artd    : GetBestInfo: dm (/data/app/~~F3q5ugTl_KCdN7ONdfQidQ==/com.google.android.gms-aHS62ia2p6IgZXYguhKChQ==/split_AdsDynamite_installtime.dm) is kOatUpToDate with filter 'verify' executable 'false'
04-08 01:40:40.783 29677 29678 I artd    : GetBestInfo: dm (/data/app/~~F3q5ugTl_KCdN7ONdfQidQ==/com.google.android.gms-aHS62ia2p6IgZXYguhKChQ==/split_CronetDynamite_installtime.dm) is kOatUpToDate with filter 'verify' executable 'false'
04-08 01:40:40.784 29677 29678 I artd    : GetBestInfo: dm (/data/app/~~F3q5ugTl_KCdN7ONdfQidQ==/com.google.android.gms-aHS62ia2p6IgZXYguhKChQ==/split_DynamiteLoader_installtime.dm) is kOatUpToDate with filter 'verify' executable 'false'
04-08 01:40:40.785 29677 29678 I artd    : GetBestInfo: dm (/data/app/~~F3q5ugTl_KCdN7ONdfQidQ==/com.google.android.gms-aHS62ia2p6IgZXYguhKChQ==/split_DynamiteModulesA_installtime.dm) is kOatUpToDate with filter 'verify' executable 'false'
04-08 01:40:40.786 29677 29678 I artd    : GetBestInfo: dm (/data/app/~~F3q5ugTl_KCdN7ONdfQidQ==/com.google.android.gms-aHS62ia2p6IgZXYguhKChQ==/split_DynamiteModulesC_installtime.dm) is kOatUpToDate with filter 'verify' executable 'false'
04-08 01:40:40.786 29677 29678 I artd    : GetBestInfo: dm (/data/app/~~F3q5ugTl_KCdN7ONdfQidQ==/com.google.android.gms-aHS62ia2p6IgZXYguhKChQ==/split_GoogleCertificates_installtime.dm) is kOatUpToDate with filter 'verify' executable 'false'
04-08 01:40:40.787 29677 29678 I artd    : GetBestInfo: dm (/data/app/~~F3q5ugTl_KCdN7ONdfQidQ==/com.google.android.gms-aHS62ia2p6IgZXYguhKChQ==/split_MapsDynamite_installtime.dm) is kOatUpToDate with filter 'verify' executable 'false'
04-08 01:40:40.788 29677 29678 I artd    : GetBestInfo: dm (/data/app/~~F3q5ugTl_KCdN7ONdfQidQ==/com.google.android.gms-aHS62ia2p6IgZXYguhKChQ==/split_MeasurementDynamite_installtime.dm) is kOatUpToDate with filter 'verify' executable 'false'
04-08 01:40:40.789 29677 29678 I artd    : GetBestInfo: /data/user_de/0/com.google.android.gms/app_chimera/m/00000008/dl-TfliteDynamiteDynamite.integ_243930802100800.apk has no usable artifacts
04-08 01:40:40.790 29677 29678 I artd    : GetBestInfo: /data/user_de/0/com.google.android.gms/app_chimera/m/0000000c/dl-MlkitBarcodeUi.optional_260235100800.apk has no usable artifacts
04-08 01:40:40.790 29677 29678 I artd    : GetBestInfo: /data/user_de/0/com.google.android.gms/app_chimera/m/00000001/CronetDynamite.apk has no usable artifacts
04-08 01:40:40.791 29677 29678 I artd    : GetBestInfo: /data/user_de/0/com.google.android.gms/app_chimera/m/0000000b/dl-TfliteDynamiteDynamite.integ_252130102100800.apk has no usable artifacts
04-08 01:40:40.791 29677 29678 I artd    : GetBestInfo: /data/user_de/0/com.google.android.gms/app_chimera/m/00000002/DynamiteLoader.apk has no usable artifacts
04-08 01:40:40.792 29677 29678 I artd    : GetBestInfo: /data/user_de/0/com.google.android.gms/app_chimera/m/0000000e/dl-MlkitOcrCommon.optional_260235100800.apk has no usable artifacts
04-08 01:40:40.792 29677 29678 I artd    : GetBestInfo: /data/user_de/0/com.google.android.gms/app_chimera/m/00000005/GoogleCertificates.apk has no usable artifacts
04-08 01:40:40.793 29677 29678 I artd    : GetBestInfo: /data/user_de/0/com.google.android.gms/app_chimera/m/00000015/dl-Appsearch.optional_261133100800.apk has no usable artifacts
04-08 01:40:40.794 29677 29678 I artd    : GetBestInfo: /data/user_de/0/com.google.android.gms/app_chimera/m/00000010/dl-PlayCloudSearch.optional_260235100000.apk has no usable artifacts
04-08 01:40:40.795 29677 29678 I artd    : GetBestInfo: /data/user_de/0/com.google.android.gms/app_chimera/m/00000009/dl-VisionOcr.optional_260235100000.apk has no usable artifacts
04-08 01:40:40.796 29677 29678 I artd    : GetBestInfo: vdex next to the dex file (/data/user/0/com.google.android.gms/app_dg_cache/BB2AE5A47BB198AF36C19CFD2B6407061A1BAF30/oat/x86_64/the.vdex) is kOatUpToDate with filter 'verify' executable 'false'
04-08 01:40:40.797 29677 29678 I artd    : GetBestInfo: /data/user_de/0/com.google.android.gms/app_chimera/m/0000000a/dl-Appsearch.optional_260235100800.apk has no usable artifacts
04-08 01:40:40.797 29677 29678 I artd    : GetBestInfo: /data/user_de/0/com.google.android.gms/app_chimera/m/00000016/dl-MlkitBarcodeUi.optional_261133100800.apk has no usable artifacts
04-08 01:40:40.799 29677 29678 I artd    : GetBestInfo: /data/user_de/0/com.google.android.gms/app_chimera/m/00000011/dl-VisionOcr.optional_261133100000.apk has no usable artifacts
04-08 01:40:40.799 29677 29678 I artd    : GetBestInfo: /data/user_de/0/com.google.android.gms/app_chimera/m/00000013/dl-PlayCloudSearch.optional_261133100000.apk has no usable artifacts
04-08 01:40:40.800 29677 29678 I artd    : GetBestInfo: /data/user_de/0/com.google.android.gms/app_chimera/m/00000007/MeasurementDynamite.apk has no usable artifacts
04-08 01:40:40.800 29677 29678 I artd    : GetBestInfo: /data/user_de/0/com.google.android.gms/app_chimera/m/00000012/dl-MlkitOcrCommon.optional_261133100800.apk has no usable artifacts
04-08 01:40:41.412   699   846 I HalDevMgr: bestIfaceCreationProposal is null, requestIface=STA, existingIface=[name=wlan0 type=STA]
04-08 01:40:43.449  1065  1210 D SatelliteController: isInCarrierRoamingNbIotNtn: satellite is disabled
04-08 01:40:43.449  1065  1210 D SatelliteController: getCarrierRoamingNtnConnectType: Checking connect type from PLMN config for subId: 1
04-08 01:40:43.449  1065  1210 D SatelliteController: getSatellitePerPlmnConfiguration: invalid subId or not supported via carrier.
04-08 01:40:43.449  1065  1210 D SatelliteController: getCarrierRoamingNtnConnectType: config: null
04-08 01:40:43.449  1065  1210 D SatelliteController: getCarrierRoamingNtnConnectType: Falling back to global carrier config connect type: 0
04-08 01:40:43.449  1065  1210 D SatelliteController: updateLastNotifiedCarrierRoamingNtnSignalStrengthAndNotify(1)
04-08 01:40:43.449  1065  1210 D SatelliteController: updateLastNotifiedCarrierRoamingNtnSignalStrengthAndNotify(1) lastNotifiedSignalStrength level: 0
04-08 01:40:43.449  1065  1210 D SatelliteController: updateLastNotifiedCarrierRoamingNtnSignalStrengthAndNotify(1) currSignalStrength level: 0
04-08 01:40:44.412   699   846 I HalDevMgr: bestIfaceCreationProposal is null, requestIface=STA, existingIface=[name=wlan0 type=STA]
04-08 01:40:47.417   699   846 I HalDevMgr: bestIfaceCreationProposal is null, requestIface=STA, existingIface=[name=wlan0 type=STA]
04-08 01:40:50.422   699   846 I HalDevMgr: bestIfaceCreationProposal is null, requestIface=STA, existingIface=[name=wlan0 type=STA]
04-08 01:40:50.767 29677 29813 I artd    : GetBestInfo: odex next to the dex file (/data/app/~~F3q5ugTl_KCdN7ONdfQidQ==/com.google.android.gms-aHS62ia2p6IgZXYguhKChQ==/oat/x86_64/base.odex) is kOatUpToDate with filter 'speed-profile' executable 'false'
04-08 01:40:50.768 29677 29813 I artd    : GetBestInfo: dm (/data/app/~~F3q5ugTl_KCdN7ONdfQidQ==/com.google.android.gms-aHS62ia2p6IgZXYguhKChQ==/split_AdsDynamite_installtime.dm) is kOatUpToDate with filter 'verify' executable 'false'
04-08 01:40:50.769 29677 29813 I artd    : GetBestInfo: dm (/data/app/~~F3q5ugTl_KCdN7ONdfQidQ==/com.google.android.gms-aHS62ia2p6IgZXYguhKChQ==/split_CronetDynamite_installtime.dm) is kOatUpToDate with filter 'verify' executable 'false'
04-08 01:40:50.770 29677 29813 I artd    : GetBestInfo: dm (/data/app/~~F3q5ugTl_KCdN7ONdfQidQ==/com.google.android.gms-aHS62ia2p6IgZXYguhKChQ==/split_DynamiteLoader_installtime.dm) is kOatUpToDate with filter 'verify' executable 'false'
04-08 01:40:50.771 29677 29813 I artd    : GetBestInfo: dm (/data/app/~~F3q5ugTl_KCdN7ONdfQidQ==/com.google.android.gms-aHS62ia2p6IgZXYguhKChQ==/split_DynamiteModulesA_installtime.dm) is kOatUpToDate with filter 'verify' executable 'false'
04-08 01:40:50.772 29677 29813 I artd    : GetBestInfo: dm (/data/app/~~F3q5ugTl_KCdN7ONdfQidQ==/com.google.android.gms-aHS62ia2p6IgZXYguhKChQ==/split_DynamiteModulesC_installtime.dm) is kOatUpToDate with filter 'verify' executable 'false'
04-08 01:40:50.772 29677 29813 I artd    : GetBestInfo: dm (/data/app/~~F3q5ugTl_KCdN7ONdfQidQ==/com.google.android.gms-aHS62ia2p6IgZXYguhKChQ==/split_GoogleCertificates_installtime.dm) is kOatUpToDate with filter 'verify' executable 'false'
04-08 01:40:50.773 29677 29813 I artd    : GetBestInfo: dm (/data/app/~~F3q5ugTl_KCdN7ONdfQidQ==/com.google.android.gms-aHS62ia2p6IgZXYguhKChQ==/split_MapsDynamite_installtime.dm) is kOatUpToDate with filter 'verify' executable 'false'
04-08 01:40:50.774 29677 29813 I artd    : GetBestInfo: dm (/data/app/~~F3q5ugTl_KCdN7ONdfQidQ==/com.google.android.gms-aHS62ia2p6IgZXYguhKChQ==/split_MeasurementDynamite_installtime.dm) is kOatUpToDate with filter 'verify' executable 'false'
04-08 01:40:50.775 29677 29813 I artd    : GetBestInfo: /data/user_de/0/com.google.android.gms/app_chimera/m/00000008/dl-TfliteDynamiteDynamite.integ_243930802100800.apk has no usable artifacts
04-08 01:40:50.776 29677 29813 I artd    : GetBestInfo: /data/user_de/0/com.google.android.gms/app_chimera/m/0000000c/dl-MlkitBarcodeUi.optional_260235100800.apk has no usable artifacts
04-08 01:40:50.776 29677 29813 I artd    : GetBestInfo: /data/user_de/0/com.google.android.gms/app_chimera/m/00000001/CronetDynamite.apk has no usable artifacts
04-08 01:40:50.777 29677 29813 I artd    : GetBestInfo: /data/user_de/0/com.google.android.gms/app_chimera/m/0000000b/dl-TfliteDynamiteDynamite.integ_252130102100800.apk has no usable artifacts
04-08 01:40:50.778 29677 29813 I artd    : GetBestInfo: /data/user_de/0/com.google.android.gms/app_chimera/m/00000002/DynamiteLoader.apk has no usable artifacts
04-08 01:40:50.778 29677 29813 I artd    : GetBestInfo: /data/user_de/0/com.google.android.gms/app_chimera/m/0000000e/dl-MlkitOcrCommon.optional_260235100800.apk has no usable artifacts
04-08 01:40:50.779 29677 29813 I artd    : GetBestInfo: /data/user_de/0/com.google.android.gms/app_chimera/m/00000005/GoogleCertificates.apk has no usable artifacts
04-08 01:40:50.780 29677 29813 I artd    : GetBestInfo: /data/user_de/0/com.google.android.gms/app_chimera/m/00000015/dl-Appsearch.optional_261133100800.apk has no usable artifacts
04-08 01:40:50.781 29677 29813 I artd    : GetBestInfo: /data/user_de/0/com.google.android.gms/app_chimera/m/00000010/dl-PlayCloudSearch.optional_260235100000.apk has no usable artifacts
04-08 01:40:50.782 29677 29813 I artd    : GetBestInfo: /data/user_de/0/com.google.android.gms/app_chimera/m/00000009/dl-VisionOcr.optional_260235100000.apk has no usable artifacts
04-08 01:40:50.783 29677 29813 I artd    : GetBestInfo: vdex next to the dex file (/data/user/0/com.google.android.gms/app_dg_cache/BB2AE5A47BB198AF36C19CFD2B6407061A1BAF30/oat/x86_64/the.vdex) is kOatUpToDate with filter 'verify' executable 'false'
04-08 01:40:50.784 29677 29813 I artd    : GetBestInfo: /data/user_de/0/com.google.android.gms/app_chimera/m/0000000a/dl-Appsearch.optional_260235100800.apk has no usable artifacts
04-08 01:40:50.785 29677 29813 I artd    : GetBestInfo: /data/user_de/0/com.google.android.gms/app_chimera/m/00000016/dl-MlkitBarcodeUi.optional_261133100800.apk has no usable artifacts
04-08 01:40:50.786 29677 29813 I artd    : GetBestInfo: /data/user_de/0/com.google.android.gms/app_chimera/m/00000011/dl-VisionOcr.optional_261133100000.apk has no usable artifacts
04-08 01:40:50.787 29677 29813 I artd    : GetBestInfo: /data/user_de/0/com.google.android.gms/app_chimera/m/00000013/dl-PlayCloudSearch.optional_261133100000.apk has no usable artifacts
04-08 01:40:50.788 29677 29813 I artd    : GetBestInfo: /data/user_de/0/com.google.android.gms/app_chimera/m/00000007/MeasurementDynamite.apk has no usable artifacts
04-08 01:40:50.789 29677 29813 I artd    : GetBestInfo: /data/user_de/0/com.google.android.gms/app_chimera/m/00000012/dl-MlkitOcrCommon.optional_261133100800.apk has no usable artifacts
04-08 01:40:53.425   699   846 I HalDevMgr: bestIfaceCreationProposal is null, requestIface=STA, existingIface=[name=wlan0 type=STA]
04-08 01:40:53.449  1065  1210 D SatelliteController: isInCarrierRoamingNbIotNtn: satellite is disabled
04-08 01:40:53.449  1065  1210 D SatelliteController: getCarrierRoamingNtnConnectType: Checking connect type from PLMN config for subId: 1
04-08 01:40:53.449  1065  1210 D SatelliteController: getSatellitePerPlmnConfiguration: invalid subId or not supported via carrier.
04-08 01:40:53.449  1065  1210 D SatelliteController: getCarrierRoamingNtnConnectType: config: null
04-08 01:40:53.449  1065  1210 D SatelliteController: getCarrierRoamingNtnConnectType: Falling back to global carrier config connect type: 0
04-08 01:40:53.449  1065  1210 D SatelliteController: updateLastNotifiedCarrierRoamingNtnSignalStrengthAndNotify(1)
04-08 01:40:53.449  1065  1210 D SatelliteController: updateLastNotifiedCarrierRoamingNtnSignalStrengthAndNotify(1) lastNotifiedSignalStrength level: 0
04-08 01:40:53.449  1065  1210 D SatelliteController: updateLastNotifiedCarrierRoamingNtnSignalStrengthAndNotify(1) currSignalStrength level: 0
04-08 01:40:56.430   699   846 I HalDevMgr: bestIfaceCreationProposal is null, requestIface=STA, existingIface=[name=wlan0 type=STA]
04-08 01:40:59.436   699   846 I HalDevMgr: bestIfaceCreationProposal is null, requestIface=STA, existingIface=[name=wlan0 type=STA]
04-08 01:41:00.036   512   614 W skia    : AGTM parsing failed flags.readFromStream(s) at 159
04-08 01:41:00.786 29677 29813 I artd    : GetBestInfo: odex next to the dex file (/data/app/~~F3q5ugTl_KCdN7ONdfQidQ==/com.google.android.gms-aHS62ia2p6IgZXYguhKChQ==/oat/x86_64/base.odex) is kOatUpToDate with filter 'speed-profile' executable 'false'
04-08 01:41:00.785 29677 29678 I artd    : GetBestInfo: dm (/data/app/~~F3q5ugTl_KCdN7ONdfQidQ==/com.google.android.gms-aHS62ia2p6IgZXYguhKChQ==/split_AdsDynamite_installtime.dm) is kOatUpToDate with filter 'verify' executable 'false'
04-08 01:41:00.786 29677 29678 I artd    : GetBestInfo: dm (/data/app/~~F3q5ugTl_KCdN7ONdfQidQ==/com.google.android.gms-aHS62ia2p6IgZXYguhKChQ==/split_CronetDynamite_installtime.dm) is kOatUpToDate with filter 'verify' executable 'false'
04-08 01:41:00.787 29677 29678 I artd    : GetBestInfo: dm (/data/app/~~F3q5ugTl_KCdN7ONdfQidQ==/com.google.android.gms-aHS62ia2p6IgZXYguhKChQ==/split_DynamiteLoader_installtime.dm) is kOatUpToDate with filter 'verify' executable 'false'
04-08 01:41:00.787 29677 29678 I artd    : GetBestInfo: dm (/data/app/~~F3q5ugTl_KCdN7ONdfQidQ==/com.google.android.gms-aHS62ia2p6IgZXYguhKChQ==/split_DynamiteModulesA_installtime.dm) is kOatUpToDate with filter 'verify' executable 'false'
04-08 01:41:00.788 29677 29678 I artd    : GetBestInfo: dm (/data/app/~~F3q5ugTl_KCdN7ONdfQidQ==/com.google.android.gms-aHS62ia2p6IgZXYguhKChQ==/split_DynamiteModulesC_installtime.dm) is kOatUpToDate with filter 'verify' executable 'false'
